Component: ARM Compiler 5.06 update 6 (build 750) Tool: armlink [4d35ed]

==============================================================================

Section Cross References

    startup_stm32f042x6.o(RESET) refers to startup_stm32f042x6.o(STACK) for __initial_sp
    startup_stm32f042x6.o(RESET) refers to startup_stm32f042x6.o(.text) for Reset_Handler
    startup_stm32f042x6.o(RESET) refers to stm32f0xx_it.o(i.NMI_Handler) for NMI_Handler
    startup_stm32f042x6.o(RESET) refers to stm32f0xx_it.o(i.HardFault_Handler) for HardFault_Handler
    startup_stm32f042x6.o(RESET) refers to stm32f0xx_it.o(i.SVC_Handler) for SVC_Handler
    startup_stm32f042x6.o(RESET) refers to stm32f0xx_it.o(i.PendSV_Handler) for PendSV_Handler
    startup_stm32f042x6.o(RESET) refers to stm32f0xx_it.o(i.SysTick_Handler) for SysTick_Handler
    startup_stm32f042x6.o(RESET) refers to stm32f0xx_it.o(i.DMA1_Channel1_IRQHandler) for DMA1_Channel1_IRQHandler
    startup_stm32f042x6.o(RESET) refers to stm32f0xx_it.o(i.TIM14_IRQHandler) for TIM14_IRQHandler
    startup_stm32f042x6.o(RESET) refers to stm32f0xx_it.o(i.USB_IRQHandler) for USB_IRQHandler
    startup_stm32f042x6.o(.text) refers to startup_stm32f042x6.o(STACK) for __initial_sp
    startup_stm32f042x6.o(.text) refers to system_stm32f0xx.o(i.SystemInit) for SystemInit
    startup_stm32f042x6.o(.text) refers to entry.o(.ARM.Collect$$$$00000000) for __main
    main.o(i.AddToSendBuffer) refers to main.o(i.WinkeyPortWrite) for WinkeyPortWrite
    main.o(i.AddToSendBuffer) refers to main.o(.data) for .data
    main.o(i.AddToSendBuffer) refers to main.o(.bss) for .bss
    main.o(i.CheckDashPaddle) refers to stm32f0xx_hal_gpio.o(i.HAL_GPIO_ReadPin) for HAL_GPIO_ReadPin
    main.o(i.CheckDashPaddle) refers to main.o(i.ClearSendBuffer) for ClearSendBuffer
    main.o(i.CheckDashPaddle) refers to main.o(.bss) for .bss
    main.o(i.CheckDashPaddle) refers to main.o(.data) for .data
    main.o(i.CheckDotPaddle) refers to stm32f0xx_hal_gpio.o(i.HAL_GPIO_ReadPin) for HAL_GPIO_ReadPin
    main.o(i.CheckDotPaddle) refers to main.o(i.ClearSendBuffer) for ClearSendBuffer
    main.o(i.CheckDotPaddle) refers to main.o(.bss) for .bss
    main.o(i.CheckDotPaddle) refers to main.o(.data) for .data
    main.o(i.CheckPaddles) refers to main.o(i.CheckDotPaddle) for CheckDotPaddle
    main.o(i.CheckPaddles) refers to main.o(i.CheckDashPaddle) for CheckDashPaddle
    main.o(i.CheckPaddles) refers to main.o(i.__ARM_common_switch8) for __ARM_common_switch8
    main.o(i.CheckPaddles) refers to main.o(.data) for .data
    main.o(i.CheckPaddles) refers to main.o(.bss) for .bss
    main.o(i.CheckPotentiometer) refers to stm32f0xx_hal.o(i.HAL_GetTick) for HAL_GetTick
    main.o(i.CheckPotentiometer) refers to main.o(i.PotValueWPM) for PotValueWPM
    main.o(i.CheckPotentiometer) refers to main.o(i.SpeedSet) for SpeedSet
    main.o(i.CheckPotentiometer) refers to main.o(i.WinkeyPortWrite) for WinkeyPortWrite
    main.o(i.CheckPotentiometer) refers to main.o(.bss) for .bss
    main.o(i.CheckPotentiometer) refers to main.o(.data) for .data
    main.o(i.CheckPttTail) refers to stm32f0xx_hal_gpio.o(i.HAL_GPIO_ReadPin) for HAL_GPIO_ReadPin
    main.o(i.CheckPttTail) refers to main.o(i.PttUnkey) for PttUnkey
    main.o(i.CheckPttTail) refers to stm32f0xx_hal.o(i.HAL_GetTick) for HAL_GetTick
    main.o(i.CheckPttTail) refers to main.o(i.PttKey) for PttKey
    main.o(i.CheckPttTail) refers to uidiv.o(.text) for __aeabi_uidivmod
    main.o(i.CheckPttTail) refers to main.o(.data) for .data
    main.o(i.CheckPttTail) refers to main.o(.bss) for .bss
    main.o(i.CheckSequencerTailTime) refers to stm32f0xx_hal.o(i.HAL_GetTick) for HAL_GetTick
    main.o(i.CheckSequencerTailTime) refers to main.o(i.SetCh) for SetCh
    main.o(i.CheckSequencerTailTime) refers to main.o(.data) for .data
    main.o(i.CheckSequencerTailTime) refers to main.o(.bss) for .bss
    main.o(i.ClearSendBuffer) refers to main.o(.data) for .data
    main.o(i.DisplaySettings) refers to printf3.o(i.__0snprintf$3) for __2snprintf
    main.o(i.DisplaySettings) refers to commands.o(i.USB_print) for USB_print
    main.o(i.DisplaySettings) refers to uidiv.o(.text) for __aeabi_uidivmod
    main.o(i.DisplaySettings) refers to main.o(i.__ARM_common_switch8) for __ARM_common_switch8
    main.o(i.DisplaySettings) refers to main.o(.bss) for .bss
    main.o(i.HAL_ADC_ConvCpltCallback) refers to stm32f0xx_hal_adc.o(i.HAL_ADC_Stop_DMA) for HAL_ADC_Stop_DMA
    main.o(i.HAL_ADC_ConvCpltCallback) refers to main.o(.bss) for .bss
    main.o(i.HAL_ADC_ConvCpltCallback) refers to main.o(.data) for .data
    main.o(i.HAL_TIM_PeriodElapsedCallback) refers to main.o(.data) for .data
    main.o(i.LoopElementLengths) refers to uidiv.o(.text) for __aeabi_uidivmod
    main.o(i.LoopElementLengths) refers to ffltui.o(.text) for __aeabi_ui2f
    main.o(i.LoopElementLengths) refers to fmul.o(.text) for __aeabi_fmul
[...]
    i.cmd_chhead                             0x08006734   Section        0  commands.o(i.cmd_chhead)
    cmd_chhead                               0x08006735   Thumb Code   100  commands.o(i.cmd_chhead)
    i.cmd_chrev                              0x080067b4   Section        0  commands.o(i.cmd_chrev)
    cmd_chrev                                0x080067b5   Thumb Code   104  commands.o(i.cmd_chrev)
    i.cmd_chtail                             0x0800683c   Section        0  commands.o(i.cmd_chtail)
    cmd_chtail                               0x0800683d   Thumb Code    92  commands.o(i.cmd_chtail)
    i.cmd_cwrev                              0x080068b4   Section        0  commands.o(i.cmd_cwrev)
    cmd_cwrev                                0x080068b5   Thumb Code    66  commands.o(i.cmd_cwrev)
    i.cmd_keymode                            0x08006918   Section        0  commands.o(i.cmd_keymode)
    cmd_keymode                              0x08006919   Thumb Code   172  commands.o(i.cmd_keymode)
    i.cmd_keyreverse                         0x08006a28   Section        0  commands.o(i.cmd_keyreverse)
    cmd_keyreverse                           0x08006a29   Thumb Code    64  commands.o(i.cmd_keyreverse)
    i.convert_cw_number_to_ascii             0x08006a90   Section        0  main.o(i.convert_cw_number_to_ascii)
    i.main                                   0x08006de8   Section        0  main.o(i.main)
    i.map                                    0x08006fec   Section        0  main.o(i.map)
    i.strupr                                 0x08007004   Section        0  commands.o(i.strupr)
    .constdata                               0x0800701e   Section      364  main.o(.constdata)
    morse_keys                               0x0800701e   Data         364  main.o(.constdata)
    .constdata                               0x0800718c   Section       88  commands.o(.constdata)
    .constdata                               0x080071e4   Section       16  system_stm32f0xx.o(.constdata)
    .constdata                               0x080071f4   Section      129  ctype_o.o(.constdata)
    .constdata                               0x08007278   Section        4  ctype_o.o(.constdata)
    table                                    0x08007278   Data           4  ctype_o.o(.constdata)
    .conststring                             0x0800727c   Section      216  commands.o(.conststring)
    .ARM.__AT_0x08007C00                     0x08007c00   Section       44  main.o(.ARM.__AT_0x08007C00)
    .data                                    0x20000000   Section      136  main.o(.data)
    winkey_status                            0x20000010   Data           1  main.o(.data)
    winkey_paddle_echo_space_sent            0x20000011   Data           1  main.o(.data)
    last_closure                             0x20000012   Data           1  main.o(.data)
    bug_dah_flag                             0x20000013   Data           1  main.o(.data)
    timed_command_in_progress                0x20000014   Data           1  main.o(.data)
    last_pot_read                            0x2000001a   Data           2  main.o(.data)
    return_value                             0x2000001c   Data           2  main.o(.data)
    winkey_parmcount                         0x20000040   Data           4  main.o(.data)
    winkey_last_activity                     0x20000044   Data           4  main.o(.data)
    timed_command_end_time                   0x20000048   Data           4  main.o(.data)
    adc_tik                                  0x2000004c   Data           4  main.o(.data)
    last_pot_check_time                      0x20000050   Data           4  main.o(.data)
    .data                                    0x20000088   Section       28  usbd_desc.o(.data)
    .data                                    0x200000a4   Section       50  usbd_desc.o(.data)
    .data                                    0x200000d8   Section       16  usbd_cdc_if.o(.data)
    .data                                    0x200000e8   Section        2  usbd_cdc_if.o(.data)
    .data                                    0x200000ec   Section        4  commands.o(.data)
    .data                                    0x200000f0   Section        4  stm32f0xx_hal.o(.data)
    .data                                    0x200000f4   Section        4  system_stm32f0xx.o(.data)
    .data                                    0x200000f8   Section        1  usbd_ctlreq.o(.data)
    cfgidx                                   0x200000f8   Data           1  usbd_ctlreq.o(.data)
    .data                                    0x200000fc   Section      445  usbd_cdc.o(.data)
    ifalt                                    0x200000fc   Data           1  usbd_cdc.o(.data)
    USBD_CDC_DeviceQualifierDesc             0x20000100   Data          10  usbd_cdc.o(.data)
    .data                                    0x200002bc   Section       56  usbd_cdc.o(.data)
    .data                                    0x200002f4   Section        4  errno.o(.data)
    _errno                                   0x200002f4   Data           4  errno.o(.data)
    .bss                                     0x200002f8   Section      464  main.o(.bss)
    .bss                                     0x200004c8   Section       68  main.o(.bss)
    .bss                                     0x2000050c   Section      548  usb_device.o(.bss)
    .bss                                     0x20000730   Section     1088  usbd_conf.o(.bss)
    mem                                      0x20000730   Data         544  usbd_conf.o(.bss)
    .bss                                     0x20000b70   Section      512  usbd_desc.o(.bss)
    .bss                                     0x20000d70   Section     1024  usbd_cdc_if.o(.bss)
    .bss                                     0x20001170   Section       32  stm32f0xx_hal_flash.o(.bss)
    STACK                                    0x20001190   Section     1024  startup_stm32f042x6.o(STACK)

    Global Symbols

    Symbol Name                              Value     Ov Type        Size  Object(Section)

    BuildAttributes$$THM_ISAv3M$S$PE$A:L22$X:L11$S22$IEEE1$IW$USESV6$~STKCKD$USESV7$~SHL$OTIME$ROPI$IEEEJ$EBA8$MICROLIB$REQ8$PRES8$EABIv2 0x00000000   Number         0  anon$$obj.o ABSOLUTE
    __ARM_use_no_argv                        0x00000000   Number         0  main.o ABSOLUTE
    _printf_a                                0x00000000   Number         0  stubs.o ABSOLUTE
    _printf_c                                0x00000000   Number         0  stubs.o ABSOLUTE
    _printf_charcount                        0x00000000   Number         0  stubs.o ABSOLUTE
    _printf_d                                0x00000000   Number         0  stubs.o ABSOLUTE
    _printf_e                                0x00000000   Number         0  stubs.o ABSOLUTE
    _printf_f                                0x00000000   Number         0  stubs.o ABSOLUTE
    _printf_flags                            0x00000000   Number         0  stubs.o ABSOLUTE
    _printf_fp_dec                           0x00000000   Number         0  stubs.o ABSOLUTE
    _printf_fp_hex                           0x00000000   Number         0  stubs.o ABSOLUTE
    _printf_g                                0x00000000   Number         0  stubs.o ABSOLUTE
    _printf_i                                0x00000000   Number         0  stubs.o ABSOLUTE
    _printf_int_dec                          0x00000000   Number         0  stubs.o ABSOLUTE
    _printf_l                                0x00000000   Number         0  stubs.o ABSOLUTE
    _printf_lc                               0x00000000   Number         0  stubs.o ABSOLUTE
    _printf_ll                               0x00000000   Number         0  stubs.o ABSOLUTE
    _printf_lld                              0x00000000   Number         0  stubs.o ABSOLUTE
    _printf_lli                              0x00000000   Number         0  stubs.o ABSOLUTE
    _printf_llo                              0x00000000   Number         0  stubs.o ABSOLUTE
    _printf_llu                              0x00000000   Number         0  stubs.o ABSOLUTE
    _printf_llx                              0x00000000   Number         0  stubs.o ABSOLUTE
    _printf_longlong_dec                     0x00000000   Number         0  stubs.o ABSOLUTE
    _printf_longlong_hex                     0x00000000   Number         0  stubs.o ABSOLUTE
    _printf_longlong_oct                     0x00000000   Number         0  stubs.o ABSOLUTE
    _printf_ls                               0x00000000   Number         0  stubs.o ABSOLUTE
    _printf_mbtowc                           0x00000000   Number         0  stubs.o ABSOLUTE
    _printf_n                                0x00000000   Number         0  stubs.o ABSOLUTE
    _printf_o                                0x00000000   Number         0  stubs.o ABSOLUTE
    _printf_p                                0x00000000   Number         0  stubs.o ABSOLUTE
    _printf_percent                          0x00000000   Number         0  stubs.o ABSOLUTE
    _printf_pre_padding                      0x00000000   Number         0  stubs.o ABSOLUTE
    _printf_return_value                     0x00000000   Number         0  stubs.o ABSOLUTE
    _printf_s                                0x00000000   Number         0  stubs.o ABSOLUTE
    _printf_sizespec                         0x00000000   Number         0  stubs.o ABSOLUTE
    _printf_str                              0x00000000   Number         0  stubs.o ABSOLUTE
    _printf_truncate_signed                  0x00000000   Number         0  stubs.o ABSOLUTE
    _printf_truncate_unsigned                0x00000000   Number         0  stubs.o ABSOLUTE
    _printf_u                                0x00000000   Number         0  stubs.o ABSOLUTE
    _printf_wc                               0x00000000   Number         0  stubs.o ABSOLUTE
    _printf_wctomb                           0x00000000   Number         0  stubs.o ABSOLUTE
    _printf_widthprec                        0x00000000   Number         0  stubs.o ABSOLUTE
    _printf_x                                0x00000000   Number         0  stubs.o ABSOLUTE
    __cpp_initialize__aeabi_                  - Undefined Weak Reference
    __cxa_finalize                            - Undefined Weak Reference
    _clock_init                               - Undefined Weak Reference
    _microlib_exit                            - Undefined Weak Reference
    __Vectors_Size                           0x000000c0   Number         0  startup_stm32f042x6.o ABSOLUTE
    __Vectors                                0x08000000   Data           4  startup_stm32f042x6.o(RESET)
    __Vectors_End                            0x080000c0   Data           0  startup_stm32f042x6.o(RESET)
    __main                                   0x080000c1   Thumb Code     0  entry.o(.ARM.Collect$$$$00000000)
    _main_stk                                0x080000c1   Thumb Code     0  entry2.o(.ARM.Collect$$$$00000001)
    _main_scatterload                        0x080000c5   Thumb Code     0  entry5.o(.ARM.Collect$$$$00000004)
    __main_after_scatterload                 0x080000c9   Thumb Code     0  entry5.o(.ARM.Collect$$$$00000004)
    _main_clock                              0x080000c9   Thumb Code     0  entry7b.o(.ARM.Collect$$$$00000008)
    _main_cpp_init                           0x080000c9   Thumb Code     0  entry8b.o(.ARM.Collect$$$$0000000A)
    _main_init                               0x080000c9   Thumb Code     0  entry9a.o(.ARM.Collect$$$$0000000B)
    __rt_final_cpp                           0x080000d1   Thumb Code     0  entry10a.o(.ARM.Collect$$$$0000000D)
    __rt_final_exit                          0x080000d1   Thumb Code     0  entry11a.o(.ARM.Collect$$$$0000000F)
    Reset_Handler                            0x080000d5   Thumb Code    38  startup_stm32f042x6.o(.text)
    ADC1_IRQHandler                          0x08000105   Thumb Code     0  startup_stm32f042x6.o(.text)
    CEC_CAN_IRQHandler                       0x08000105   Thumb Code     0  startup_stm32f042x6.o(.text)
    DMA1_Channel2_3_IRQHandler               0x08000105   Thumb Code     0  startup_stm32f042x6.o(.text)
    DMA1_Channel4_5_IRQHandler               0x08000105   Thumb Code     0  startup_stm32f042x6.o(.text)
    EXTI0_1_IRQHandler                       0x08000105   Thumb Code     0  startup_stm32f042x6.o(.text)
    EXTI2_3_IRQHandler                       0x08000105   Thumb Code     0  startup_stm32f042x6.o(.text)
    EXTI4_15_IRQHandler                      0x08000105   Thumb Code     0  startup_stm32f042x6.o(.text)
    FLASH_IRQHandler                         0x08000105   Thumb Code     0  startup_stm32f042x6.o(.text)
    I2C1_IRQHandler                          0x08000105   Thumb Code     0  startup_stm32f042x6.o(.text)
    PVD_VDDIO2_IRQHandler                    0x08000105   Thumb Code     0  startup_stm32f042x6.o(.text)
    RCC_CRS_IRQHandler                       0x08000105   Thumb Code     0  startup_stm32f042x6.o(.text)
    RTC_IRQHandler                           0x08000105   Thumb Code     0  startup_stm32f042x6.o(.text)
    SPI1_IRQHandler                          0x08000105   Thumb Code     0  startup_stm32f042x6.o(.text)
    SPI2_IRQHandler                          0x08000105   Thumb Code     0  startup_stm32f042x6.o(.text)
    TIM16_IRQHandler                         0x08000105   Thumb Code     0  startup_stm32f042x6.o(.text)
    TIM17_IRQHandler                         0x08000105   Thumb Code     0  startup_stm32f042x6.o(.text)
    TIM1_BRK_UP_TRG_COM_IRQHandler           0x08000105   Thumb Code     0  startup_stm32f042x6.o(.text)
    TIM1_CC_IRQHandler                       0x08000105   Thumb Code     0  startup_stm32f042x6.o(.text)
    TIM2_IRQHandler                          0x08000105   Thumb Code     0  startup_stm32f042x6.o(.text)
    TIM3_IRQHandler                          0x08000105   Thumb Code     0  startup_stm32f042x6.o(.text)
    TSC_IRQHandler                           0x08000105   Thumb Code     0  startup_stm32f042x6.o(.text)
    USART1_IRQHandler                        0x08000105   Thumb Code     0  startup_stm32f042x6.o(.text)
    USART2_IRQHandler                        0x08000105   Thumb Code     0  startup_stm32f042x6.o(.text)
    WWDG_IRQHandler                          0x08000105   Thumb Code     0  startup_stm32f042x6.o(.text)
    __aeabi_uidiv                            0x0800012d   Thumb Code     0  uidiv.o(.text)
    __aeabi_uidivmod                         0x0800012d   Thumb Code    44  uidiv.o(.text)
    __aeabi_idiv                             0x08000159   Thumb Code     0  idiv.o(.text)
    __aeabi_idivmod                          0x08000159   Thumb Code    40  idiv.o(.text)
    __aeabi_llsr                             0x08000181   Thumb Code    34  llushr.o(.text)
    _ll_ushift_r                             0x08000181   Thumb Code     0  llushr.o(.text)
    toupper                                  0x080001a3   Thumb Code    12  toupper.o(.text)
    __aeabi_memcpy                           0x080001af   Thumb Code    36  memcpya.o(.text)
    __aeabi_memcpy4                          0x080001af   Thumb Code     0  memcpya.o(.text)
    __aeabi_memcpy8                          0x080001af   Thumb Code     0  memcpya.o(.text)
    __aeabi_memset                           0x080001d3   Thumb Code    14  memseta.o(.text)
    __aeabi_memset4                          0x080001d3   Thumb Code     0  memseta.o(.text)
    __aeabi_memset8                          0x080001d3   Thumb Code     0  memseta.o(.text)
    __aeabi_memclr                           0x080001e1   Thumb Code     4  memseta.o(.text)
    __aeabi_memclr4                          0x080001e1   Thumb Code     0  memseta.o(.text)
    __aeabi_memclr8                          0x080001e1   Thumb Code     0  memseta.o(.text)
    _memset$wrapper                          0x080001e5   Thumb Code    18  memseta.o(.text)
    strchr                                   0x080001f7   Thumb Code    20  strchr.o(.text)
    strlen                                   0x0800020b   Thumb Code    14  strlen.o(.text)
    strcmp                                   0x08000219   Thumb Code    28  strcmp.o(.text)
    strcasecmp                               0x08000235   Thumb Code    38  strcasecmp.o(.text)
    atoi                                     0x0800025b   Thumb Code    26  atoi.o(.text)
    __aeabi_fadd                             0x08000275   Thumb Code   162  fadd.o(.text)
    __aeabi_fsub                             0x08000317   Thumb Code     8  fadd.o(.text)
    __aeabi_frsub                            0x0800031f   Thumb Code     8  fadd.o(.text)
    __aeabi_fmul                             0x08000327   Thumb Code   122  fmul.o(.text)
    __aeabi_fdiv                             0x080003a1   Thumb Code   124  fdiv.o(.text)
    __aeabi_dadd                             0x0800041d   Thumb Code   328  dadd.o(.text)
    __aeabi_dsub                             0x08000565   Thumb Code    12  dadd.o(.text)
    __aeabi_drsub                            0x08000571   Thumb Code    12  dadd.o(.text)
    __aeabi_dmul                             0x08000581   Thumb Code   202  dmul.o(.text)
    __aeabi_ddiv                             0x08000651   Thumb Code   234  ddiv.o(.text)
    __aeabi_i2f                              0x08000741   Thumb Code    22  fflti.o(.text)
    __aeabi_ui2f                             0x08000757   Thumb Code    14  ffltui.o(.text)
    __aeabi_ui2d                             0x08000765   Thumb Code    24  dfltui.o(.text)
    __aeabi_f2uiz                            0x08000781   Thumb Code    40  ffixui.o(.text)
    __aeabi_f2ulz                            0x080007a9   Thumb Code    48  ffixul.o(.text)
    __aeabi_d2uiz                            0x080007d9   Thumb Code    50  dfixui.o(.text)
    __aeabi_f2d                              0x08000815   Thumb Code    40  f2d.o(.text)
    __aeabi_d2f                              0x0800083d   Thumb Code    56  d2f.o(.text)
    __aeabi_llsl                             0x08000875   Thumb Code    32  llshl.o(.text)
    _ll_shift_l                              0x08000875   Thumb Code     0  llshl.o(.text)
    __aeabi_lasr                             0x08000895   Thumb Code    38  llsshr.o(.text)
    _ll_sshift_r                             0x08000895   Thumb Code     0  llsshr.o(.text)
    tolower                                  0x080008bb   Thumb Code    12  tolower.o(.text)
    __strtod_int                             0x080008ff   Thumb Code    94  strtod.o(.text)
    strtol                                   0x0800096d   Thumb Code   108  strtol.o(.text)
    __I$use$fp                               0x080009dd   Thumb Code     0  iusefp.o(.text)
    _float_round                             0x080009dd   Thumb Code    16  fepilogue.o(.text)
    _float_epilogue                          0x080009ed   Thumb Code   114  fepilogue.o(.text)
    _double_round                            0x08000a5f   Thumb Code    26  depilogue.o(.text)
    _double_epilogue                         0x08000a79   Thumb Code   164  depilogue.o(.text)
    __scatterload                            0x08000b1d   Thumb Code    28  init.o(.text)
    __scatterload_rt2                        0x08000b1d   Thumb Code     0  init.o(.text)
    __rt_ctype_table                         0x08000b41   Thumb Code     4  ctype_o.o(.text)
    isspace                                  0x08000b49   Thumb Code    18  isspace_o.o(.text)
    _scanf_real                              0x08000c7b   Thumb Code     0  scanf_fp.o(.text)
    _scanf_really_real                       0x08000c7b   Thumb Code   586  scanf_fp.o(.text)
    _sgetc                                   0x08000ed1   Thumb Code    32  _sgetc.o(.text)
    _sbackspace                              0x08000ef1   Thumb Code    36  _sgetc.o(.text)
    _strtoul                                 0x08000f15   Thumb Code   166  _strtoul.o(.text)
    __aeabi_lmul                             0x08000fbb   Thumb Code   122  llmul.o(.text)
    _ll_mul                                  0x08000fbb   Thumb Code     0  llmul.o(.text)
    _chval                                   0x08001035   Thumb Code    30  _chval.o(.text)
    __aeabi_ul2d                             0x08001055   Thumb Code    22  dfltul.o(.text)
    __decompress                             0x08001071   Thumb Code     0  __dczerorl2.o(.text)
    __decompress1                            0x08001071   Thumb Code    86  __dczerorl2.o(.text)
    AddToSendBuffer                          0x08001295   Thumb Code    72  main.o(i.AddToSendBuffer)
    CDC_Transmit_FS                          0x0800137d   Thumb Code   128  usbd_cdc_if.o(i.CDC_Transmit_FS)
    CheckDashPaddle                          0x08001405   Thumb Code    88  main.o(i.CheckDashPaddle)
    CheckDotPaddle                           0x08001469   Thumb Code    88  main.o(i.CheckDotPaddle)
    CheckPaddles                             0x080014cd   Thumb Code   300  main.o(i.CheckPaddles)
    CheckPotentiometer                       0x08001601   Thumb Code    96  main.o(i.CheckPotentiometer)
    CheckPttTail                             0x08001669   Thumb Code   228  main.o(i.CheckPttTail)
    CheckSequencerTailTime                   0x08001759   Thumb Code    98  main.o(i.CheckSequencerTailTime)
    ClearSendBuffer                          0x080017c5   Thumb Code    10  main.o(i.ClearSendBuffer)
    DMA1_Channel1_IRQHandler                 0x080017d5   Thumb Code    10  stm32f0xx_it.o(i.DMA1_Channel1_IRQHandler)
    Delay                                    0x08001831   Thumb Code    12  main.o(i.Delay)
    DisplaySettings                          0x0800183d   Thumb Code   202  main.o(i.DisplaySettings)
    Error_Handler                            0x080019e1   Thumb Code     2  main.o(i.Error_Handler)
    ExecuteCmd                               0x080019e5   Thumb Code   290  commands.o(i.ExecuteCmd)
    FLASH_PageErase                          0x08001b85   Thumb Code    28  stm32f0xx_hal_flash_ex.o(i.FLASH_PageErase)
    FLASH_WaitForLastOperation               0x08001c01   Thumb Code    76  stm32f0xx_hal_flash.o(i.FLASH_WaitForLastOperation)
    HAL_ADCEx_Calibration_Start              0x08001c51   Thumb Code   176  stm32f0xx_hal_adc_ex.o(i.HAL_ADCEx_Calibration_Start)
    HAL_ADC_ConfigChannel                    0x08001d01   Thumb Code   284  stm32f0xx_hal_adc.o(i.HAL_ADC_ConfigChannel)
    HAL_ADC_ConvCpltCallback                 0x08001e2d   Thumb Code    28  main.o(i.HAL_ADC_ConvCpltCallback)
    HAL_ADC_ConvHalfCpltCallback             0x08001e55   Thumb Code     2  stm32f0xx_hal_adc.o(i.HAL_ADC_ConvHalfCpltCallback)
    HAL_ADC_ErrorCallback                    0x08001e57   Thumb Code     2  stm32f0xx_hal_adc.o(i.HAL_ADC_ErrorCallback)
    HAL_ADC_Init                             0x08001e59   Thumb Code   364  stm32f0xx_hal_adc.o(i.HAL_ADC_Init)
    HAL_ADC_MspInit                          0x08001fcd   Thumb Code   122  stm32f0xx_hal_msp.o(i.HAL_ADC_MspInit)
    HAL_ADC_Start_DMA                        0x08002059   Thumb Code   144  stm32f0xx_hal_adc.o(i.HAL_ADC_Start_DMA)
    HAL_ADC_Stop_DMA                         0x080020f9   Thumb Code   112  stm32f0xx_hal_adc.o(i.HAL_ADC_Stop_DMA)
    HAL_DMA_Abort                            0x08002169   Thumb Code    44  stm32f0xx_hal_dma.o(i.HAL_DMA_Abort)
    HAL_DMA_IRQHandler                       0x08002195   Thumb Code   156  stm32f0xx_hal_dma.o(i.HAL_DMA_IRQHandler)
    HAL_DMA_Init                             0x08002231   Thumb Code    84  stm32f0xx_hal_dma.o(i.HAL_DMA_Init)
    HAL_DMA_Start_IT                         0x08002289   Thumb Code   106  stm32f0xx_hal_dma.o(i.HAL_DMA_Start_IT)
    HAL_FLASHEx_Erase                        0x080022f5   Thumb Code   148  stm32f0xx_hal_flash_ex.o(i.HAL_FLASHEx_Erase)
    HAL_FLASH_Lock                           0x08002395   Thumb Code    14  stm32f0xx_hal_flash.o(i.HAL_FLASH_Lock)
    HAL_FLASH_Program                        0x080023a9   Thumb Code   110  stm32f0xx_hal_flash.o(i.HAL_FLASH_Program)
    HAL_FLASH_Unlock                         0x08002425   Thumb Code    24  stm32f0xx_hal_flash.o(i.HAL_FLASH_Unlock)
    HAL_GPIO_Init                            0x08002449   Thumb Code   294  stm32f0xx_hal_gpio.o(i.HAL_GPIO_Init)
    HAL_GPIO_ReadPin                         0x08002585   Thumb Code    10  stm32f0xx_hal_gpio.o(i.HAL_GPIO_ReadPin)
    HAL_GPIO_WritePin                        0x0800258f   Thumb Code    12  stm32f0xx_hal_gpio.o(i.HAL_GPIO_WritePin)
    HAL_GetTick                              0x0800259d   Thumb Code     6  stm32f0xx_hal.o(i.HAL_GetTick)
    HAL_IncTick                              0x080025a9   Thumb Code    10  stm32f0xx_hal.o(i.HAL_IncTick)
    HAL_Init                                 0x080025b9   Thumb Code    26  stm32f0xx_hal.o(i.HAL_Init)
    HAL_InitTick                             0x080025d9   Thumb Code    34  stm32f0xx_hal.o(i.HAL_InitTick)
    HAL_MspInit                              0x080025fd   Thumb Code    44  stm32f0xx_hal_msp.o(i.HAL_MspInit)
    HAL_NVIC_EnableIRQ                       0x08002631   Thumb Code    14  stm32f0xx_hal_cortex.o(i.HAL_NVIC_EnableIRQ)
    HAL_NVIC_SetPriority                     0x08002645   Thumb Code     8  stm32f0xx_hal_cortex.o(i.HAL_NVIC_SetPriority)
    HAL_NVIC_SystemReset                     0x0800264d   Thumb Code    18  stm32f0xx_hal_cortex.o(i.HAL_NVIC_SystemReset)
    HAL_PCDEx_PMAConfig                      0x08002669   Thumb Code    58  stm32f0xx_hal_pcd_ex.o(i.HAL_PCDEx_PMAConfig)
    HAL_PCD_DataInStageCallback              0x080026a3   Thumb Code    24  usbd_conf.o(i.HAL_PCD_DataInStageCallback)
    HAL_PCD_DataOutStageCallback             0x080026bb   Thumb Code    28  usbd_conf.o(i.HAL_PCD_DataOutStageCallback)
    HAL_PCD_EP_Close                         0x080026d9   Thumb Code   346  stm32f0xx_hal_pcd.o(i.HAL_PCD_EP_Close)
    HAL_PCD_EP_ClrStall                      0x08002841   Thumb Code   166  stm32f0xx_hal_pcd.o(i.HAL_PCD_EP_ClrStall)
    HAL_PCD_EP_GetRxCount                    0x080028f5   Thumb Code    20  stm32f0xx_hal_pcd.o(i.HAL_PCD_EP_GetRxCount)
    HAL_PCD_EP_Open                          0x08002909   Thumb Code   652  stm32f0xx_hal_pcd.o(i.HAL_PCD_EP_Open)
    HAL_PCD_EP_Receive                       0x08002bad   Thumb Code   244  stm32f0xx_hal_pcd.o(i.HAL_PCD_EP_Receive)
    HAL_PCD_EP_SetStall                      0x08002cad   Thumb Code   136  stm32f0xx_hal_pcd.o(i.HAL_PCD_EP_SetStall)
    HAL_PCD_EP_Transmit                      0x08002d41   Thumb Code   222  stm32f0xx_hal_pcd.o(i.HAL_PCD_EP_Transmit)
    HAL_PCD_IRQHandler                       0x08002e31   Thumb Code   238  stm32f0xx_hal_pcd.o(i.HAL_PCD_IRQHandler)
    HAL_PCD_Init                             0x08002f3d   Thumb Code   154  stm32f0xx_hal_pcd.o(i.HAL_PCD_Init)
    HAL_PCD_MspInit                          0x08002fd9   Thumb Code    46  usbd_conf.o(i.HAL_PCD_MspInit)
    HAL_PCD_ResetCallback                    0x08003011   Thumb Code    38  usbd_conf.o(i.HAL_PCD_ResetCallback)
    HAL_PCD_ResumeCallback                   0x08003039   Thumb Code    38  usbd_conf.o(i.HAL_PCD_ResumeCallback)
    HAL_PCD_SOFCallback                      0x08003065   Thumb Code    16  usbd_conf.o(i.HAL_PCD_SOFCallback)
    HAL_PCD_SetAddress                       0x08003075   Thumb Code    44  stm32f0xx_hal_pcd.o(i.HAL_PCD_SetAddress)
    HAL_PCD_SetupStageCallback               0x080030a1   Thumb Code    22  usbd_conf.o(i.HAL_PCD_SetupStageCallback)
    HAL_PCD_Start                            0x080030b7   Thumb Code    18  stm32f0xx_hal_pcd.o(i.HAL_PCD_Start)
    HAL_PCD_SuspendCallback                  0x080030c9   Thumb Code    34  usbd_conf.o(i.HAL_PCD_SuspendCallback)
    HAL_RCCEx_PeriphCLKConfig                0x080030f1   Thumb Code   254  stm32f0xx_hal_rcc_ex.o(i.HAL_RCCEx_PeriphCLKConfig)
    HAL_RCC_ClockConfig                      0x080031fd   Thumb Code   320  stm32f0xx_hal_rcc.o(i.HAL_RCC_ClockConfig)
    HAL_RCC_GetHCLKFreq                      0x08003351   Thumb Code     6  stm32f0xx_hal_rcc.o(i.HAL_RCC_GetHCLKFreq)
    HAL_RCC_GetSysClockFreq                  0x0800335d   Thumb Code    90  stm32f0xx_hal_rcc.o(i.HAL_RCC_GetSysClockFreq)
    HAL_RCC_OscConfig                        0x080033e5   Thumb Code   966  stm32f0xx_hal_rcc.o(i.HAL_RCC_OscConfig)
    HAL_SYSTICK_Config                       0x080037bd   Thumb Code    38  stm32f0xx_hal_cortex.o(i.HAL_SYSTICK_Config)
    HAL_TIMEx_BreakCallback                  0x080037ed   Thumb Code     2  stm32f0xx_hal_tim_ex.o(i.HAL_TIMEx_BreakCallback)
    HAL_TIMEx_CommutationCallback            0x080037ef   Thumb Code     2  stm32f0xx_hal_tim_ex.o(i.HAL_TIMEx_CommutationCallback)
    HAL_TIM_Base_Init                        0x080037f1   Thumb Code    52  stm32f0xx_hal_tim.o(i.HAL_TIM_Base_Init)
    HAL_TIM_Base_MspInit                     0x08003825   Thumb Code    80  stm32f0xx_hal_msp.o(i.HAL_TIM_Base_MspInit)
    HAL_TIM_Base_Start_IT                    0x08003881   Thumb Code    22  stm32f0xx_hal_tim.o(i.HAL_TIM_Base_Start_IT)
    HAL_TIM_IC_CaptureCallback               0x08003897   Thumb Code     2  stm32f0xx_hal_tim.o(i.HAL_TIM_IC_CaptureCallback)
    HAL_TIM_IRQHandler                       0x08003899   Thumb Code   354  stm32f0xx_hal_tim.o(i.HAL_TIM_IRQHandler)
    HAL_TIM_OC_DelayElapsedCallback          0x080039fb   Thumb Code     2  stm32f0xx_hal_tim.o(i.HAL_TIM_OC_DelayElapsedCallback)
    HAL_TIM_PWM_PulseFinishedCallback        0x080039fd   Thumb Code     2  stm32f0xx_hal_tim.o(i.HAL_TIM_PWM_PulseFinishedCallback)
    HAL_TIM_PeriodElapsedCallback            0x08003a01   Thumb Code    22  main.o(i.HAL_TIM_PeriodElapsedCallback)
    HAL_TIM_TriggerCallback                  0x08003a1d   Thumb Code     2  stm32f0xx_hal_tim.o(i.HAL_TIM_TriggerCallback)
    HardFault_Handler                        0x08003a1f   Thumb Code     2  stm32f0xx_it.o(i.HardFault_Handler)
    LoopElementLengths                       0x08003a4d   Thumb Code   324  main.o(i.LoopElementLengths)
    MX_USB_DEVICE_Init                       0x08003cc9   Thumb Code    68  usb_device.o(i.MX_USB_DEVICE_Init)
    Morse_CharToKey                          0x08003d1d   Thumb Code    30  main.o(i.Morse_CharToKey)
    NMI_Handler                              0x08003d45   Thumb Code     2  stm32f0xx_it.o(i.NMI_Handler)
    OnUsbDataRx                              0x08003d8d   Thumb Code   150  main.o(i.OnUsbDataRx)
    PCD_ReadPMA                              0x08004165   Thumb Code    42  stm32f0xx_hal_pcd.o(i.PCD_ReadPMA)
    PCD_WritePMA                             0x0800418f   Thumb Code    38  stm32f0xx_hal_pcd.o(i.PCD_WritePMA)
    PendSV_Handler                           0x080041b5   Thumb Code     2  stm32f0xx_it.o(i.PendSV_Handler)
    PotValueWPM                              0x080041b9   Thumb Code    46  main.o(i.PotValueWPM)
    PttKey                                   0x080041ed   Thumb Code   202  main.o(i.PttKey)
    PttUnkey                                 0x080042c1   Thumb Code    36  main.o(i.PttUnkey)
    RemoveFromSendBuffer                     0x080042e9   Thumb Code    92  main.o(i.RemoveFromSendBuffer)
    SVC_Handler                              0x0800434d   Thumb Code     2  stm32f0xx_it.o(i.SVC_Handler)
    SaveDefaultConfig                        0x08004351   Thumb Code    96  main.o(i.SaveDefaultConfig)
    SendChar                                 0x080043b9   Thumb Code   186  main.o(i.SendChar)
    SendDash                                 0x080044c1   Thumb Code   266  main.o(i.SendDash)
    SendDot                                  0x080045e9   Thumb Code   220  main.o(i.SendDot)
    ServiceDotDashBuffers                    0x080046d5   Thumb Code   290  main.o(i.ServiceDotDashBuffers)
    ServiceSendBuffer                        0x08004805   Thumb Code   722  main.o(i.ServiceSendBuffer)
    ServiceWinkey                            0x08004ae5   Thumb Code  1510  main.o(i.ServiceWinkey)
    ServiceWinkeyBreakin                     0x080050d1   Thumb Code    48  main.o(i.ServiceWinkeyBreakin)
    SetAutoLed                               0x08005105   Thumb Code    24  main.o(i.SetAutoLed)
    SetCh                                    0x08005121   Thumb Code    64  main.o(i.SetCh)
    SetCw                                    0x08005169   Thumb Code    38  main.o(i.SetCw)
    SetTxLed                                 0x08005195   Thumb Code    28  main.o(i.SetTxLed)
    SpeedSet                                 0x080051b1   Thumb Code    54  main.o(i.SpeedSet)
    StoreSetting                             0x080051f5   Thumb Code    82  main.o(i.StoreSetting)
    SysTick_Handler                          0x08005255   Thumb Code     8  stm32f0xx_it.o(i.SysTick_Handler)
    SystemClock_Config                       0x0800525d   Thumb Code    90  main.o(i.SystemClock_Config)
    SystemInit                               0x080052b9   Thumb Code    78  system_stm32f0xx.o(i.SystemInit)
    TIM14_IRQHandler                         0x08005315   Thumb Code    10  stm32f0xx_it.o(i.TIM14_IRQHandler)
    TIM_Base_SetConfig                       0x08005325   Thumb Code   112  stm32f0xx_hal_tim.o(i.TIM_Base_SetConfig)
    TxKey                                    0x080053a9   Thumb Code    76  main.o(i.TxKey)
    USBD_CDC_GetDeviceQualifierDescriptor    0x080054d9   Thumb Code     8  usbd_cdc.o(i.USBD_CDC_GetDeviceQualifierDescriptor)
    USBD_CDC_ReceivePacket                   0x080055e7   Thumb Code    74  usbd_cdc.o(i.USBD_CDC_ReceivePacket)
    USBD_CDC_RegisterInterface               0x08005631   Thumb Code    20  usbd_cdc.o(i.USBD_CDC_RegisterInterface)
    USBD_CDC_SetRxBuffer                     0x08005645   Thumb Code    20  usbd_cdc.o(i.USBD_CDC_SetRxBuffer)
    USBD_CDC_SetTxBuffer                     0x08005659   Thumb Code    22  usbd_cdc.o(i.USBD_CDC_SetTxBuffer)
    USBD_CDC_TransmitPacket                  0x080056e9   Thumb Code    60  usbd_cdc.o(i.USBD_CDC_TransmitPacket)
    USBD_ClrClassConfig                      0x08005725   Thumb Code    16  usbd_core.o(i.USBD_ClrClassConfig)
    USBD_CtlContinueRx                       0x08005735   Thumb Code    16  usbd_ioreq.o(i.USBD_CtlContinueRx)
    USBD_CtlContinueSendData                 0x08005745   Thumb Code    16  usbd_ioreq.o(i.USBD_CtlContinueSendData)
    USBD_CtlError                            0x08005755   Thumb Code    20  usbd_ctlreq.o(i.USBD_CtlError)
    USBD_CtlPrepareRx                        0x08005769   Thumb Code    32  usbd_ioreq.o(i.USBD_CtlPrepareRx)
    USBD_CtlReceiveStatus                    0x08005789   Thumb Code    24  usbd_ioreq.o(i.USBD_CtlReceiveStatus)
    USBD_CtlSendData                         0x080057a1   Thumb Code    28  usbd_ioreq.o(i.USBD_CtlSendData)
    USBD_CtlSendStatus                       0x080057bd   Thumb Code    24  usbd_ioreq.o(i.USBD_CtlSendStatus)
    USBD_FS_ConfigStrDescriptor              0x080057d5   Thumb Code    16  usbd_desc.o(i.USBD_FS_ConfigStrDescriptor)
    USBD_FS_DeviceDescriptor                 0x080057f5   Thumb Code     8  usbd_desc.o(i.USBD_FS_DeviceDescriptor)
    USBD_FS_InterfaceStrDescriptor           0x08005801   Thumb Code    16  usbd_desc.o(i.USBD_FS_InterfaceStrDescriptor)
    USBD_FS_LangIDStrDescriptor              0x08005825   Thumb Code     8  usbd_desc.o(i.USBD_FS_LangIDStrDescriptor)
    USBD_FS_ManufacturerStrDescriptor        0x08005831   Thumb Code    16  usbd_desc.o(i.USBD_FS_ManufacturerStrDescriptor)
    USBD_FS_ProductStrDescriptor             0x08005849   Thumb Code    16  usbd_desc.o(i.USBD_FS_ProductStrDescriptor)
    USBD_FS_SerialStrDescriptor              0x08005869   Thumb Code    44  usbd_desc.o(i.USBD_FS_SerialStrDescriptor)
    USBD_GetString                           0x0800597d   Thumb Code    68  usbd_ctlreq.o(i.USBD_GetString)
    USBD_Init                                0x080059d9   Thumb Code    50  usbd_core.o(i.USBD_Init)
    USBD_LL_ClearStallEP                     0x08005a0b   Thumb Code    20  usbd_conf.o(i.USBD_LL_ClearStallEP)
    USBD_LL_CloseEP                          0x08005a1f   Thumb Code    20  usbd_conf.o(i.USBD_LL_CloseEP)
    USBD_LL_DataInStage                      0x08005a33   Thumb Code   182  usbd_core.o(i.USBD_LL_DataInStage)
    USBD_LL_DataOutStage                     0x08005ae9   Thumb Code   116  usbd_core.o(i.USBD_LL_DataOutStage)
    USBD_LL_GetRxDataSize                    0x08005b5d   Thumb Code    16  usbd_conf.o(i.USBD_LL_GetRxDataSize)
    USBD_LL_Init                             0x08005b6d   Thumb Code   164  usbd_conf.o(i.USBD_LL_Init)
    USBD_LL_IsStallEP                        0x08005c1d   Thumb Code    36  usbd_conf.o(i.USBD_LL_IsStallEP)
    USBD_LL_OpenEP                           0x08005c41   Thumb Code    26  usbd_conf.o(i.USBD_LL_OpenEP)
    USBD_LL_PrepareReceive                   0x08005c5b   Thumb Code    20  usbd_conf.o(i.USBD_LL_PrepareReceive)
    USBD_LL_Reset                            0x08005c6f   Thumb Code    70  usbd_core.o(i.USBD_LL_Reset)
    USBD_LL_Resume                           0x08005cb5   Thumb Code    12  usbd_core.o(i.USBD_LL_Resume)
    USBD_LL_SOF                              0x08005cc1   Thumb Code    30  usbd_core.o(i.USBD_LL_SOF)
    USBD_LL_SetSpeed                         0x08005cdf   Thumb Code     6  usbd_core.o(i.USBD_LL_SetSpeed)
    USBD_LL_SetUSBAddress                    0x08005ce5   Thumb Code    20  usbd_conf.o(i.USBD_LL_SetUSBAddress)
    USBD_LL_SetupStage                       0x08005cf9   Thumb Code    94  usbd_core.o(i.USBD_LL_SetupStage)
    USBD_LL_StallEP                          0x08005d57   Thumb Code    20  usbd_conf.o(i.USBD_LL_StallEP)
    USBD_LL_Start                            0x08005d6b   Thumb Code    20  usbd_conf.o(i.USBD_LL_Start)
    USBD_LL_Suspend                          0x08005d7f   Thumb Code    16  usbd_core.o(i.USBD_LL_Suspend)
    USBD_LL_Transmit                         0x08005d8f   Thumb Code    20  usbd_conf.o(i.USBD_LL_Transmit)
    USBD_ParseSetupRequest                   0x08005da3   Thumb Code    40  usbd_ctlreq.o(i.USBD_ParseSetupRequest)
    USBD_RegisterClass                       0x08005dcb   Thumb Code    22  usbd_core.o(i.USBD_RegisterClass)
    USBD_SetClassConfig                      0x08005de1   Thumb Code    28  usbd_core.o(i.USBD_SetClassConfig)
    USBD_Start                               0x08005e6d   Thumb Code    10  usbd_core.o(i.USBD_Start)
    USBD_StdDevReq                           0x08005e77   Thumb Code   238  usbd_ctlreq.o(i.USBD_StdDevReq)
    USBD_StdEPReq                            0x08005f65   Thumb Code   234  usbd_ctlreq.o(i.USBD_StdEPReq)
    USBD_StdItfReq                           0x0800604f   Thumb Code    58  usbd_ctlreq.o(i.USBD_StdItfReq)
    USBD_static_free                         0x08006089   Thumb Code     2  usbd_conf.o(i.USBD_static_free)
    USBD_static_malloc                       0x0800608d   Thumb Code     4  usbd_conf.o(i.USBD_static_malloc)
    USB_IRQHandler                           0x08006095   Thumb Code    10  stm32f0xx_it.o(i.USB_IRQHandler)
    USB_print                                0x080060a5   Thumb Code    36  commands.o(i.USB_print)
    WinkeyAdminGetValuesCommand              0x080060c9   Thumb Code   218  main.o(i.WinkeyAdminGetValuesCommand)
    WinkeyDashToDotRatioCommand              0x080061ad   Thumb Code    38  main.o(i.WinkeyDashToDotRatioCommand)
    WinkeyFarnsworthCommand                  0x080061dd   Thumb Code    14  main.o(i.WinkeyFarnsworthCommand)
    WinkeyLoadSettingsCommand                0x080061f1   Thumb Code   116  main.o(i.WinkeyLoadSettingsCommand)
    WinkeyPortWrite                          0x08006269   Thumb Code    42  main.o(i.WinkeyPortWrite)
    WinkeyPttTimesParm2Command               0x08006295   Thumb Code    34  main.o(i.WinkeyPttTimesParm2Command)
    WinkeySetPinconfigCommand                0x080062c1   Thumb Code    92  main.o(i.WinkeySetPinconfigCommand)
    WinkeySetPotParm2Command                 0x08006329   Thumb Code    10  main.o(i.WinkeySetPotParm2Command)
    WinkeySetPotParm3Command                 0x08006339   Thumb Code    28  main.o(i.WinkeySetPotParm3Command)
    WinkeySetmodeCommand                     0x08006365   Thumb Code   120  main.o(i.WinkeySetmodeCommand)
    WinkeyUnbufferedSpeedCommand             0x080063e5   Thumb Code    40  main.o(i.WinkeyUnbufferedSpeedCommand)
    WinkeyWeightingCommand                   0x08006415   Thumb Code    14  main.o(i.WinkeyWeightingCommand)
    __0snprintf$3                            0x08006429   Thumb Code    46  printf3.o(i.__0snprintf$3)
    __1snprintf$3                            0x08006429   Thumb Code     0  printf3.o(i.__0snprintf$3)
    __2snprintf                              0x08006429   Thumb Code     0  printf3.o(i.__0snprintf$3)
    __0sprintf$3                             0x0800645d   Thumb Code    36  printf3.o(i.__0sprintf$3)
    __1sprintf$3                             0x0800645d   Thumb Code     0  printf3.o(i.__0sprintf$3)
    __2sprintf                               0x0800645d   Thumb Code     0  printf3.o(i.__0sprintf$3)
    __ARM_clz                                0x08006485   Thumb Code    46  depilogue.o(i.__ARM_clz)
    __ARM_common_switch8                     0x080064b3   Thumb Code    26  main.o(i.__ARM_common_switch8)
    __aeabi_errno_addr                       0x080064cd   Thumb Code     4  errno.o(i.__aeabi_errno_addr)
    __rt_errno_addr                          0x080064cd   Thumb Code     0  errno.o(i.__aeabi_errno_addr)
    __read_errno                             0x080064d5   Thumb Code     6  errno.o(i.__read_errno)
    __scatterload_copy                       0x080064e1   Thumb Code    14  handlers.o(i.__scatterload_copy)
    __scatterload_null                       0x080064ef   Thumb Code     2  handlers.o(i.__scatterload_null)
    __scatterload_zeroinit                   0x080064f1   Thumb Code    14  handlers.o(i.__scatterload_zeroinit)
    __set_errno                              0x08006501   Thumb Code     6  errno.o(i.__set_errno)
    _is_digit                                0x0800650d   Thumb Code    14  scanf_fp.o(i._is_digit)
    atof                                     0x08006709   Thumb Code    42  atof.o(i.atof)
    convert_cw_number_to_ascii               0x08006a91   Thumb Code   802  main.o(i.convert_cw_number_to_ascii)
    main                                     0x08006de9   Thumb Code   476  main.o(i.main)
    map                                      0x08006fed   Thumb Code    24  main.o(i.map)
    strupr                                   0x08007005   Thumb Code    26  commands.o(i.strupr)
    cmd_tbl                                  0x0800718c   Data          88  commands.o(.constdata)
    AHBPrescTable                            0x080071e4   Data          16  system_stm32f0xx.o(.constdata)
    __ctype_table                            0x080071f4   Data         129  ctype_o.o(.constdata)
    Region$$Table$$Base                      0x08007354   Number         0  anon$$obj.o(Region$$Table)
    Region$$Table$$Limit                     0x08007374   Number         0  anon$$obj.o(Region$$Table)
    settings_Store                           0x08007c00   Data          44  main.o(.ARM.__AT_0x08007C00)
    send_buffer_bytes                        0x20000000   Data           1  main.o(.data)
    send_buffer_status                       0x20000001   Data           1  main.o(.data)
    winkey_buffer_counter                    0x20000002   Data           1  main.o(.data)
    winkey_buffer_pointer                    0x20000003   Data           1  main.o(.data)
    winkey_sending                           0x20000004   Data           1  main.o(.data)
    winkey_xoff                              0x20000005   Data           1  main.o(.data)
    winkey_session_ptt_tail                  0x20000006   Data           1  main.o(.data)
    winkey_speed_state                       0x20000007   Data           1  main.o(.data)
    first_extension_time                     0x20000008   Data           1  main.o(.data)
    winkey_paddle_echo_activated             0x20000009   Data           1  main.o(.data)
    sending_mode                             0x2000000a   Data           1  main.o(.data)
    last_sending_mode                        0x2000000b   Data           1  main.o(.data)
    keying_compensation                      0x2000000c   Data           1  main.o(.data)
    ultimatic_mode                           0x2000000d   Data           1  main.o(.data)
    length_letterspace                       0x2000000e   Data           1  main.o(.data)
    being_sent                               0x2000000f   Data           1  main.o(.data)
    pot_wpm_low_value                        0x20000015   Data           1  main.o(.data)
    pot_wpm_high_value                       0x20000016   Data           1  main.o(.data)
    last_pot_wpm_read                        0x20000017   Data           1  main.o(.data)
    winkey_last_unbuffered_speed_wpm         0x20000018   Data           2  main.o(.data)
    flags                                    0x2000001e   Data           3  main.o(.data)
    winkey_paddle_echo_buffer                0x20000024   Data           4  main.o(.data)
    winkey_paddle_echo_buffer_decode_time    0x20000028   Data           4  main.o(.data)
    automatic_sending_interruption_time      0x2000002c   Data           4  main.o(.data)
    ptt_time                                 0x20000030   Data           4  main.o(.data)
    sequencer_ptt_inactive_time              0x20000034   Data           4  main.o(.data)
    adc                                      0x20000038   Data           4  main.o(.data)
    pot_full_scale_reading                   0x2000003c   Data           4  main.o(.data)
    Rx_ptr_in                                0x20000054   Data           4  main.o(.data)
    winkey_ptr_in                            0x20000058   Data           4  main.o(.data)
    micros                                   0x20000060   Data           8  main.o(.data)
    ch                                       0x20000068   Data          32  main.o(.data)
    FS_Desc                                  0x20000088   Data          28  usbd_desc.o(.data)
    USBD_LangIDDesc                          0x200000a4   Data           4  usbd_desc.o(.data)
    USBD_FS_DeviceDesc                       0x200000a8   Data          18  usbd_desc.o(.data)
    USBD_StringSerial                        0x200000bc   Data          26  usbd_desc.o(.data)
    USBD_Interface_fops_FS                   0x200000d8   Data          16  usbd_cdc_if.o(.data)
    cdcvcp_ctrllines                         0x200000e8   Data           2  usbd_cdc_if.o(.data)
    helptext                                 0x200000ec   Data           4  commands.o(.data)
    uwTick                                   0x200000f0   Data           4  stm32f0xx_hal.o(.data)
    SystemCoreClock                          0x200000f4   Data           4  system_stm32f0xx.o(.data)
    USBD_CDC_CfgHSDesc                       0x2000010c   Data         141  usbd_cdc.o(.data)
    USBD_CDC_CfgFSDesc                       0x2000019c   Data         141  usbd_cdc.o(.data)
    USBD_CDC_OtherSpeedCfgDesc               0x2000022c   Data         141  usbd_cdc.o(.data)
    USBD_CDC                                 0x200002bc   Data          56  usbd_cdc.o(.data)
    hadc                                     0x200002f8   Data          76  main.o(.bss)
    htim14                                   0x20000344   Data          64  main.o(.bss)
    Rx_Buffer                                0x20000384   Data          64  main.o(.bss)
    winkey_buffer                            0x200003c4   Data          64  main.o(.bss)
    send_buffer_array                        0x20000404   Data         150  main.o(.bss)
    setting                                  0x2000049c   Data          44  main.o(.bss)
    hdma_adc                                 0x200004c8   Data          68  main.o(.bss)
    hUsbDeviceFS                             0x2000050c   Data         548  usb_device.o(.bss)
    hpcd_USB_FS                              0x20000950   Data         544  usbd_conf.o(.bss)
    USBD_StrDesc                             0x20000b70   Data         512  usbd_desc.o(.bss)
    UserRxBufferFS                           0x20000d70   Data         512  usbd_cdc_if.o(.bss)
    UserTxBufferFS                           0x20000f70   Data         512  usbd_cdc_if.o(.bss)
    pFlash                                   0x20001170   Data          32  stm32f0xx_hal_flash.o(.bss)
    __initial_sp                             0x20001590   Data           0  startup_stm32f042x6.o(STACK)



==============================================================================

Memory Map of the image

  Image Entry point : 0x080000c1

  Load Region LR_IROM1 (Base: 0x08000000, Size: 0x0000766c, Max: 0x00008000, ABSOLUTE, COMPRESSED[0x0000747c])

    Execution Region ER_IROM1 (Exec base: 0x08000000, Load base: 0x08000000, Size: 0x00007374, Max: 0x00008000, ABSOLUTE)

    Exec Addr    Load Addr    Size         Type   Attr      Idx    E Section Name        Object

    0x08000000   0x08000000   0x000000c0   Data   RO            3    RESET               startup_stm32f042x6.o
    0x080000c0   0x080000c0   0x00000000   Code   RO         3626  * .ARM.Collect$$$$00000000  mc_p.l(entry.o)
    0x080000c0   0x080000c0   0x00000004   Code   RO         3942    .ARM.Collect$$$$00000001  mc_p.l(entry2.o)
    0x080000c4   0x080000c4   0x00000004   Code   RO         3945    .ARM.Collect$$$$00000004  mc_p.l(entry5.o)
    0x080000c8   0x080000c8   0x00000000   Code   RO         3947    .ARM.Collect$$$$00000008  mc_p.l(entry7b.o)
    0x080000c8   0x080000c8   0x00000000   Code   RO         3949    .ARM.Collect$$$$0000000A  mc_p.l(entry8b.o)
    0x080000c8   0x080000c8   0x00000008   Code   RO         3950    .ARM.Collect$$$$0000000B  mc_p.l(entry9a.o)
    0x080000d0   0x080000d0   0x00000000   Code   RO         3952    .ARM.Collect$$$$0000000D  mc_p.l(entry10a.o)
    0x080000d0   0x080000d0   0x00000000   Code   RO         3954    .ARM.Collect$$$$0000000F  mc_p.l(entry11a.o)
    0x080000d0   0x080000d0   0x00000004   Code   RO         3943    .ARM.Collect$$$$00002712  mc_p.l(entry2.o)
    0x080000d4   0x080000d4   0x00000058   Code   RO            4    .text               startup_stm32f042x6.o
    0x0800012c   0x0800012c   0x0000002c   Code   RO         3629    .text               mc_p.l(uidiv.o)
    0x08000158   0x08000158   0x00000028   Code   RO         3631    .text               mc_p.l(idiv.o)
    0x08000180   0x08000180   0x00000022   Code   RO         3633    .text               mc_p.l(llushr.o)
    0x080001a2   0x080001a2   0x0000000c   Code   RO         3635    .text               mc_p.l(toupper.o)
    0x080001ae   0x080001ae   0x00000024   Code   RO         3637    .text               mc_p.l(memcpya.o)
    0x080001d2   0x080001d2   0x00000024   Code   RO         3639    .text               mc_p.l(memseta.o)
    0x080001f6   0x080001f6   0x00000014   Code   RO         3641    .text               mc_p.l(strchr.o)
    0x0800020a   0x0800020a   0x0000000e   Code   RO         3643    .text               mc_p.l(strlen.o)
    0x08000218   0x08000218   0x0000001c   Code   RO         3645    .text               mc_p.l(strcmp.o)
    0x08000234   0x08000234   0x00000026   Code   RO         3649    .text               mc_p.l(strcasecmp.o)
    0x0800025a   0x0800025a   0x0000001a   Code   RO         3912    .text               mc_p.l(atoi.o)
    0x08000274   0x08000274   0x000000b2   Code   RO         3914    .text               mf_p.l(fadd.o)
    0x08000326   0x08000326   0x0000007a   Code   RO         3916    .text               mf_p.l(fmul.o)
    0x080003a0   0x080003a0   0x0000007c   Code   RO         3918    .text               mf_p.l(fdiv.o)
    0x0800041c   0x0800041c   0x00000164   Code   RO         3920    .text               mf_p.l(dadd.o)
    0x08000580   0x08000580   0x000000d0   Code   RO         3922    .text               mf_p.l(dmul.o)
    0x08000650   0x08000650   0x000000f0   Code   RO         3924    .text               mf_p.l(ddiv.o)
    0x08000740   0x08000740   0x00000016   Code   RO         3926    .text               mf_p.l(fflti.o)
    0x08000756   0x08000756   0x0000000e   Code   RO         3928    .text               mf_p.l(ffltui.o)
    0x08000764   0x08000764   0x0000001c   Code   RO         3930    .text               mf_p.l(dfltui.o)
    0x08000780   0x08000780   0x00000028   Code   RO         3932    .text               mf_p.l(ffixui.o)
    0x080007a8   0x080007a8   0x00000030   Code   RO         3934    .text               mf_p.l(ffixul.o)
    0x080007d8   0x080007d8   0x0000003c   Code   RO         3936    .text               mf_p.l(dfixui.o)
    0x08000814   0x08000814   0x00000028   Code   RO         3938    .text               mf_p.l(f2d.o)
    0x0800083c   0x0800083c   0x00000038   Code   RO         3940    .text               mf_p.l(d2f.o)
    0x08000874   0x08000874   0x00000020   Code   RO         3961    .text               mc_p.l(llshl.o)
    0x08000894   0x08000894   0x00000026   Code   RO         3963    .text               mc_p.l(llsshr.o)
    0x080008ba   0x080008ba   0x0000000c   Code   RO         3965    .text               mc_p.l(tolower.o)
    0x080008c6   0x080008c6   0x00000002   PAD
    0x080008c8   0x080008c8   0x000000a4   Code   RO         3974    .text               mc_p.l(strtod.o)
    0x0800096c   0x0800096c   0x00000070   Code   RO         3976    .text               mc_p.l(strtol.o)
    0x080009dc   0x080009dc   0x00000000   Code   RO         3978    .text               mc_p.l(iusefp.o)
    0x080009dc   0x080009dc   0x00000082   Code   RO         3979    .text               mf_p.l(fepilogue.o)
    0x08000a5e   0x08000a5e   0x000000be   Code   RO         3981    .text               mf_p.l(depilogue.o)
    0x08000b1c   0x08000b1c   0x00000024   Code   RO         3989    .text               mc_p.l(init.o)
    0x08000b40   0x08000b40   0x00000008   Code   RO         3994    .text               mc_p.l(ctype_o.o)
    0x08000b48   0x08000b48   0x00000012   Code   RO         4016    .text               mc_p.l(isspace_o.o)
    0x08000b5a   0x08000b5a   0x00000002   PAD
    0x08000b5c   0x08000b5c   0x00000374   Code   RO         4022    .text               mc_p.l(scanf_fp.o)
    0x08000ed0   0x08000ed0   0x00000044   Code   RO         4026    .text               mc_p.l(_sgetc.o)
    0x08000f14   0x08000f14   0x000000a6   Code   RO         4028    .text               mc_p.l(_strtoul.o)
    0x08000fba   0x08000fba   0x0000007a   Code   RO         4031    .text               mc_p.l(llmul.o)
    0x08001034   0x08001034   0x0000001e   Code   RO         4036    .text               mc_p.l(_chval.o)
    0x08001052   0x08001052   0x00000002   PAD
    0x08001054   0x08001054   0x0000001c   Code   RO         4038    .text               mf_p.l(dfltul.o)
    0x08001070   0x08001070   0x00000056   Code   RO         4048    .text               mc_p.l(__dczerorl2.o)
    0x080010c6   0x080010c6   0x00000052   Code   RO         1276    i.ADC_ConversionStop  stm32f0xx_hal_adc.o
    0x08001118   0x08001118   0x0000006c   Code   RO         1277    i.ADC_DMAConvCplt   stm32f0xx_hal_adc.o
    0x08001184   0x08001184   0x0000001a   Code   RO         1278    i.ADC_DMAError      stm32f0xx_hal_adc.o
    0x0800119e   0x0800119e   0x0000000a   Code   RO         1279    i.ADC_DMAHalfConvCplt  stm32f0xx_hal_adc.o
    0x080011a8   0x080011a8   0x00000066   Code   RO         1280    i.ADC_Disable       stm32f0xx_hal_adc.o
    0x0800120e   0x0800120e   0x00000002   PAD
    0x08001210   0x08001210   0x00000084   Code   RO         1281    i.ADC_Enable        stm32f0xx_hal_adc.o
    0x08001294   0x08001294   0x00000050   Code   RO           12    i.AddToSendBuffer   main.o
    0x080012e4   0x080012e4   0x0000004c   Code   RO          806    i.CDC_Control_FS    usbd_cdc_if.o
    0x08001330   0x08001330   0x00000004   Code   RO          807    i.CDC_DeInit_FS     usbd_cdc_if.o
    0x08001334   0x08001334   0x00000024   Code   RO          808    i.CDC_Init_FS       usbd_cdc_if.o
    0x08001358   0x08001358   0x00000024   Code   RO          809    i.CDC_Receive_FS    usbd_cdc_if.o
    0x0800137c   0x0800137c   0x00000088   Code   RO          810    i.CDC_Transmit_FS   usbd_cdc_if.o
    0x08001404   0x08001404   0x00000064   Code   RO           13    i.CheckDashPaddle   main.o
    0x08001468   0x08001468   0x00000064   Code   RO           14    i.CheckDotPaddle    main.o
    0x080014cc   0x080014cc   0x00000134   Code   RO           15    i.CheckPaddles      main.o
    0x08001600   0x08001600   0x00000068   Code   RO           16    i.CheckPotentiometer  main.o
    0x08001668   0x08001668   0x000000f0   Code   RO           17    i.CheckPttTail      main.o
    0x08001758   0x08001758   0x0000006c   Code   RO           18    i.CheckSequencerTailTime  main.o
    0x080017c4   0x080017c4   0x00000010   Code   RO           19    i.ClearSendBuffer   main.o
    0x080017d4   0x080017d4   0x00000010   Code   RO          855    i.DMA1_Channel1_IRQHandler  stm32f0xx_it.o
    0x080017e4   0x080017e4   0x00000024   Code   RO         2723    i.DMA_CalcBaseAndBitshift  stm32f0xx_hal_dma.o
    0x08001808   0x08001808   0x00000028   Code   RO         2724    i.DMA_SetConfig     stm32f0xx_hal_dma.o
    0x08001830   0x08001830   0x0000000c   Code   RO           20    i.Delay             main.o
    0x0800183c   0x0800183c   0x000001a4   Code   RO           21    i.DisplaySettings   main.o
    0x080019e0   0x080019e0   0x00000002   Code   RO           22    i.Error_Handler     main.o
    0x080019e2   0x080019e2   0x00000002   PAD
    0x080019e4   0x080019e4   0x0000017c   Code   RO          966    i.ExecuteCmd        commands.o
    0x08001b60   0x08001b60   0x00000024   Code   RO         3166    i.FLASH_MassErase   stm32f0xx_hal_flash_ex.o
    0x08001b84   0x08001b84   0x00000024   Code   RO         3169    i.FLASH_PageErase   stm32f0xx_hal_flash_ex.o
    0x08001ba8   0x08001ba8   0x00000020   Code   RO         3067    i.FLASH_Program_HalfWord  stm32f0xx_hal_flash.o
    0x08001bc8   0x08001bc8   0x00000038   Code   RO         3068    i.FLASH_SetErrorCode  stm32f0xx_hal_flash.o
    0x08001c00   0x08001c00   0x00000050   Code   RO         3069    i.FLASH_WaitForLastOperation  stm32f0xx_hal_flash.o
    0x08001c50   0x08001c50   0x000000b0   Code   RO         1452    i.HAL_ADCEx_Calibration_Start  stm32f0xx_hal_adc_ex.o
    0x08001d00   0x08001d00   0x0000012c   Code   RO         1283    i.HAL_ADC_ConfigChannel  stm32f0xx_hal_adc.o
    0x08001e2c   0x08001e2c   0x00000028   Code   RO           23    i.HAL_ADC_ConvCpltCallback  main.o
    0x08001e54   0x08001e54   0x00000002   Code   RO         1285    i.HAL_ADC_ConvHalfCpltCallback  stm32f0xx_hal_adc.o
    0x08001e56   0x08001e56   0x00000002   Code   RO         1287    i.HAL_ADC_ErrorCallback  stm32f0xx_hal_adc.o
    0x08001e58   0x08001e58   0x00000174   Code   RO         1292    i.HAL_ADC_Init      stm32f0xx_hal_adc.o
    0x08001fcc   0x08001fcc   0x0000008c   Code   RO          922    i.HAL_ADC_MspInit   stm32f0xx_hal_msp.o
    0x08002058   0x08002058   0x000000a0   Code   RO         1299    i.HAL_ADC_Start_DMA  stm32f0xx_hal_adc.o
    0x080020f8   0x080020f8   0x00000070   Code   RO         1302    i.HAL_ADC_Stop_DMA  stm32f0xx_hal_adc.o
    0x08002168   0x08002168   0x0000002c   Code   RO         2725    i.HAL_DMA_Abort     stm32f0xx_hal_dma.o
    0x08002194   0x08002194   0x0000009c   Code   RO         2730    i.HAL_DMA_IRQHandler  stm32f0xx_hal_dma.o
    0x08002230   0x08002230   0x00000058   Code   RO         2731    i.HAL_DMA_Init      stm32f0xx_hal_dma.o
    0x08002288   0x08002288   0x0000006a   Code   RO         2735    i.HAL_DMA_Start_IT  stm32f0xx_hal_dma.o
    0x080022f2   0x080022f2   0x00000002   PAD
    0x080022f4   0x080022f4   0x000000a0   Code   RO         3170    i.HAL_FLASHEx_Erase  stm32f0xx_hal_flash_ex.o
    0x08002394   0x08002394   0x00000014   Code   RO         3073    i.HAL_FLASH_Lock    stm32f0xx_hal_flash.o
    0x080023a8   0x080023a8   0x0000007c   Code   RO         3078    i.HAL_FLASH_Program  stm32f0xx_hal_flash.o
    0x08002424   0x08002424   0x00000024   Code   RO         3080    i.HAL_FLASH_Unlock  stm32f0xx_hal_flash.o
    0x08002448   0x08002448   0x0000013c   Code   RO         2664    i.HAL_GPIO_Init     stm32f0xx_hal_gpio.o
    0x08002584   0x08002584   0x0000000a   Code   RO         2666    i.HAL_GPIO_ReadPin  stm32f0xx_hal_gpio.o
    0x0800258e   0x0800258e   0x0000000c   Code   RO         2668    i.HAL_GPIO_WritePin  stm32f0xx_hal_gpio.o
    0x0800259a   0x0800259a   0x00000002   PAD
    0x0800259c   0x0800259c   0x0000000c   Code   RO         2533    i.HAL_GetTick       stm32f0xx_hal.o
    0x080025a8   0x080025a8   0x00000010   Code   RO         2537    i.HAL_IncTick       stm32f0xx_hal.o
    0x080025b8   0x080025b8   0x00000020   Code   RO         2538    i.HAL_Init          stm32f0xx_hal.o
    0x080025d8   0x080025d8   0x00000022   Code   RO         2539    i.HAL_InitTick      stm32f0xx_hal.o
    0x080025fa   0x080025fa   0x00000002   PAD
    0x080025fc   0x080025fc   0x00000034   Code   RO          923    i.HAL_MspInit       stm32f0xx_hal_msp.o
    0x08002630   0x08002630   0x00000014   Code   RO         2821    i.HAL_NVIC_EnableIRQ  stm32f0xx_hal_cortex.o
    0x08002644   0x08002644   0x00000008   Code   RO         2825    i.HAL_NVIC_SetPriority  stm32f0xx_hal_cortex.o
    0x0800264c   0x0800264c   0x0000001c   Code   RO         2826    i.HAL_NVIC_SystemReset  stm32f0xx_hal_cortex.o
    0x08002668   0x08002668   0x0000003a   Code   RO         1256    i.HAL_PCDEx_PMAConfig  stm32f0xx_hal_pcd_ex.o
    0x080026a2   0x080026a2   0x00000018   Code   RO          536    i.HAL_PCD_DataInStageCallback  usbd_conf.o
    0x080026ba   0x080026ba   0x0000001c   Code   RO          537    i.HAL_PCD_DataOutStageCallback  usbd_conf.o
    0x080026d6   0x080026d6   0x00000002   PAD
    0x080026d8   0x080026d8   0x00000168   Code   RO         1044    i.HAL_PCD_EP_Close  stm32f0xx_hal_pcd.o
    0x08002840   0x08002840   0x000000b4   Code   RO         1045    i.HAL_PCD_EP_ClrStall  stm32f0xx_hal_pcd.o
    0x080028f4   0x080028f4   0x00000014   Code   RO         1047    i.HAL_PCD_EP_GetRxCount  stm32f0xx_hal_pcd.o
    0x08002908   0x08002908   0x000002a4   Code   RO         1048    i.HAL_PCD_EP_Open   stm32f0xx_hal_pcd.o
    0x08002bac   0x08002bac   0x00000100   Code   RO         1049    i.HAL_PCD_EP_Receive  stm32f0xx_hal_pcd.o
    0x08002cac   0x08002cac   0x00000094   Code   RO         1050    i.HAL_PCD_EP_SetStall  stm32f0xx_hal_pcd.o
    0x08002d40   0x08002d40   0x000000f0   Code   RO         1051    i.HAL_PCD_EP_Transmit  stm32f0xx_hal_pcd.o
    0x08002e30   0x08002e30   0x0000010c   Code   RO         1053    i.HAL_PCD_IRQHandler  stm32f0xx_hal_pcd.o
    0x08002f3c   0x08002f3c   0x0000009a   Code   RO         1056    i.HAL_PCD_Init      stm32f0xx_hal_pcd.o
    0x08002fd6   0x08002fd6   0x00000002   PAD
    0x08002fd8   0x08002fd8   0x00000038   Code   RO          542    i.HAL_PCD_MspInit   usbd_conf.o
    0x08003010   0x08003010   0x00000026   Code   RO          543    i.HAL_PCD_ResetCallback  usbd_conf.o
    0x08003036   0x08003036   0x00000002   PAD
    0x08003038   0x08003038   0x0000002c   Code   RO          544    i.HAL_PCD_ResumeCallback  usbd_conf.o
    0x08003064   0x08003064   0x00000010   Code   RO          545    i.HAL_PCD_SOFCallback  usbd_conf.o
    0x08003074   0x08003074   0x0000002c   Code   RO         1062    i.HAL_PCD_SetAddress  stm32f0xx_hal_pcd.o
    0x080030a0   0x080030a0   0x00000016   Code   RO          546    i.HAL_PCD_SetupStageCallback  usbd_conf.o
    0x080030b6   0x080030b6   0x00000012   Code   RO         1064    i.HAL_PCD_Start     stm32f0xx_hal_pcd.o
    0x080030c8   0x080030c8   0x00000028   Code   RO          547    i.HAL_PCD_SuspendCallback  usbd_conf.o
    0x080030f0   0x080030f0   0x0000010c   Code   RO         2449    i.HAL_RCCEx_PeriphCLKConfig  stm32f0xx_hal_rcc_ex.o
    0x080031fc   0x080031fc   0x00000154   Code   RO         2347    i.HAL_RCC_ClockConfig  stm32f0xx_hal_rcc.o
    0x08003350   0x08003350   0x0000000c   Code   RO         2352    i.HAL_RCC_GetHCLKFreq  stm32f0xx_hal_rcc.o
    0x0800335c   0x0800335c   0x00000088   Code   RO         2355    i.HAL_RCC_GetSysClockFreq  stm32f0xx_hal_rcc.o
    0x080033e4   0x080033e4   0x000003d8   Code   RO         2358    i.HAL_RCC_OscConfig  stm32f0xx_hal_rcc.o
    0x080037bc   0x080037bc   0x00000030   Code   RO         2829    i.HAL_SYSTICK_Config  stm32f0xx_hal_cortex.o
    0x080037ec   0x080037ec   0x00000002   Code   RO         2111    i.HAL_TIMEx_BreakCallback  stm32f0xx_hal_tim_ex.o
    0x080037ee   0x080037ee   0x00000002   Code   RO         2112    i.HAL_TIMEx_CommutationCallback  stm32f0xx_hal_tim_ex.o
    0x080037f0   0x080037f0   0x00000034   Code   RO         1474    i.HAL_TIM_Base_Init  stm32f0xx_hal_tim.o
    0x08003824   0x08003824   0x0000005c   Code   RO          925    i.HAL_TIM_Base_MspInit  stm32f0xx_hal_msp.o
    0x08003880   0x08003880   0x00000016   Code   RO         1479    i.HAL_TIM_Base_Start_IT  stm32f0xx_hal_tim.o
    0x08003896   0x08003896   0x00000002   Code   RO         1505    i.HAL_TIM_IC_CaptureCallback  stm32f0xx_hal_tim.o
    0x08003898   0x08003898   0x00000162   Code   RO         1518    i.HAL_TIM_IRQHandler  stm32f0xx_hal_tim.o
    0x080039fa   0x080039fa   0x00000002   Code   RO         1521    i.HAL_TIM_OC_DelayElapsedCallback  stm32f0xx_hal_tim.o
    0x080039fc   0x080039fc   0x00000002   Code   RO         1548    i.HAL_TIM_PWM_PulseFinishedCallback  stm32f0xx_hal_tim.o
    0x080039fe   0x080039fe   0x00000002   PAD
    0x08003a00   0x08003a00   0x0000001c   Code   RO           24    i.HAL_TIM_PeriodElapsedCallback  main.o
    0x08003a1c   0x08003a1c   0x00000002   Code   RO         1559    i.HAL_TIM_TriggerCallback  stm32f0xx_hal_tim.o
    0x08003a1e   0x08003a1e   0x00000002   Code   RO          856    i.HardFault_Handler  stm32f0xx_it.o
    0x08003a20   0x08003a20   0x0000002c   Code   RO          737    i.IntToUnicode      usbd_desc.o
    0x08003a4c   0x08003a4c   0x00000154   Code   RO           25    i.LoopElementLengths  main.o
    0x08003ba0   0x08003ba0   0x00000060   Code   RO           26    i.MX_ADC_Init       main.o
    0x08003c00   0x08003c00   0x000000c8   Code   RO           27    i.MX_GPIO_Init      main.o
    0x08003cc8   0x08003cc8   0x00000054   Code   RO          508    i.MX_USB_DEVICE_Init  usb_device.o
    0x08003d1c   0x08003d1c   0x00000028   Code   RO           28    i.Morse_CharToKey   main.o
    0x08003d44   0x08003d44   0x00000002   Code   RO          857    i.NMI_Handler       stm32f0xx_it.o
    0x08003d46   0x08003d46   0x00000002   PAD
    0x08003d48   0x08003d48   0x00000044   Code   RO         2831    i.NVIC_SetPriority  stm32f0xx_hal_cortex.o
    0x08003d8c   0x08003d8c   0x000000a0   Code   RO           29    i.OnUsbDataRx       main.o
    0x08003e2c   0x08003e2c   0x00000338   Code   RO         1067    i.PCD_EP_ISR_Handler  stm32f0xx_hal_pcd.o
    0x08004164   0x08004164   0x0000002a   Code   RO         1068    i.PCD_ReadPMA       stm32f0xx_hal_pcd.o
    0x0800418e   0x0800418e   0x00000026   Code   RO         1069    i.PCD_WritePMA      stm32f0xx_hal_pcd.o
    0x080041b4   0x080041b4   0x00000002   Code   RO          858    i.PendSV_Handler    stm32f0xx_it.o
    0x080041b6   0x080041b6   0x00000002   PAD
    0x080041b8   0x080041b8   0x00000034   Code   RO           30    i.PotValueWPM       main.o
    0x080041ec   0x080041ec   0x000000d4   Code   RO           31    i.PttKey            main.o
    0x080042c0   0x080042c0   0x00000028   Code   RO           32    i.PttUnkey          main.o
    0x080042e8   0x080042e8   0x00000064   Code   RO           33    i.RemoveFromSendBuffer  main.o
    0x0800434c   0x0800434c   0x00000002   Code   RO          859    i.SVC_Handler       stm32f0xx_it.o
    0x0800434e   0x0800434e   0x00000002   PAD
    0x08004350   0x08004350   0x00000068   Code   RO           34    i.SaveDefaultConfig  main.o
    0x080043b8   0x080043b8   0x00000108   Code   RO           35    i.SendChar          main.o
    0x080044c0   0x080044c0   0x00000128   Code   RO           36    i.SendDash          main.o
    0x080045e8   0x080045e8   0x000000ec   Code   RO           37    i.SendDot           main.o
    0x080046d4   0x080046d4   0x00000130   Code   RO           38    i.ServiceDotDashBuffers  main.o
    0x08004804   0x08004804   0x000002e0   Code   RO           39    i.ServiceSendBuffer  main.o
    0x08004ae4   0x08004ae4   0x000005ec   Code   RO           40    i.ServiceWinkey     main.o
    0x080050d0   0x080050d0   0x00000034   Code   RO           41    i.ServiceWinkeyBreakin  main.o
    0x08005104   0x08005104   0x0000001c   Code   RO           42    i.SetAutoLed        main.o
    0x08005120   0x08005120   0x00000048   Code   RO           43    i.SetCh             main.o
    0x08005168   0x08005168   0x0000002c   Code   RO           44    i.SetCw             main.o
    0x08005194   0x08005194   0x0000001c   Code   RO           45    i.SetTxLed          main.o
    0x080051b0   0x080051b0   0x00000044   Code   RO           46    i.SpeedSet          main.o
    0x080051f4   0x080051f4   0x00000060   Code   RO           47    i.StoreSetting      main.o
    0x08005254   0x08005254   0x00000008   Code   RO          860    i.SysTick_Handler   stm32f0xx_it.o
    0x0800525c   0x0800525c   0x0000005a   Code   RO           48    i.SystemClock_Config  main.o
    0x080052b6   0x080052b6   0x00000002   PAD
    0x080052b8   0x080052b8   0x0000005c   Code   RO         3238    i.SystemInit        system_stm32f0xx.o
    0x08005314   0x08005314   0x00000010   Code   RO          861    i.TIM14_IRQHandler  stm32f0xx_it.o
    0x08005324   0x08005324   0x00000084   Code   RO         1560    i.TIM_Base_SetConfig  stm32f0xx_hal_tim.o
    0x080053a8   0x080053a8   0x00000050   Code   RO           49    i.TxKey             main.o
    0x080053f8   0x080053f8   0x0000001e   Code   RO         3522    i.USBD_CDC_DataIn   usbd_cdc.o
    0x08005416   0x08005416   0x00000040   Code   RO         3523    i.USBD_CDC_DataOut  usbd_cdc.o
    0x08005456   0x08005456   0x00000054   Code   RO         3524    i.USBD_CDC_DeInit   usbd_cdc.o
    0x080054aa   0x080054aa   0x0000002c   Code   RO         3525    i.USBD_CDC_EP0_RxReady  usbd_cdc.o
    0x080054d6   0x080054d6   0x00000002   PAD
    0x080054d8   0x080054d8   0x0000000c   Code   RO         3526    i.USBD_CDC_GetDeviceQualifierDescriptor  usbd_cdc.o
    0x080054e4   0x080054e4   0x0000000c   Code   RO         3527    i.USBD_CDC_GetFSCfgDesc  usbd_cdc.o
    0x080054f0   0x080054f0   0x0000000c   Code   RO         3528    i.USBD_CDC_GetHSCfgDesc  usbd_cdc.o
    0x080054fc   0x080054fc   0x0000000c   Code   RO         3529    i.USBD_CDC_GetOtherSpeedCfgDesc  usbd_cdc.o
    0x08005508   0x08005508   0x000000de   Code   RO         3530    i.USBD_CDC_Init     usbd_cdc.o
    0x080055e6   0x080055e6   0x0000004a   Code   RO         3531    i.USBD_CDC_ReceivePacket  usbd_cdc.o
    0x08005630   0x08005630   0x00000014   Code   RO         3532    i.USBD_CDC_RegisterInterface  usbd_cdc.o
    0x08005644   0x08005644   0x00000014   Code   RO         3533    i.USBD_CDC_SetRxBuffer  usbd_cdc.o
    0x08005658   0x08005658   0x00000016   Code   RO         3534    i.USBD_CDC_SetTxBuffer  usbd_cdc.o
    0x0800566e   0x0800566e   0x00000002   PAD
    0x08005670   0x08005670   0x00000078   Code   RO         3535    i.USBD_CDC_Setup    usbd_cdc.o
    0x080056e8   0x080056e8   0x0000003c   Code   RO         3536    i.USBD_CDC_TransmitPacket  usbd_cdc.o
    0x08005724   0x08005724   0x00000010   Code   RO         3271    i.USBD_ClrClassConfig  usbd_core.o
    0x08005734   0x08005734   0x00000010   Code   RO         3466    i.USBD_CtlContinueRx  usbd_ioreq.o
    0x08005744   0x08005744   0x00000010   Code   RO         3467    i.USBD_CtlContinueSendData  usbd_ioreq.o
    0x08005754   0x08005754   0x00000014   Code   RO         3405    i.USBD_CtlError     usbd_ctlreq.o
    0x08005768   0x08005768   0x00000020   Code   RO         3468    i.USBD_CtlPrepareRx  usbd_ioreq.o
    0x08005788   0x08005788   0x00000018   Code   RO         3469    i.USBD_CtlReceiveStatus  usbd_ioreq.o
    0x080057a0   0x080057a0   0x0000001c   Code   RO         3470    i.USBD_CtlSendData  usbd_ioreq.o
    0x080057bc   0x080057bc   0x00000018   Code   RO         3471    i.USBD_CtlSendStatus  usbd_ioreq.o
    0x080057d4   0x080057d4   0x00000020   Code   RO          738    i.USBD_FS_ConfigStrDescriptor  usbd_desc.o
    0x080057f4   0x080057f4   0x0000000c   Code   RO          739    i.USBD_FS_DeviceDescriptor  usbd_desc.o
    0x08005800   0x08005800   0x00000024   Code   RO          740    i.USBD_FS_InterfaceStrDescriptor  usbd_desc.o
    0x08005824   0x08005824   0x0000000c   Code   RO          741    i.USBD_FS_LangIDStrDescriptor  usbd_desc.o
    0x08005830   0x08005830   0x00000018   Code   RO          742    i.USBD_FS_ManufacturerStrDescriptor  usbd_desc.o
    0x08005848   0x08005848   0x00000020   Code   RO          743    i.USBD_FS_ProductStrDescriptor  usbd_desc.o
    0x08005868   0x08005868   0x00000034   Code   RO          744    i.USBD_FS_SerialStrDescriptor  usbd_desc.o
    0x0800589c   0x0800589c   0x000000e0   Code   RO         3406    i.USBD_GetDescriptor  usbd_ctlreq.o
    0x0800597c   0x0800597c   0x00000044   Code   RO         3407    i.USBD_GetString    usbd_ctlreq.o
    0x080059c0   0x080059c0   0x00000018   Code   RO          548    i.USBD_Get_USB_Status  usbd_conf.o
    0x080059d8   0x080059d8   0x00000032   Code   RO         3273    i.USBD_Init         usbd_core.o
    0x08005a0a   0x08005a0a   0x00000014   Code   RO          549    i.USBD_LL_ClearStallEP  usbd_conf.o
    0x08005a1e   0x08005a1e   0x00000014   Code   RO          550    i.USBD_LL_CloseEP   usbd_conf.o
    0x08005a32   0x08005a32   0x000000b6   Code   RO         3274    i.USBD_LL_DataInStage  usbd_core.o
    0x08005ae8   0x08005ae8   0x00000074   Code   RO         3275    i.USBD_LL_DataOutStage  usbd_core.o
    0x08005b5c   0x08005b5c   0x00000010   Code   RO          554    i.USBD_LL_GetRxDataSize  usbd_conf.o
    0x08005b6c   0x08005b6c   0x000000b0   Code   RO          555    i.USBD_LL_Init      usbd_conf.o
    0x08005c1c   0x08005c1c   0x00000024   Code   RO          556    i.USBD_LL_IsStallEP  usbd_conf.o
    0x08005c40   0x08005c40   0x0000001a   Code   RO          557    i.USBD_LL_OpenEP    usbd_conf.o
    0x08005c5a   0x08005c5a   0x00000014   Code   RO          558    i.USBD_LL_PrepareReceive  usbd_conf.o
    0x08005c6e   0x08005c6e   0x00000046   Code   RO         3280    i.USBD_LL_Reset     usbd_core.o
    0x08005cb4   0x08005cb4   0x0000000c   Code   RO         3281    i.USBD_LL_Resume    usbd_core.o
    0x08005cc0   0x08005cc0   0x0000001e   Code   RO         3282    i.USBD_LL_SOF       usbd_core.o
    0x08005cde   0x08005cde   0x00000006   Code   RO         3283    i.USBD_LL_SetSpeed  usbd_core.o
    0x08005ce4   0x08005ce4   0x00000014   Code   RO          559    i.USBD_LL_SetUSBAddress  usbd_conf.o
    0x08005cf8   0x08005cf8   0x0000005e   Code   RO         3284    i.USBD_LL_SetupStage  usbd_core.o
    0x08005d56   0x08005d56   0x00000014   Code   RO          560    i.USBD_LL_StallEP   usbd_conf.o
    0x08005d6a   0x08005d6a   0x00000014   Code   RO          561    i.USBD_LL_Start     usbd_conf.o
    0x08005d7e   0x08005d7e   0x00000010   Code   RO         3285    i.USBD_LL_Suspend   usbd_core.o
    0x08005d8e   0x08005d8e   0x00000014   Code   RO          563    i.USBD_LL_Transmit  usbd_conf.o
    0x08005da2   0x08005da2   0x00000028   Code   RO         3408    i.USBD_ParseSetupRequest  usbd_ctlreq.o
    0x08005dca   0x08005dca   0x00000016   Code   RO         3286    i.USBD_RegisterClass  usbd_core.o
    0x08005de0   0x08005de0   0x0000001c   Code   RO         3288    i.USBD_SetClassConfig  usbd_core.o
    0x08005dfc   0x08005dfc   0x00000070   Code   RO         3409    i.USBD_SetConfig    usbd_ctlreq.o
    0x08005e6c   0x08005e6c   0x0000000a   Code   RO         3289    i.USBD_Start        usbd_core.o
    0x08005e76   0x08005e76   0x000000ee   Code   RO         3410    i.USBD_StdDevReq    usbd_ctlreq.o
    0x08005f64   0x08005f64   0x000000ea   Code   RO         3411    i.USBD_StdEPReq     usbd_ctlreq.o
    0x0800604e   0x0800604e   0x0000003a   Code   RO         3412    i.USBD_StdItfReq    usbd_ctlreq.o
    0x08006088   0x08006088   0x00000002   Code   RO          564    i.USBD_static_free  usbd_conf.o
    0x0800608a   0x0800608a   0x00000002   PAD
    0x0800608c   0x0800608c   0x00000008   Code   RO          565    i.USBD_static_malloc  usbd_conf.o
    0x08006094   0x08006094   0x00000010   Code   RO          862    i.USB_IRQHandler    stm32f0xx_it.o
    0x080060a4   0x080060a4   0x00000024   Code   RO          967    i.USB_print         commands.o
    0x080060c8   0x080060c8   0x000000e4   Code   RO           50    i.WinkeyAdminGetValuesCommand  main.o
    0x080061ac   0x080061ac   0x00000030   Code   RO           51    i.WinkeyDashToDotRatioCommand  main.o
    0x080061dc   0x080061dc   0x00000014   Code   RO           53    i.WinkeyFarnsworthCommand  main.o
    0x080061f0   0x080061f0   0x00000078   Code   RO           56    i.WinkeyLoadSettingsCommand  main.o
    0x08006268   0x08006268   0x0000002a   Code   RO           57    i.WinkeyPortWrite   main.o
    0x08006292   0x08006292   0x00000002   PAD
    0x08006294   0x08006294   0x0000002c   Code   RO           59    i.WinkeyPttTimesParm2Command  main.o
    0x080062c0   0x080062c0   0x00000068   Code   RO           60    i.WinkeySetPinconfigCommand  main.o
    0x08006328   0x08006328   0x00000010   Code   RO           62    i.WinkeySetPotParm2Command  main.o
    0x08006338   0x08006338   0x0000002c   Code   RO           63    i.WinkeySetPotParm3Command  main.o
    0x08006364   0x08006364   0x00000080   Code   RO           64    i.WinkeySetmodeCommand  main.o
    0x080063e4   0x080063e4   0x00000030   Code   RO           66    i.WinkeyUnbufferedSpeedCommand  main.o
    0x08006414   0x08006414   0x00000014   Code   RO           67    i.WinkeyWeightingCommand  main.o
    0x08006428   0x08006428   0x00000034   Code   RO         3741    i.__0snprintf$3     mc_p.l(printf3.o)
    0x0800645c   0x0800645c   0x00000028   Code   RO         3742    i.__0sprintf$3      mc_p.l(printf3.o)
    0x08006484   0x08006484   0x0000002e   Code   RO         3983    i.__ARM_clz         mf_p.l(depilogue.o)
    0x080064b2   0x080064b2   0x0000001a   Code   RO          369    i.__ARM_common_switch8  main.o
    0x080064cc   0x080064cc   0x00000008   Code   RO         3967    i.__aeabi_errno_addr  mc_p.l(errno.o)
    0x080064d4   0x080064d4   0x0000000c   Code   RO         3968    i.__read_errno      mc_p.l(errno.o)
    0x080064e0   0x080064e0   0x0000000e   Code   RO         4042    i.__scatterload_copy  mc_p.l(handlers.o)
    0x080064ee   0x080064ee   0x00000002   Code   RO         4043    i.__scatterload_null  mc_p.l(handlers.o)
    0x080064f0   0x080064f0   0x0000000e   Code   RO         4044    i.__scatterload_zeroinit  mc_p.l(handlers.o)
    0x080064fe   0x080064fe   0x00000002   PAD
    0x08006500   0x08006500   0x0000000c   Code   RO         3969    i.__set_errno       mc_p.l(errno.o)
    0x0800650c   0x0800650c   0x0000000e   Code   RO         4024    i._is_digit         mc_p.l(scanf_fp.o)
    0x0800651a   0x0800651a   0x00000002   PAD
    0x0800651c   0x0800651c   0x000001cc   Code   RO         3747    i._printf_core      mc_p.l(printf3.o)
    0x080066e8   0x080066e8   0x00000016   Code   RO         3748    i._snputc           mc_p.l(printf3.o)
    0x080066fe   0x080066fe   0x0000000a   Code   RO         3749    i._sputc            mc_p.l(printf3.o)
    0x08006708   0x08006708   0x0000002a   Code   RO         3623    i.atof              m_ps.l(atof.o)
    0x08006732   0x08006732   0x00000002   PAD
    0x08006734   0x08006734   0x00000080   Code   RO          968    i.cmd_chhead        commands.o
    0x080067b4   0x080067b4   0x00000088   Code   RO          969    i.cmd_chrev         commands.o
    0x0800683c   0x0800683c   0x00000078   Code   RO          970    i.cmd_chtail        commands.o
    0x080068b4   0x080068b4   0x00000064   Code   RO          971    i.cmd_cwrev         commands.o
    0x08006918   0x08006918   0x00000110   Code   RO          972    i.cmd_keymode       commands.o
    0x08006a28   0x08006a28   0x00000068   Code   RO          973    i.cmd_keyreverse    commands.o
    0x08006a90   0x08006a90   0x00000358   Code   RO           68    i.convert_cw_number_to_ascii  main.o
    0x08006de8   0x08006de8   0x00000204   Code   RO           70    i.main              main.o
    0x08006fec   0x08006fec   0x00000018   Code   RO           71    i.map               main.o
    0x08007004   0x08007004   0x0000001a   Code   RO          974    i.strupr            commands.o
    0x0800701e   0x0800701e   0x0000016c   Data   RO           75    .constdata          main.o
    0x0800718a   0x0800718a   0x00000002   PAD
    0x0800718c   0x0800718c   0x00000058   Data   RO          975    .constdata          commands.o
    0x080071e4   0x080071e4   0x00000010   Data   RO         3239    .constdata          system_stm32f0xx.o
    0x080071f4   0x080071f4   0x00000081   Data   RO         3995    .constdata          mc_p.l(ctype_o.o)
    0x08007275   0x08007275   0x00000003   PAD
    0x08007278   0x08007278   0x00000004   Data   RO         3996    .constdata          mc_p.l(ctype_o.o)
    0x0800727c   0x0800727c   0x000000d8   Data   RO          976    .conststring        commands.o
    0x08007354   0x08007354   0x00000020   Data   RO         4040    Region$$Table       anon$$obj.o


    Execution Region RW_IRAM1 (Exec base: 0x20000000, Load base: 0x08007374, Size: 0x00001590, Max: 0x00001800, ABSOLUTE, COMPRESSED[0x00000108])

    Exec Addr    Load Addr    Size         Type   Attr      Idx    E Section Name        Object

    0x20000000   COMPRESSED   0x00000088   Data   RW           76    .data               main.o
    0x20000088   COMPRESSED   0x0000001c   Data   RW          746    .data               usbd_desc.o
    0x200000a4   COMPRESSED   0x00000032   Data   RW          747    .data               usbd_desc.o
    0x200000d6   COMPRESSED   0x00000002   PAD
    0x200000d8   COMPRESSED   0x00000010   Data   RW          812    .data               usbd_cdc_if.o
    0x200000e8   COMPRESSED   0x00000002   Data   RW          813    .data               usbd_cdc_if.o
    0x200000ea   COMPRESSED   0x00000002   PAD
    0x200000ec   COMPRESSED   0x00000004   Data   RW          977    .data               commands.o
    0x200000f0   COMPRESSED   0x00000004   Data   RW         2544    .data               stm32f0xx_hal.o
    0x200000f4   COMPRESSED   0x00000004   Data   RW         3241    .data               system_stm32f0xx.o
    0x200000f8   COMPRESSED   0x00000001   Data   RW         3413    .data               usbd_ctlreq.o
    0x200000f9   COMPRESSED   0x00000003   PAD
    0x200000fc   COMPRESSED   0x000001bd   Data   RW         3537    .data               usbd_cdc.o
    0x200002b9   COMPRESSED   0x00000003   PAD
    0x200002bc   COMPRESSED   0x00000038   Data   RW         3538    .data               usbd_cdc.o
    0x200002f4   COMPRESSED   0x00000004   Data   RW         3970    .data               mc_p.l(errno.o)
    0x200002f8        -       0x000001d0   Zero   RW           73    .bss                main.o
    0x200004c8        -       0x00000044   Zero   RW           74    .bss                main.o
    0x2000050c        -       0x00000224   Zero   RW          509    .bss                usb_device.o
    0x20000730        -       0x00000440   Zero   RW          566    .bss                usbd_conf.o
    0x20000b70        -       0x00000200   Zero   RW          745    .bss                usbd_desc.o
    0x20000d70        -       0x00000400   Zero   RW          811    .bss                usbd_cdc_if.o
    0x20001170        -       0x00000020   Zero   RW         3081    .bss                stm32f0xx_hal_flash.o
    0x20001190        -       0x00000400   Zero   RW            1    STACK               startup_stm32f042x6.o



  Load Region LR$$.ARM.__AT_0x08007C00 (Base: 0x08007c00, Size: 0x00000000, Max: 0x0000002c, ABSOLUTE)

    Execution Region ER$$.ARM.__AT_0x08007C00 (Exec base: 0x08007c00, Load base: 0x08007c00, Size: 0x0000002c, Max: 0x0000002c, ABSOLUTE, UNINIT)

    Exec Addr    Load Addr    Size         Type   Attr      Idx    E Section Name        Object

    0x08007c00        -       0x0000002c   Zero   RW           72    .ARM.__AT_0x08007C00  main.o


==============================================================================

Image component sizes


      Code (inc. data)   RO Data    RW Data    ZI Data      Debug   Object Name

      1302        376        304          4          0       7393   commands.o
      9096        920        364        136        576     515191   main.o
        88         38        192          0       1024        624   startup_stm32f042x6.o
        94         18          0          4          0       2923   stm32f0xx_hal.o
      1408         52          0          0          0       8933   stm32f0xx_hal_adc.o
       176          0          0          0          0       1338   stm32f0xx_hal_adc_ex.o
       172         34          0          0          0       9340   stm32f0xx_hal_cortex.o
       470         14          0          0          0       4539   stm32f0xx_hal_dma.o
       348         56          0          0         32       4538   stm32f0xx_hal_flash.o
       232         30          0          0          0       2941   stm32f0xx_hal_flash_ex.o
       338         22          0          0          0       2779   stm32f0xx_hal_gpio.o
       284         38          0          0          0       2098   stm32f0xx_hal_msp.o
      3268        146          0          0          0      13301   stm32f0xx_hal_pcd.o
        58          0          0          0          0       1194   stm32f0xx_hal_pcd_ex.o
      1472         90          0          0          0       4494   stm32f0xx_hal_rcc.o
       268         14          0          0          0       1444   stm32f0xx_hal_rcc_ex.o
       568         20          0          0          0       5989   stm32f0xx_hal_tim.o
         4          0          0          0          0       1482   stm32f0xx_hal_tim_ex.o
        64         18          0          0          0       3262   stm32f0xx_it.o
        92         14         16          4          0       1071   system_stm32f0xx.o
        84         16          0          0        548        676   usb_device.o
       808         20          0        501          0      12498   usbd_cdc.o
       288         32          0         18       1024       4119   usbd_cdc_if.o
       696         38          0          0       1088      12494   usbd_conf.o
       652          0          0          0          0       8904   usbd_core.o
       994         34          0          1          0       7580   usbd_ctlreq.o
       244         76          0         78        512       5409   usbd_desc.o
       140          0          0          0          0       4168   usbd_ioreq.o

    ----------------------------------------------------------------------
     23742       2116        910        756       4804     650722   Object Totals
         0          0         32          0          0          0   (incl. Generated)
        34          0          2         10          0          0   (incl. Padding)

    ----------------------------------------------------------------------

      Code (inc. data)   RO Data    RW Data    ZI Data      Debug   Library Member Name

        42          0          0          0          0         76   atof.o
        86          0          0          0          0          0   __dczerorl2.o
        30          0          0          0          0         60   _chval.o
        68          0          0          0          0         76   _sgetc.o
       166          0          0          0          0         84   _strtoul.o
        26          0          0          0          0         72   atoi.o
         8          4        133          0          0         60   ctype_o.o
         0          0          0          0          0          0   entry.o
         0          0          0          0          0          0   entry10a.o
         0          0          0          0          0          0   entry11a.o
         8          4          0          0          0          0   entry2.o
         4          0          0          0          0          0   entry5.o
         0          0          0          0          0          0   entry7b.o
         0          0          0          0          0          0   entry8b.o
         8          4          0          0          0          0   entry9a.o
        32         16          0          4          0        180   errno.o
        30          0          0          0          0          0   handlers.o
        40          0          0          0          0         72   idiv.o
        36          8          0          0          0         68   init.o
        18          0          0          0          0         68   isspace_o.o
         0          0          0          0          0          0   iusefp.o
       122          0          0          0          0         84   llmul.o
        32          0          0          0          0         68   llshl.o
        38          0          0          0          0         68   llsshr.o
        34          0          0          0          0         68   llushr.o
        36          0          0          0          0         60   memcpya.o
        36          0          0          0          0        100   memseta.o
       584         14          0          0          0        372   printf3.o
       898         12          0          0          0        184   scanf_fp.o
        38          0          0          0          0         76   strcasecmp.o
        20          0          0          0          0         60   strchr.o
        28          0          0          0          0         68   strcmp.o
        14          0          0          0          0         60   strlen.o
       164         16          0          0          0        120   strtod.o
       112          4          0          0          0         76   strtol.o
        12          0          0          0          0         60   tolower.o
        12          0          0          0          0         60   toupper.o
        44          0          0          0          0         72   uidiv.o
        56          0          0          0          0         68   d2f.o
       356          4          0          0          0        140   dadd.o
       240          6          0          0          0         84   ddiv.o
       236          0          0          0          0        216   depilogue.o
        60         10          0          0          0         68   dfixui.o
        28          4          0          0          0         68   dfltui.o
        28          6          0          0          0         68   dfltul.o
       208          6          0          0          0         88   dmul.o
        40          0          0          0          0         60   f2d.o
       178          0          0          0          0        108   fadd.o
       124          0          0          0          0         72   fdiv.o
       130          0          0          0          0        144   fepilogue.o
        40          0          0          0          0         60   ffixui.o
        48          0          0          0          0         68   ffixul.o
        22          0          0          0          0         68   fflti.o
        14          0          0          0          0         68   ffltui.o
       122          0          0          0          0         72   fmul.o

    ----------------------------------------------------------------------
      4768        118        136          4          0       3992   Library Totals
        12          0          3          0          0          0   (incl. Padding)

    ----------------------------------------------------------------------

      Code (inc. data)   RO Data    RW Data    ZI Data      Debug   Library Name

        42          0          0          0          0         76   m_ps.l
      2784         82        133          4          0       2396   mc_p.l
      1930         36          0          0          0       1520   mf_p.l

    ----------------------------------------------------------------------
      4768        118        136          4          0       3992   Library Totals

    ----------------------------------------------------------------------

==============================================================================


      Code (inc. data)   RO Data    RW Data    ZI Data      Debug   

     28510       2234       1046        760       4804     643058   Grand Totals
     28510       2234       1046        264       4804     643058   ELF Image Totals (compressed)
     28510       2234       1046        264          0          0   ROM Totals

==============================================================================

    Total RO  Size (Code + RO Data)                29556 (  28.86kB)
    Total RW  Size (RW Data + ZI Data)              5564 (   5.43kB)
    Total ROM Size (Code + RO Data + RW Data)      29820 (  29.12kB)

==============================================================================

