Component: ARM Compiler 5.06 update 6 (build 750) Tool: armlink [4d35ed]

==============================================================================

Section Cross References

    startup_stm32f042x6.o(RESET) refers to startup_stm32f042x6.o(STACK) for __initial_sp
    startup_stm32f042x6.o(RESET) refers to startup_stm32f042x6.o(.text) for Reset_Handler
    startup_stm32f042x6.o(RESET) refers to stm32f0xx_it.o(i.NMI_Handler) for NMI_Handler
    startup_stm32f042x6.o(RESET) refers to stm32f0xx_it.o(i.HardFault_Handler) for HardFault_Handler
    startup_stm32f042x6.o(RESET) refers to stm32f0xx_it.o(i.SVC_Handler) for SVC_Handler
    startup_stm32f042x6.o(RESET) refers to stm32f0xx_it.o(i.PendSV_Handler) for PendSV_Handler
    startup_stm32f042x6.o(RESET) refers to stm32f0xx_it.o(i.SysTick_Handler) for SysTick_Handler
    startup_stm32f042x6.o(RESET) refers to stm32f0xx_it.o(i.DMA1_Channel1_IRQHandler) for DMA1_Channel1_IRQHandler
    startup_stm32f042x6.o(RESET) refers to stm32f0xx_it.o(i.TIM14_IRQHandler) for TIM14_IRQHandler
    startup_stm32f042x6.o(RESET) refers to stm32f0xx_it.o(i.USB_IRQHandler) for USB_IRQHandler
    startup_stm32f042x6.o(.text) refers to startup_stm32f042x6.o(STACK) for __initial_sp
    startup_stm32f042x6.o(.text) refers to system_stm32f0xx.o(i.SystemInit) for SystemInit
    startup_stm32f042x6.o(.text) refers to entry.o(.ARM.Collect$$$$00000000) for __main
    main.o(i.AddToSendBuffer) refers to main.o(i.WinkeyPortWrite) for WinkeyPortWrite
    main.o(i.AddToSendBuffer) refers to main.o(.data) for .data
    main.o(i.AddToSendBuffer) refers to main.o(.bss) for .bss
    main.o(i.CheckDashPaddle) refers to stm32f0xx_hal_gpio.o(i.HAL_GPIO_ReadPin) for HAL_GPIO_ReadPin
    main.o(i.CheckDashPaddle) refers to main.o(i.ClearSendBuffer) for ClearSendBuffer
    main.o(i.CheckDashPaddle) refers to main.o(.bss) for .bss
    main.o(i.CheckDashPaddle) refers to main.o(.data) for .data
    main.o(i.CheckDotPaddle) refers to stm32f0xx_hal_gpio.o(i.HAL_GPIO_ReadPin) for HAL_GPIO_ReadPin
    main.o(i.CheckDotPaddle) refers to main.o(i.ClearSendBuffer) for ClearSendBuffer
    main.o(i.CheckDotPaddle) refers to main.o(.bss) for .bss
    main.o(i.CheckDotPaddle) refers to main.o(.data) for .data
    main.o(i.CheckPaddles) refers to main.o(i.CheckDotPaddle) for CheckDotPaddle
    main.o(i.CheckPaddles) refers to main.o(i.CheckDashPaddle) for CheckDashPaddle
    main.o(i.CheckPaddles) refers to main.o(i.__ARM_common_switch8) for __ARM_common_switch8
    main.o(i.CheckPaddles) refers to main.o(.data) for .data
    main.o(i.CheckPaddles) refers to main.o(.bss) for .bss
    main.o(i.CheckPotentiometer) refers to stm32f0xx_hal.o(i.HAL_GetTick) for HAL_GetTick
    main.o(i.CheckPotentiometer) refers to main.o(i.PotValueWPM) for PotValueWPM
    main.o(i.CheckPotentiometer) refers to main.o(i.SpeedSet) for SpeedSet
    main.o(i.CheckPotentiometer) refers to main.o(i.WinkeyPortWrite) for WinkeyPortWrite
    main.o(i.CheckPotentiometer) refers to main.o(.bss) for .bss
    main.o(i.CheckPotentiometer) refers to main.o(.data) for .data
    main.o(i.CheckPttTail) refers to stm32f0xx_hal_gpio.o(i.HAL_GPIO_ReadPin) for HAL_GPIO_ReadPin
    main.o(i.CheckPttTail) refers to main.o(i.PttUnkey) for PttUnkey
    main.o(i.CheckPttTail) refers to stm32f0xx_hal.o(i.HAL_GetTick) for HAL_GetTick
    main.o(i.CheckPttTail) refers to main.o(i.PttKey) for PttKey
    main.o(i.CheckPttTail) refers to uidiv.o(.text) for __aeabi_uidivmod
    main.o(i.CheckPttTail) refers to main.o(.data) for .data
    main.o(i.CheckPttTail) refers to main.o(.bss) for .bss
    main.o(i.CheckSequencerTailTime) refers to stm32f0xx_hal.o(i.HAL_GetTick) for HAL_GetTick
    main.o(i.CheckSequencerTailTime) refers to main.o(i.SetCh) for SetCh
    main.o(i.CheckSequencerTailTime) refers to main.o(.data) for .data
    main.o(i.CheckSequencerTailTime) refers to main.o(.bss) for .bss
    main.o(i.ClearSendBuffer) refers to commands.o(i.USB_print) for USB_print
    main.o(i.ClearSendBuffer) refers to main.o(.data) for .data
    main.o(i.DisplaySettings) refers to printf3.o(i.__0snprintf$3) for __2snprintf
    main.o(i.DisplaySettings) refers to commands.o(i.USB_print) for USB_print
    main.o(i.DisplaySettings) refers to uidiv.o(.text) for __aeabi_uidivmod
    main.o(i.DisplaySettings) refers to main.o(.bss) for .bss
    main.o(i.HAL_ADC_ConvCpltCallback) refers to stm32f0xx_hal_adc.o(i.HAL_ADC_Stop_DMA) for HAL_ADC_Stop_DMA
    main.o(i.HAL_ADC_ConvCpltCallback) refers to main.o(.bss) for .bss
    main.o(i.HAL_ADC_ConvCpltCallback) refers to main.o(.data) for .data
    main.o(i.HAL_TIM_PeriodElapsedCallback) refers to main.o(.data) for .data
    main.o(i.LoopElementLengths) refers to uidiv.o(.text) for __aeabi_uidivmod
    main.o(i.LoopElementLengths) refers to ffltui.o(.text) for __aeabi_ui2f
    main.o(i.LoopElementLengths) refers to fmul.o(.text) for __aeabi_fmul
[...]
    i._is_digit                              0x08006484   Section        0  scanf_fp.o(i._is_digit)
    i._printf_core                           0x08006494   Section        0  printf3.o(i._printf_core)
    _printf_core                             0x08006495   Thumb Code   456  printf3.o(i._printf_core)
    i._snputc                                0x08006660   Section        0  printf3.o(i._snputc)
    _snputc                                  0x08006661   Thumb Code    22  printf3.o(i._snputc)
    i._sputc                                 0x08006676   Section        0  printf3.o(i._sputc)
    _sputc                                   0x08006677   Thumb Code    10  printf3.o(i._sputc)
    i.atof                                   0x08006680   Section        0  atof.o(i.atof)
    i.cmd_chrev                              0x080066ac   Section        0  commands.o(i.cmd_chrev)
    cmd_chrev                                0x080066ad   Thumb Code    74  commands.o(i.cmd_chrev)
    i.cmd_cwrev                              0x0800671c   Section        0  commands.o(i.cmd_cwrev)
    cmd_cwrev                                0x0800671d   Thumb Code    66  commands.o(i.cmd_cwrev)
    i.cmd_delay                              0x08006780   Section        0  commands.o(i.cmd_delay)
    cmd_delay                                0x08006781   Thumb Code    68  commands.o(i.cmd_delay)
    i.cmd_keyreverse                         0x080067e4   Section        0  commands.o(i.cmd_keyreverse)
    cmd_keyreverse                           0x080067e5   Thumb Code    64  commands.o(i.cmd_keyreverse)
    i.convert_cw_number_to_ascii             0x0800684c   Section        0  main.o(i.convert_cw_number_to_ascii)
    i.main                                   0x08006ba4   Section        0  main.o(i.main)
    i.map                                    0x08006db0   Section        0  main.o(i.map)
    i.strupr                                 0x08006dc8   Section        0  commands.o(i.strupr)
    .constdata                               0x08006de2   Section      364  main.o(.constdata)
    morse_keys                               0x08006de2   Data         364  main.o(.constdata)
    .constdata                               0x08006f50   Section      120  commands.o(.constdata)
    .constdata                               0x08006fc8   Section       16  system_stm32f0xx.o(.constdata)
    .constdata                               0x08006fd8   Section      129  ctype_o.o(.constdata)
    .constdata                               0x0800705c   Section        4  ctype_o.o(.constdata)
    table                                    0x0800705c   Data           4  ctype_o.o(.constdata)
    .conststring                             0x08007060   Section      291  commands.o(.conststring)
    .ARM.__AT_0x08007C00                     0x08007c00   Section       48  main.o(.ARM.__AT_0x08007C00)
    .data                                    0x20000000   Section      136  main.o(.data)
    winkey_status                            0x20000010   Data           1  main.o(.data)
    winkey_paddle_echo_space_sent            0x20000011   Data           1  main.o(.data)
    last_closure                             0x20000012   Data           1  main.o(.data)
    bug_dah_flag                             0x20000013   Data           1  main.o(.data)
    timed_command_in_progress                0x20000014   Data           1  main.o(.data)
    last_pot_read                            0x2000001a   Data           2  main.o(.data)
    return_value                             0x2000001c   Data           2  main.o(.data)
    winkey_parmcount                         0x20000040   Data           4  main.o(.data)
    winkey_last_activity                     0x20000044   Data           4  main.o(.data)
    timed_command_end_time                   0x20000048   Data           4  main.o(.data)
    adc_tik                                  0x2000004c   Data           4  main.o(.data)
    last_pot_check_time                      0x20000050   Data           4  main.o(.data)
    .data                                    0x20000088   Section       28  usbd_desc.o(.data)
    .data                                    0x200000a4   Section       50  usbd_desc.o(.data)
    .data                                    0x200000d8   Section       16  usbd_cdc_if.o(.data)
    .data                                    0x200000e8   Section        2  usbd_cdc_if.o(.data)
    .data                                    0x200000ec   Section        4  commands.o(.data)
    .data                                    0x200000f0   Section        4  stm32f0xx_hal.o(.data)
    .data                                    0x200000f4   Section        4  system_stm32f0xx.o(.data)
    .data                                    0x200000f8   Section        1  usbd_ctlreq.o(.data)
    cfgidx                                   0x200000f8   Data           1  usbd_ctlreq.o(.data)
    .data                                    0x200000fc   Section      445  usbd_cdc.o(.data)
    ifalt                                    0x200000fc   Data           1  usbd_cdc.o(.data)
    USBD_CDC_DeviceQualifierDesc             0x20000100   Data          10  usbd_cdc.o(.data)
    .data                                    0x200002bc   Section       56  usbd_cdc.o(.data)
    .data                                    0x200002f4   Section        4  errno.o(.data)
    _errno                                   0x200002f4   Data           4  errno.o(.data)
    .bss                                     0x200002f8   Section      468  main.o(.bss)
    .bss                                     0x200004cc   Section       68  main.o(.bss)
    .bss                                     0x20000510   Section      548  usb_device.o(.bss)
    .bss                                     0x20000734   Section     1088  usbd_conf.o(.bss)
    mem                                      0x20000734   Data         544  usbd_conf.o(.bss)
    .bss                                     0x20000b74   Section      512  usbd_desc.o(.bss)
    .bss                                     0x20000d74   Section     1024  usbd_cdc_if.o(.bss)
    .bss                                     0x20001178   Section       32  stm32f0xx_hal_flash.o(.bss)
    STACK                                    0x20001198   Section     1024  startup_stm32f042x6.o(STACK)

    Global Symbols

    Symbol Name                              Value     Ov Type        Size  Object(Section)

    BuildAttributes$$THM_ISAv3M$S$PE$A:L22$X:L11$S22$IEEE1$IW$USESV6$~STKCKD$USESV7$~SHL$OTIME$ROPI$IEEEJ$EBA8$MICROLIB$REQ8$PRES8$EABIv2 0x00000000   Number         0  anon$$obj.o ABSOLUTE
    __ARM_use_no_argv                        0x00000000   Number         0  main.o ABSOLUTE
    _printf_a                                0x00000000   Number         0  stubs.o ABSOLUTE
    _printf_c                                0x00000000   Number         0  stubs.o ABSOLUTE
    _printf_charcount                        0x00000000   Number         0  stubs.o ABSOLUTE
    _printf_d                                0x00000000   Number         0  stubs.o ABSOLUTE
    _printf_e                                0x00000000   Number         0  stubs.o ABSOLUTE
    _printf_f                                0x00000000   Number         0  stubs.o ABSOLUTE
    _printf_flags                            0x00000000   Number         0  stubs.o ABSOLUTE
    _printf_fp_dec                           0x00000000   Number         0  stubs.o ABSOLUTE
    _printf_fp_hex                           0x00000000   Number         0  stubs.o ABSOLUTE
    _printf_g                                0x00000000   Number         0  stubs.o ABSOLUTE
    _printf_i                                0x00000000   Number         0  stubs.o ABSOLUTE
    _printf_int_dec                          0x00000000   Number         0  stubs.o ABSOLUTE
    _printf_l                                0x00000000   Number         0  stubs.o ABSOLUTE
    _printf_lc                               0x00000000   Number         0  stubs.o ABSOLUTE
    _printf_ll                               0x00000000   Number         0  stubs.o ABSOLUTE
    _printf_lld                              0x00000000   Number         0  stubs.o ABSOLUTE
    _printf_lli                              0x00000000   Number         0  stubs.o ABSOLUTE
    _printf_llo                              0x00000000   Number         0  stubs.o ABSOLUTE
    _printf_llu                              0x00000000   Number         0  stubs.o ABSOLUTE
    _printf_llx                              0x00000000   Number         0  stubs.o ABSOLUTE
    _printf_longlong_dec                     0x00000000   Number         0  stubs.o ABSOLUTE
    _printf_longlong_hex                     0x00000000   Number         0  stubs.o ABSOLUTE
    _printf_longlong_oct                     0x00000000   Number         0  stubs.o ABSOLUTE
    _printf_ls                               0x00000000   Number         0  stubs.o ABSOLUTE
    _printf_mbtowc                           0x00000000   Number         0  stubs.o ABSOLUTE
    _printf_n                                0x00000000   Number         0  stubs.o ABSOLUTE
    _printf_o                                0x00000000   Number         0  stubs.o ABSOLUTE
    _printf_p                                0x00000000   Number         0  stubs.o ABSOLUTE
    _printf_percent                          0x00000000   Number         0  stubs.o ABSOLUTE
    _printf_pre_padding                      0x00000000   Number         0  stubs.o ABSOLUTE
    _printf_return_value                     0x00000000   Number         0  stubs.o ABSOLUTE
    _printf_s                                0x00000000   Number         0  stubs.o ABSOLUTE
    _printf_sizespec                         0x00000000   Number         0  stubs.o ABSOLUTE
    _printf_str                              0x00000000   Number         0  stubs.o ABSOLUTE
    _printf_truncate_signed                  0x00000000   Number         0  stubs.o ABSOLUTE
    _printf_truncate_unsigned                0x00000000   Number         0  stubs.o ABSOLUTE
    _printf_u                                0x00000000   Number         0  stubs.o ABSOLUTE
    _printf_wc                               0x00000000   Number         0  stubs.o ABSOLUTE
    _printf_wctomb                           0x00000000   Number         0  stubs.o ABSOLUTE
    _printf_widthprec                        0x00000000   Number         0  stubs.o ABSOLUTE
    _printf_x                                0x00000000   Number         0  stubs.o ABSOLUTE
    __cpp_initialize__aeabi_                  - Undefined Weak Reference
    __cxa_finalize                            - Undefined Weak Reference
    _clock_init                               - Undefined Weak Reference
    _microlib_exit                            - Undefined Weak Reference
    __Vectors_Size                           0x000000c0   Number         0  startup_stm32f042x6.o ABSOLUTE
    __Vectors                                0x08000000   Data           4  startup_stm32f042x6.o(RESET)
    __Vectors_End                            0x080000c0   Data           0  startup_stm32f042x6.o(RESET)
    __main                                   0x080000c1   Thumb Code     0  entry.o(.ARM.Collect$$$$00000000)
    _main_stk                                0x080000c1   Thumb Code     0  entry2.o(.ARM.Collect$$$$00000001)
    _main_scatterload                        0x080000c5   Thumb Code     0  entry5.o(.ARM.Collect$$$$00000004)
    __main_after_scatterload                 0x080000c9   Thumb Code     0  entry5.o(.ARM.Collect$$$$00000004)
    _main_clock                              0x080000c9   Thumb Code     0  entry7b.o(.ARM.Collect$$$$00000008)
    _main_cpp_init                           0x080000c9   Thumb Code     0  entry8b.o(.ARM.Collect$$$$0000000A)
    _main_init                               0x080000c9   Thumb Code     0  entry9a.o(.ARM.Collect$$$$0000000B)
    __rt_final_cpp                           0x080000d1   Thumb Code     0  entry10a.o(.ARM.Collect$$$$0000000D)
    __rt_final_exit                          0x080000d1   Thumb Code     0  entry11a.o(.ARM.Collect$$$$0000000F)
    Reset_Handler                            0x080000d5   Thumb Code    38  startup_stm32f042x6.o(.text)
    ADC1_IRQHandler                          0x08000105   Thumb Code     0  startup_stm32f042x6.o(.text)
    CEC_CAN_IRQHandler                       0x08000105   Thumb Code     0  startup_stm32f042x6.o(.text)
    DMA1_Channel2_3_IRQHandler               0x08000105   Thumb Code     0  startup_stm32f042x6.o(.text)
    DMA1_Channel4_5_IRQHandler               0x08000105   Thumb Code     0  startup_stm32f042x6.o(.text)
    EXTI0_1_IRQHandler                       0x08000105   Thumb Code     0  startup_stm32f042x6.o(.text)
    EXTI2_3_IRQHandler                       0x08000105   Thumb Code     0  startup_stm32f042x6.o(.text)
    EXTI4_15_IRQHandler                      0x08000105   Thumb Code     0  startup_stm32f042x6.o(.text)
    FLASH_IRQHandler                         0x08000105   Thumb Code     0  startup_stm32f042x6.o(.text)
    I2C1_IRQHandler                          0x08000105   Thumb Code     0  startup_stm32f042x6.o(.text)
    PVD_VDDIO2_IRQHandler                    0x08000105   Thumb Code     0  startup_stm32f042x6.o(.text)
    RCC_CRS_IRQHandler                       0x08000105   Thumb Code     0  startup_stm32f042x6.o(.text)
    RTC_IRQHandler                           0x08000105   Thumb Code     0  startup_stm32f042x6.o(.text)
    SPI1_IRQHandler                          0x08000105   Thumb Code     0  startup_stm32f042x6.o(.text)
    SPI2_IRQHandler                          0x08000105   Thumb Code     0  startup_stm32f042x6.o(.text)
    TIM16_IRQHandler                         0x08000105   Thumb Code     0  startup_stm32f042x6.o(.text)
    TIM17_IRQHandler                         0x08000105   Thumb Code     0  startup_stm32f042x6.o(.text)
    TIM1_BRK_UP_TRG_COM_IRQHandler           0x08000105   Thumb Code     0  startup_stm32f042x6.o(.text)
    TIM1_CC_IRQHandler                       0x08000105   Thumb Code     0  startup_stm32f042x6.o(.text)
    TIM2_IRQHandler                          0x08000105   Thumb Code     0  startup_stm32f042x6.o(.text)
    TIM3_IRQHandler                          0x08000105   Thumb Code     0  startup_stm32f042x6.o(.text)
    TSC_IRQHandler                           0x08000105   Thumb Code     0  startup_stm32f042x6.o(.text)
    USART1_IRQHandler                        0x08000105   Thumb Code     0  startup_stm32f042x6.o(.text)
    USART2_IRQHandler                        0x08000105   Thumb Code     0  startup_stm32f042x6.o(.text)
    WWDG_IRQHandler                          0x08000105   Thumb Code     0  startup_stm32f042x6.o(.text)
    __aeabi_uidiv                            0x0800012d   Thumb Code     0  uidiv.o(.text)
    __aeabi_uidivmod                         0x0800012d   Thumb Code    44  uidiv.o(.text)
    __aeabi_idiv                             0x08000159   Thumb Code     0  idiv.o(.text)
    __aeabi_idivmod                          0x08000159   Thumb Code    40  idiv.o(.text)
    __aeabi_llsr                             0x08000181   Thumb Code    34  llushr.o(.text)
    _ll_ushift_r                             0x08000181   Thumb Code     0  llushr.o(.text)
    toupper                                  0x080001a3   Thumb Code    12  toupper.o(.text)
    __aeabi_memcpy                           0x080001af   Thumb Code    36  memcpya.o(.text)
    __aeabi_memcpy4                          0x080001af   Thumb Code     0  memcpya.o(.text)
    __aeabi_memcpy8                          0x080001af   Thumb Code     0  memcpya.o(.text)
    __aeabi_memset                           0x080001d3   Thumb Code    14  memseta.o(.text)
    __aeabi_memset4                          0x080001d3   Thumb Code     0  memseta.o(.text)
    __aeabi_memset8                          0x080001d3   Thumb Code     0  memseta.o(.text)
    __aeabi_memclr                           0x080001e1   Thumb Code     4  memseta.o(.text)
    __aeabi_memclr4                          0x080001e1   Thumb Code     0  memseta.o(.text)
    __aeabi_memclr8                          0x080001e1   Thumb Code     0  memseta.o(.text)
    _memset$wrapper                          0x080001e5   Thumb Code    18  memseta.o(.text)
    strchr                                   0x080001f7   Thumb Code    20  strchr.o(.text)
    strlen                                   0x0800020b   Thumb Code    14  strlen.o(.text)
    strcmp                                   0x08000219   Thumb Code    28  strcmp.o(.text)
    atoi                                     0x08000235   Thumb Code    26  atoi.o(.text)
    __aeabi_fadd                             0x0800024f   Thumb Code   162  fadd.o(.text)
    __aeabi_fsub                             0x080002f1   Thumb Code     8  fadd.o(.text)
    __aeabi_frsub                            0x080002f9   Thumb Code     8  fadd.o(.text)
    __aeabi_fmul                             0x08000301   Thumb Code   122  fmul.o(.text)
    __aeabi_fdiv                             0x0800037b   Thumb Code   124  fdiv.o(.text)
    __aeabi_dadd                             0x080003f9   Thumb Code   328  dadd.o(.text)
    __aeabi_dsub                             0x08000541   Thumb Code    12  dadd.o(.text)
    __aeabi_drsub                            0x0800054d   Thumb Code    12  dadd.o(.text)
    __aeabi_dmul                             0x0800055d   Thumb Code   202  dmul.o(.text)
    __aeabi_ddiv                             0x0800062d   Thumb Code   234  ddiv.o(.text)
    __aeabi_i2f                              0x0800071d   Thumb Code    22  fflti.o(.text)
    __aeabi_ui2f                             0x08000733   Thumb Code    14  ffltui.o(.text)
    __aeabi_ui2d                             0x08000741   Thumb Code    24  dfltui.o(.text)
    __aeabi_f2uiz                            0x0800075d   Thumb Code    40  ffixui.o(.text)
    __aeabi_f2ulz                            0x08000785   Thumb Code    48  ffixul.o(.text)
    __aeabi_d2uiz                            0x080007b5   Thumb Code    50  dfixui.o(.text)
    __aeabi_f2d                              0x080007f1   Thumb Code    40  f2d.o(.text)
    __aeabi_d2f                              0x08000819   Thumb Code    56  d2f.o(.text)
    __aeabi_llsl                             0x08000851   Thumb Code    32  llshl.o(.text)
    _ll_shift_l                              0x08000851   Thumb Code     0  llshl.o(.text)
    __aeabi_lasr                             0x08000871   Thumb Code    38  llsshr.o(.text)
    _ll_sshift_r                             0x08000871   Thumb Code     0  llsshr.o(.text)
    __strtod_int                             0x080008cf   Thumb Code    94  strtod.o(.text)
    strtol                                   0x0800093d   Thumb Code   108  strtol.o(.text)
    __I$use$fp                               0x080009ad   Thumb Code     0  iusefp.o(.text)
    _float_round                             0x080009ad   Thumb Code    16  fepilogue.o(.text)
    _float_epilogue                          0x080009bd   Thumb Code   114  fepilogue.o(.text)
    _double_round                            0x08000a2f   Thumb Code    26  depilogue.o(.text)
    _double_epilogue                         0x08000a49   Thumb Code   164  depilogue.o(.text)
    __scatterload                            0x08000aed   Thumb Code    28  init.o(.text)
    __scatterload_rt2                        0x08000aed   Thumb Code     0  init.o(.text)
    __rt_ctype_table                         0x08000b11   Thumb Code     4  ctype_o.o(.text)
    isspace                                  0x08000b19   Thumb Code    18  isspace_o.o(.text)
    _scanf_real                              0x08000c4b   Thumb Code     0  scanf_fp.o(.text)
    _scanf_really_real                       0x08000c4b   Thumb Code   586  scanf_fp.o(.text)
    _sgetc                                   0x08000ea1   Thumb Code    32  _sgetc.o(.text)
    _sbackspace                              0x08000ec1   Thumb Code    36  _sgetc.o(.text)
    _strtoul                                 0x08000ee5   Thumb Code   166  _strtoul.o(.text)
    __aeabi_lmul                             0x08000f8b   Thumb Code   122  llmul.o(.text)
    _ll_mul                                  0x08000f8b   Thumb Code     0  llmul.o(.text)
    _chval                                   0x08001005   Thumb Code    30  _chval.o(.text)
    __aeabi_ul2d                             0x08001025   Thumb Code    22  dfltul.o(.text)
    __decompress                             0x08001041   Thumb Code     0  __dczerorl2.o(.text)
    __decompress1                            0x08001041   Thumb Code    86  __dczerorl2.o(.text)
    AddToSendBuffer                          0x08001265   Thumb Code    72  main.o(i.AddToSendBuffer)
    CDC_Transmit_FS                          0x0800134d   Thumb Code   128  usbd_cdc_if.o(i.CDC_Transmit_FS)
    CheckDashPaddle                          0x080013d5   Thumb Code    88  main.o(i.CheckDashPaddle)
    CheckDotPaddle                           0x08001439   Thumb Code    88  main.o(i.CheckDotPaddle)
    CheckPaddles                             0x0800149d   Thumb Code   300  main.o(i.CheckPaddles)
    CheckPotentiometer                       0x080015d1   Thumb Code    92  main.o(i.CheckPotentiometer)
    CheckPttTail                             0x08001635   Thumb Code   214  main.o(i.CheckPttTail)
    CheckSequencerTailTime                   0x08001719   Thumb Code    98  main.o(i.CheckSequencerTailTime)
    ClearSendBuffer                          0x08001785   Thumb Code    16  main.o(i.ClearSendBuffer)
    DMA1_Channel1_IRQHandler                 0x080017ad   Thumb Code    10  stm32f0xx_it.o(i.DMA1_Channel1_IRQHandler)
    Delay                                    0x08001809   Thumb Code    12  main.o(i.Delay)
    DisplaySettings                          0x08001815   Thumb Code   142  main.o(i.DisplaySettings)
    Error_Handler                            0x0800191d   Thumb Code     2  main.o(i.Error_Handler)
    ExecuteCmd                               0x08001921   Thumb Code   320  commands.o(i.ExecuteCmd)
    FLASH_PageErase                          0x08001ae1   Thumb Code    28  stm32f0xx_hal_flash_ex.o(i.FLASH_PageErase)
    FLASH_WaitForLastOperation               0x08001b5d   Thumb Code    76  stm32f0xx_hal_flash.o(i.FLASH_WaitForLastOperation)
    HAL_ADCEx_Calibration_Start              0x08001bad   Thumb Code   176  stm32f0xx_hal_adc_ex.o(i.HAL_ADCEx_Calibration_Start)
    HAL_ADC_ConfigChannel                    0x08001c5d   Thumb Code   284  stm32f0xx_hal_adc.o(i.HAL_ADC_ConfigChannel)
    HAL_ADC_ConvCpltCallback                 0x08001d89   Thumb Code    28  main.o(i.HAL_ADC_ConvCpltCallback)
    HAL_ADC_ConvHalfCpltCallback             0x08001db1   Thumb Code     2  stm32f0xx_hal_adc.o(i.HAL_ADC_ConvHalfCpltCallback)
    HAL_ADC_ErrorCallback                    0x08001db3   Thumb Code     2  stm32f0xx_hal_adc.o(i.HAL_ADC_ErrorCallback)
    HAL_ADC_Init                             0x08001db5   Thumb Code   364  stm32f0xx_hal_adc.o(i.HAL_ADC_Init)
    HAL_ADC_MspInit                          0x08001f29   Thumb Code   122  stm32f0xx_hal_msp.o(i.HAL_ADC_MspInit)
    HAL_ADC_Start_DMA                        0x08001fb5   Thumb Code   144  stm32f0xx_hal_adc.o(i.HAL_ADC_Start_DMA)
    HAL_ADC_Stop_DMA                         0x08002055   Thumb Code   112  stm32f0xx_hal_adc.o(i.HAL_ADC_Stop_DMA)
    HAL_DMA_Abort                            0x080020c5   Thumb Code    44  stm32f0xx_hal_dma.o(i.HAL_DMA_Abort)
    HAL_DMA_IRQHandler                       0x080020f1   Thumb Code   156  stm32f0xx_hal_dma.o(i.HAL_DMA_IRQHandler)
    HAL_DMA_Init                             0x0800218d   Thumb Code    84  stm32f0xx_hal_dma.o(i.HAL_DMA_Init)
    HAL_DMA_Start_IT                         0x080021e5   Thumb Code   106  stm32f0xx_hal_dma.o(i.HAL_DMA_Start_IT)
    HAL_FLASHEx_Erase                        0x08002251   Thumb Code   148  stm32f0xx_hal_flash_ex.o(i.HAL_FLASHEx_Erase)
    HAL_FLASH_Lock                           0x080022f1   Thumb Code    14  stm32f0xx_hal_flash.o(i.HAL_FLASH_Lock)
    HAL_FLASH_Program                        0x08002305   Thumb Code   110  stm32f0xx_hal_flash.o(i.HAL_FLASH_Program)
    HAL_FLASH_Unlock                         0x08002381   Thumb Code    24  stm32f0xx_hal_flash.o(i.HAL_FLASH_Unlock)
    HAL_GPIO_Init                            0x080023a5   Thumb Code   294  stm32f0xx_hal_gpio.o(i.HAL_GPIO_Init)
    HAL_GPIO_ReadPin                         0x080024e1   Thumb Code    10  stm32f0xx_hal_gpio.o(i.HAL_GPIO_ReadPin)
    HAL_GPIO_WritePin                        0x080024eb   Thumb Code    12  stm32f0xx_hal_gpio.o(i.HAL_GPIO_WritePin)
    HAL_GetTick                              0x080024f9   Thumb Code     6  stm32f0xx_hal.o(i.HAL_GetTick)
    HAL_IncTick                              0x08002505   Thumb Code    10  stm32f0xx_hal.o(i.HAL_IncTick)
    HAL_Init                                 0x08002515   Thumb Code    26  stm32f0xx_hal.o(i.HAL_Init)
    HAL_InitTick                             0x08002535   Thumb Code    34  stm32f0xx_hal.o(i.HAL_InitTick)
    HAL_MspInit                              0x08002559   Thumb Code    44  stm32f0xx_hal_msp.o(i.HAL_MspInit)
    HAL_NVIC_EnableIRQ                       0x0800258d   Thumb Code    14  stm32f0xx_hal_cortex.o(i.HAL_NVIC_EnableIRQ)
    HAL_NVIC_SetPriority                     0x080025a1   Thumb Code     8  stm32f0xx_hal_cortex.o(i.HAL_NVIC_SetPriority)
    HAL_NVIC_SystemReset                     0x080025a9   Thumb Code    18  stm32f0xx_hal_cortex.o(i.HAL_NVIC_SystemReset)
    HAL_PCDEx_PMAConfig                      0x080025c5   Thumb Code    58  stm32f0xx_hal_pcd_ex.o(i.HAL_PCDEx_PMAConfig)
    HAL_PCD_DataInStageCallback              0x080025ff   Thumb Code    24  usbd_conf.o(i.HAL_PCD_DataInStageCallback)
    HAL_PCD_DataOutStageCallback             0x08002617   Thumb Code    28  usbd_conf.o(i.HAL_PCD_DataOutStageCallback)
    HAL_PCD_EP_Close                         0x08002635   Thumb Code   346  stm32f0xx_hal_pcd.o(i.HAL_PCD_EP_Close)
    HAL_PCD_EP_ClrStall                      0x0800279d   Thumb Code   166  stm32f0xx_hal_pcd.o(i.HAL_PCD_EP_ClrStall)
    HAL_PCD_EP_GetRxCount                    0x08002851   Thumb Code    20  stm32f0xx_hal_pcd.o(i.HAL_PCD_EP_GetRxCount)
    HAL_PCD_EP_Open                          0x08002865   Thumb Code   652  stm32f0xx_hal_pcd.o(i.HAL_PCD_EP_Open)
    HAL_PCD_EP_Receive                       0x08002b09   Thumb Code   244  stm32f0xx_hal_pcd.o(i.HAL_PCD_EP_Receive)
    HAL_PCD_EP_SetStall                      0x08002c09   Thumb Code   136  stm32f0xx_hal_pcd.o(i.HAL_PCD_EP_SetStall)
    HAL_PCD_EP_Transmit                      0x08002c9d   Thumb Code   222  stm32f0xx_hal_pcd.o(i.HAL_PCD_EP_Transmit)
    HAL_PCD_IRQHandler                       0x08002d8d   Thumb Code   238  stm32f0xx_hal_pcd.o(i.HAL_PCD_IRQHandler)
    HAL_PCD_Init                             0x08002e99   Thumb Code   154  stm32f0xx_hal_pcd.o(i.HAL_PCD_Init)
    HAL_PCD_MspInit                          0x08002f35   Thumb Code    46  usbd_conf.o(i.HAL_PCD_MspInit)
    HAL_PCD_ResetCallback                    0x08002f6d   Thumb Code    38  usbd_conf.o(i.HAL_PCD_ResetCallback)
    HAL_PCD_ResumeCallback                   0x08002f95   Thumb Code    38  usbd_conf.o(i.HAL_PCD_ResumeCallback)
    HAL_PCD_SOFCallback                      0x08002fc1   Thumb Code    16  usbd_conf.o(i.HAL_PCD_SOFCallback)
    HAL_PCD_SetAddress                       0x08002fd1   Thumb Code    44  stm32f0xx_hal_pcd.o(i.HAL_PCD_SetAddress)
    HAL_PCD_SetupStageCallback               0x08002ffd   Thumb Code    22  usbd_conf.o(i.HAL_PCD_SetupStageCallback)
    HAL_PCD_Start                            0x08003013   Thumb Code    18  stm32f0xx_hal_pcd.o(i.HAL_PCD_Start)
    HAL_PCD_SuspendCallback                  0x08003025   Thumb Code    34  usbd_conf.o(i.HAL_PCD_SuspendCallback)
    HAL_RCCEx_PeriphCLKConfig                0x0800304d   Thumb Code   254  stm32f0xx_hal_rcc_ex.o(i.HAL_RCCEx_PeriphCLKConfig)
    HAL_RCC_ClockConfig                      0x08003159   Thumb Code   320  stm32f0xx_hal_rcc.o(i.HAL_RCC_ClockConfig)
    HAL_RCC_GetHCLKFreq                      0x080032ad   Thumb Code     6  stm32f0xx_hal_rcc.o(i.HAL_RCC_GetHCLKFreq)
    HAL_RCC_GetSysClockFreq                  0x080032b9   Thumb Code    90  stm32f0xx_hal_rcc.o(i.HAL_RCC_GetSysClockFreq)
    HAL_RCC_OscConfig                        0x08003341   Thumb Code   966  stm32f0xx_hal_rcc.o(i.HAL_RCC_OscConfig)
    HAL_SYSTICK_Config                       0x08003719   Thumb Code    38  stm32f0xx_hal_cortex.o(i.HAL_SYSTICK_Config)
    HAL_TIMEx_BreakCallback                  0x08003749   Thumb Code     2  stm32f0xx_hal_tim_ex.o(i.HAL_TIMEx_BreakCallback)
    HAL_TIMEx_CommutationCallback            0x0800374b   Thumb Code     2  stm32f0xx_hal_tim_ex.o(i.HAL_TIMEx_CommutationCallback)
    HAL_TIM_Base_Init                        0x0800374d   Thumb Code    52  stm32f0xx_hal_tim.o(i.HAL_TIM_Base_Init)
    HAL_TIM_Base_MspInit                     0x08003781   Thumb Code    80  stm32f0xx_hal_msp.o(i.HAL_TIM_Base_MspInit)
    HAL_TIM_Base_Start_IT                    0x080037dd   Thumb Code    22  stm32f0xx_hal_tim.o(i.HAL_TIM_Base_Start_IT)
    HAL_TIM_IC_CaptureCallback               0x080037f3   Thumb Code     2  stm32f0xx_hal_tim.o(i.HAL_TIM_IC_CaptureCallback)
    HAL_TIM_IRQHandler                       0x080037f5   Thumb Code   354  stm32f0xx_hal_tim.o(i.HAL_TIM_IRQHandler)
    HAL_TIM_OC_DelayElapsedCallback          0x08003957   Thumb Code     2  stm32f0xx_hal_tim.o(i.HAL_TIM_OC_DelayElapsedCallback)
    HAL_TIM_PWM_PulseFinishedCallback        0x08003959   Thumb Code     2  stm32f0xx_hal_tim.o(i.HAL_TIM_PWM_PulseFinishedCallback)
    HAL_TIM_PeriodElapsedCallback            0x0800395d   Thumb Code    22  main.o(i.HAL_TIM_PeriodElapsedCallback)
    HAL_TIM_TriggerCallback                  0x08003979   Thumb Code     2  stm32f0xx_hal_tim.o(i.HAL_TIM_TriggerCallback)
    HardFault_Handler                        0x0800397b   Thumb Code     2  stm32f0xx_it.o(i.HardFault_Handler)
    LoopElementLengths                       0x080039a9   Thumb Code   324  main.o(i.LoopElementLengths)
    MX_USB_DEVICE_Init                       0x08003c25   Thumb Code    68  usb_device.o(i.MX_USB_DEVICE_Init)
    Morse_CharToKey                          0x08003c79   Thumb Code    30  main.o(i.Morse_CharToKey)
    NMI_Handler                              0x08003ca1   Thumb Code     2  stm32f0xx_it.o(i.NMI_Handler)
    OnUsbDataRx                              0x08003ce9   Thumb Code   150  main.o(i.OnUsbDataRx)
    PCD_ReadPMA                              0x080040c1   Thumb Code    42  stm32f0xx_hal_pcd.o(i.PCD_ReadPMA)
    PCD_WritePMA                             0x080040eb   Thumb Code    38  stm32f0xx_hal_pcd.o(i.PCD_WritePMA)
    PendSV_Handler                           0x08004111   Thumb Code     2  stm32f0xx_it.o(i.PendSV_Handler)
    PotValueWPM                              0x08004115   Thumb Code    46  main.o(i.PotValueWPM)
    PttKey                                   0x08004149   Thumb Code   208  main.o(i.PttKey)
    PttUnkey                                 0x08004221   Thumb Code    36  main.o(i.PttUnkey)
    RemoveFromSendBuffer                     0x08004249   Thumb Code    92  main.o(i.RemoveFromSendBuffer)
    SVC_Handler                              0x080042ad   Thumb Code     2  stm32f0xx_it.o(i.SVC_Handler)
    SaveDefaultConfig                        0x080042b1   Thumb Code    98  main.o(i.SaveDefaultConfig)
    SendChar                                 0x0800431d   Thumb Code   186  main.o(i.SendChar)
    SendDash                                 0x08004425   Thumb Code   262  main.o(i.SendDash)
    SendDot                                  0x08004549   Thumb Code   214  main.o(i.SendDot)
    ServiceDotDashBuffers                    0x08004631   Thumb Code   312  main.o(i.ServiceDotDashBuffers)
    ServiceSendBuffer                        0x08004775   Thumb Code   692  main.o(i.ServiceSendBuffer)
    ServiceWinkey                            0x08004a31   Thumb Code  1514  main.o(i.ServiceWinkey)
    ServiceWinkeyBreakin                     0x08005025   Thumb Code    48  main.o(i.ServiceWinkeyBreakin)
    SetAutoLed                               0x08005059   Thumb Code    24  main.o(i.SetAutoLed)
    SetCh                                    0x08005075   Thumb Code    64  main.o(i.SetCh)
    SetCw                                    0x080050bd   Thumb Code    38  main.o(i.SetCw)
    SetTxLed                                 0x080050e9   Thumb Code    28  main.o(i.SetTxLed)
    SpeedSet                                 0x08005105   Thumb Code    58  main.o(i.SpeedSet)
    StoreSetting                             0x0800514d   Thumb Code    82  main.o(i.StoreSetting)
    SysTick_Handler                          0x080051ad   Thumb Code     8  stm32f0xx_it.o(i.SysTick_Handler)
    SystemClock_Config                       0x080051b5   Thumb Code    90  main.o(i.SystemClock_Config)
    SystemInit                               0x08005211   Thumb Code    78  system_stm32f0xx.o(i.SystemInit)
    TIM14_IRQHandler                         0x0800526d   Thumb Code    10  stm32f0xx_it.o(i.TIM14_IRQHandler)
    TIM_Base_SetConfig                       0x0800527d   Thumb Code   112  stm32f0xx_hal_tim.o(i.TIM_Base_SetConfig)
    TxKey                                    0x08005301   Thumb Code    76  main.o(i.TxKey)
    USBD_CDC_GetDeviceQualifierDescriptor    0x08005431   Thumb Code     8  usbd_cdc.o(i.USBD_CDC_GetDeviceQualifierDescriptor)
    USBD_CDC_ReceivePacket                   0x0800553f   Thumb Code    74  usbd_cdc.o(i.USBD_CDC_ReceivePacket)
    USBD_CDC_RegisterInterface               0x08005589   Thumb Code    20  usbd_cdc.o(i.USBD_CDC_RegisterInterface)
    USBD_CDC_SetRxBuffer                     0x0800559d   Thumb Code    20  usbd_cdc.o(i.USBD_CDC_SetRxBuffer)
    USBD_CDC_SetTxBuffer                     0x080055b1   Thumb Code    22  usbd_cdc.o(i.USBD_CDC_SetTxBuffer)
    USBD_CDC_TransmitPacket                  0x08005641   Thumb Code    60  usbd_cdc.o(i.USBD_CDC_TransmitPacket)
    USBD_ClrClassConfig                      0x0800567d   Thumb Code    16  usbd_core.o(i.USBD_ClrClassConfig)
    USBD_CtlContinueRx                       0x0800568d   Thumb Code    16  usbd_ioreq.o(i.USBD_CtlContinueRx)
    USBD_CtlContinueSendData                 0x0800569d   Thumb Code    16  usbd_ioreq.o(i.USBD_CtlContinueSendData)
    USBD_CtlError                            0x080056ad   Thumb Code    20  usbd_ctlreq.o(i.USBD_CtlError)
    USBD_CtlPrepareRx                        0x080056c1   Thumb Code    32  usbd_ioreq.o(i.USBD_CtlPrepareRx)
    USBD_CtlReceiveStatus                    0x080056e1   Thumb Code    24  usbd_ioreq.o(i.USBD_CtlReceiveStatus)
    USBD_CtlSendData                         0x080056f9   Thumb Code    28  usbd_ioreq.o(i.USBD_CtlSendData)
    USBD_CtlSendStatus                       0x08005715   Thumb Code    24  usbd_ioreq.o(i.USBD_CtlSendStatus)
    USBD_FS_ConfigStrDescriptor              0x0800572d   Thumb Code    16  usbd_desc.o(i.USBD_FS_ConfigStrDescriptor)
    USBD_FS_DeviceDescriptor                 0x0800574d   Thumb Code     8  usbd_desc.o(i.USBD_FS_DeviceDescriptor)
    USBD_FS_InterfaceStrDescriptor           0x08005759   Thumb Code    16  usbd_desc.o(i.USBD_FS_InterfaceStrDescriptor)
    USBD_FS_LangIDStrDescriptor              0x0800577d   Thumb Code     8  usbd_desc.o(i.USBD_FS_LangIDStrDescriptor)
    USBD_FS_ManufacturerStrDescriptor        0x08005789   Thumb Code    16  usbd_desc.o(i.USBD_FS_ManufacturerStrDescriptor)
    USBD_FS_ProductStrDescriptor             0x080057a1   Thumb Code    16  usbd_desc.o(i.USBD_FS_ProductStrDescriptor)
    USBD_FS_SerialStrDescriptor              0x080057c1   Thumb Code    44  usbd_desc.o(i.USBD_FS_SerialStrDescriptor)
    USBD_GetString                           0x080058d5   Thumb Code    68  usbd_ctlreq.o(i.USBD_GetString)
    USBD_Init                                0x08005931   Thumb Code    50  usbd_core.o(i.USBD_Init)
    USBD_LL_ClearStallEP                     0x08005963   Thumb Code    20  usbd_conf.o(i.USBD_LL_ClearStallEP)
    USBD_LL_CloseEP                          0x08005977   Thumb Code    20  usbd_conf.o(i.USBD_LL_CloseEP)
    USBD_LL_DataInStage                      0x0800598b   Thumb Code   182  usbd_core.o(i.USBD_LL_DataInStage)
    USBD_LL_DataOutStage                     0x08005a41   Thumb Code   116  usbd_core.o(i.USBD_LL_DataOutStage)
    USBD_LL_GetRxDataSize                    0x08005ab5   Thumb Code    16  usbd_conf.o(i.USBD_LL_GetRxDataSize)
    USBD_LL_Init                             0x08005ac5   Thumb Code   164  usbd_conf.o(i.USBD_LL_Init)
    USBD_LL_IsStallEP                        0x08005b75   Thumb Code    36  usbd_conf.o(i.USBD_LL_IsStallEP)
    USBD_LL_OpenEP                           0x08005b99   Thumb Code    26  usbd_conf.o(i.USBD_LL_OpenEP)
    USBD_LL_PrepareReceive                   0x08005bb3   Thumb Code    20  usbd_conf.o(i.USBD_LL_PrepareReceive)
    USBD_LL_Reset                            0x08005bc7   Thumb Code    70  usbd_core.o(i.USBD_LL_Reset)
    USBD_LL_Resume                           0x08005c0d   Thumb Code    12  usbd_core.o(i.USBD_LL_Resume)
    USBD_LL_SOF                              0x08005c19   Thumb Code    30  usbd_core.o(i.USBD_LL_SOF)
    USBD_LL_SetSpeed                         0x08005c37   Thumb Code     6  usbd_core.o(i.USBD_LL_SetSpeed)
    USBD_LL_SetUSBAddress                    0x08005c3d   Thumb Code    20  usbd_conf.o(i.USBD_LL_SetUSBAddress)
    USBD_LL_SetupStage                       0x08005c51   Thumb Code    94  usbd_core.o(i.USBD_LL_SetupStage)
    USBD_LL_StallEP                          0x08005caf   Thumb Code    20  usbd_conf.o(i.USBD_LL_StallEP)
    USBD_LL_Start                            0x08005cc3   Thumb Code    20  usbd_conf.o(i.USBD_LL_Start)
    USBD_LL_Suspend                          0x08005cd7   Thumb Code    16  usbd_core.o(i.USBD_LL_Suspend)
    USBD_LL_Transmit                         0x08005ce7   Thumb Code    20  usbd_conf.o(i.USBD_LL_Transmit)
    USBD_ParseSetupRequest                   0x08005cfb   Thumb Code    40  usbd_ctlreq.o(i.USBD_ParseSetupRequest)
    USBD_RegisterClass                       0x08005d23   Thumb Code    22  usbd_core.o(i.USBD_RegisterClass)
    USBD_SetClassConfig                      0x08005d39   Thumb Code    28  usbd_core.o(i.USBD_SetClassConfig)
    USBD_Start                               0x08005dc5   Thumb Code    10  usbd_core.o(i.USBD_Start)
    USBD_StdDevReq                           0x08005dcf   Thumb Code   238  usbd_ctlreq.o(i.USBD_StdDevReq)
    USBD_StdEPReq                            0x08005ebd   Thumb Code   234  usbd_ctlreq.o(i.USBD_StdEPReq)
    USBD_StdItfReq                           0x08005fa7   Thumb Code    58  usbd_ctlreq.o(i.USBD_StdItfReq)
    USBD_static_free                         0x08005fe1   Thumb Code     2  usbd_conf.o(i.USBD_static_free)
    USBD_static_malloc                       0x08005fe5   Thumb Code     4  usbd_conf.o(i.USBD_static_malloc)
    USB_IRQHandler                           0x08005fed   Thumb Code    10  stm32f0xx_it.o(i.USB_IRQHandler)
    USB_print                                0x08005ffd   Thumb Code    36  commands.o(i.USB_print)
    WinkeyAdminGetValuesCommand              0x08006021   Thumb Code   236  main.o(i.WinkeyAdminGetValuesCommand)
    WinkeyDashToDotRatioCommand              0x08006115   Thumb Code    38  main.o(i.WinkeyDashToDotRatioCommand)
    WinkeyFarnsworthCommand                  0x08006145   Thumb Code    14  main.o(i.WinkeyFarnsworthCommand)
    WinkeyLoadSettingsCommand                0x08006159   Thumb Code   124  main.o(i.WinkeyLoadSettingsCommand)
    WinkeyPortWrite                          0x080061d9   Thumb Code    42  main.o(i.WinkeyPortWrite)
    WinkeyPttTimesParm1Command               0x08006205   Thumb Code    10  main.o(i.WinkeyPttTimesParm1Command)
    WinkeyPttTimesParm2Command               0x08006215   Thumb Code    38  main.o(i.WinkeyPttTimesParm2Command)
    WinkeySetPinconfigCommand                0x08006245   Thumb Code    90  main.o(i.WinkeySetPinconfigCommand)
    WinkeySetPotParm2Command                 0x080062a9   Thumb Code    10  main.o(i.WinkeySetPotParm2Command)
    WinkeySetPotParm3Command                 0x080062b9   Thumb Code    28  main.o(i.WinkeySetPotParm3Command)
    WinkeySetmodeCommand                     0x080062e5   Thumb Code   114  main.o(i.WinkeySetmodeCommand)
    WinkeyUnbufferedSpeedCommand             0x08006361   Thumb Code    36  main.o(i.WinkeyUnbufferedSpeedCommand)
    WinkeyWeightingCommand                   0x0800638d   Thumb Code    14  main.o(i.WinkeyWeightingCommand)
    __0snprintf$3                            0x080063a1   Thumb Code    46  printf3.o(i.__0snprintf$3)
    __1snprintf$3                            0x080063a1   Thumb Code     0  printf3.o(i.__0snprintf$3)
    __2snprintf                              0x080063a1   Thumb Code     0  printf3.o(i.__0snprintf$3)
    __0sprintf$3                             0x080063d5   Thumb Code    36  printf3.o(i.__0sprintf$3)
    __1sprintf$3                             0x080063d5   Thumb Code     0  printf3.o(i.__0sprintf$3)
    __2sprintf                               0x080063d5   Thumb Code     0  printf3.o(i.__0sprintf$3)
    __ARM_clz                                0x080063fd   Thumb Code    46  depilogue.o(i.__ARM_clz)
    __ARM_common_switch8                     0x0800642b   Thumb Code    26  main.o(i.__ARM_common_switch8)
    __aeabi_errno_addr                       0x08006445   Thumb Code     4  errno.o(i.__aeabi_errno_addr)
    __rt_errno_addr                          0x08006445   Thumb Code     0  errno.o(i.__aeabi_errno_addr)
    __read_errno                             0x0800644d   Thumb Code     6  errno.o(i.__read_errno)
    __scatterload_copy                       0x08006459   Thumb Code    14  handlers.o(i.__scatterload_copy)
    __scatterload_null                       0x08006467   Thumb Code     2  handlers.o(i.__scatterload_null)
    __scatterload_zeroinit                   0x08006469   Thumb Code    14  handlers.o(i.__scatterload_zeroinit)
    __set_errno                              0x08006479   Thumb Code     6  errno.o(i.__set_errno)
    _is_digit                                0x08006485   Thumb Code    14  scanf_fp.o(i._is_digit)
    atof                                     0x08006681   Thumb Code    42  atof.o(i.atof)
    convert_cw_number_to_ascii               0x0800684d   Thumb Code   802  main.o(i.convert_cw_number_to_ascii)
    main                                     0x08006ba5   Thumb Code   482  main.o(i.main)
    map                                      0x08006db1   Thumb Code    24  main.o(i.map)
    strupr                                   0x08006dc9   Thumb Code    26  commands.o(i.strupr)
    cmd_tbl                                  0x08006f50   Data         120  commands.o(.constdata)
    AHBPrescTable                            0x08006fc8   Data          16  system_stm32f0xx.o(.constdata)
    __ctype_table                            0x08006fd8   Data         129  ctype_o.o(.constdata)
    Region$$Table$$Base                      0x08007184   Number         0  anon$$obj.o(Region$$Table)
    Region$$Table$$Limit                     0x080071a4   Number         0  anon$$obj.o(Region$$Table)
    settings_Store                           0x08007c00   Data          48  main.o(.ARM.__AT_0x08007C00)
    send_buffer_bytes                        0x20000000   Data           1  main.o(.data)
    send_buffer_status                       0x20000001   Data           1  main.o(.data)
    winkey_buffer_counter                    0x20000002   Data           1  main.o(.data)
    winkey_buffer_pointer                    0x20000003   Data           1  main.o(.data)
    winkey_sending                           0x20000004   Data           1  main.o(.data)
    winkey_xoff                              0x20000005   Data           1  main.o(.data)
    winkey_session_ptt_tail                  0x20000006   Data           1  main.o(.data)
    winkey_speed_state                       0x20000007   Data           1  main.o(.data)
    first_extension_time                     0x20000008   Data           1  main.o(.data)
    winkey_paddle_echo_activated             0x20000009   Data           1  main.o(.data)
    sending_mode                             0x2000000a   Data           1  main.o(.data)
    last_sending_mode                        0x2000000b   Data           1  main.o(.data)
    keying_compensation                      0x2000000c   Data           1  main.o(.data)
    ultimatic_mode                           0x2000000d   Data           1  main.o(.data)
    length_letterspace                       0x2000000e   Data           1  main.o(.data)
    being_sent                               0x2000000f   Data           1  main.o(.data)
    pot_wpm_low_value                        0x20000015   Data           1  main.o(.data)
    pot_wpm_high_value                       0x20000016   Data           1  main.o(.data)
    last_pot_wpm_read                        0x20000017   Data           1  main.o(.data)
    winkey_last_unbuffered_speed_wpm         0x20000018   Data           2  main.o(.data)
    flags                                    0x2000001e   Data           3  main.o(.data)
    winkey_paddle_echo_buffer                0x20000024   Data           4  main.o(.data)
    winkey_paddle_echo_buffer_decode_time    0x20000028   Data           4  main.o(.data)
    automatic_sending_interruption_time      0x2000002c   Data           4  main.o(.data)
    ptt_time                                 0x20000030   Data           4  main.o(.data)
    sequencer_ptt_inactive_time              0x20000034   Data           4  main.o(.data)
    adc                                      0x20000038   Data           4  main.o(.data)
    pot_full_scale_reading                   0x2000003c   Data           4  main.o(.data)
    Rx_ptr_in                                0x20000054   Data           4  main.o(.data)
    winkey_ptr_in                            0x20000058   Data           4  main.o(.data)
    micros                                   0x20000060   Data           8  main.o(.data)
    ch                                       0x20000068   Data          32  main.o(.data)
    FS_Desc                                  0x20000088   Data          28  usbd_desc.o(.data)
    USBD_LangIDDesc                          0x200000a4   Data           4  usbd_desc.o(.data)
    USBD_FS_DeviceDesc                       0x200000a8   Data          18  usbd_desc.o(.data)
    USBD_StringSerial                        0x200000bc   Data          26  usbd_desc.o(.data)
    USBD_Interface_fops_FS                   0x200000d8   Data          16  usbd_cdc_if.o(.data)
    cdcvcp_ctrllines                         0x200000e8   Data           2  usbd_cdc_if.o(.data)
    helptext                                 0x200000ec   Data           4  commands.o(.data)
    uwTick                                   0x200000f0   Data           4  stm32f0xx_hal.o(.data)
    SystemCoreClock                          0x200000f4   Data           4  system_stm32f0xx.o(.data)
    USBD_CDC_CfgHSDesc                       0x2000010c   Data         141  usbd_cdc.o(.data)
    USBD_CDC_CfgFSDesc                       0x2000019c   Data         141  usbd_cdc.o(.data)
    USBD_CDC_OtherSpeedCfgDesc               0x2000022c   Data         141  usbd_cdc.o(.data)
    USBD_CDC                                 0x200002bc   Data          56  usbd_cdc.o(.data)
    hadc                                     0x200002f8   Data          76  main.o(.bss)
    htim14                                   0x20000344   Data          64  main.o(.bss)
    Rx_Buffer                                0x20000384   Data          64  main.o(.bss)
    winkey_buffer                            0x200003c4   Data          64  main.o(.bss)
    send_buffer_array                        0x20000404   Data         150  main.o(.bss)
    setting                                  0x2000049c   Data          48  main.o(.bss)
    hdma_adc                                 0x200004cc   Data          68  main.o(.bss)
    hUsbDeviceFS                             0x20000510   Data         548  usb_device.o(.bss)
    hpcd_USB_FS                              0x20000954   Data         544  usbd_conf.o(.bss)
    USBD_StrDesc                             0x20000b74   Data         512  usbd_desc.o(.bss)
    UserRxBufferFS                           0x20000d74   Data         512  usbd_cdc_if.o(.bss)
    UserTxBufferFS                           0x20000f74   Data         512  usbd_cdc_if.o(.bss)
    pFlash                                   0x20001178   Data          32  stm32f0xx_hal_flash.o(.bss)
    __initial_sp                             0x20001598   Data           0  startup_stm32f042x6.o(STACK)



==============================================================================

Memory Map of the image

  Image Entry point : 0x080000c1

  Load Region LR_IROM1 (Base: 0x08000000, Size: 0x0000749c, Max: 0x00008000, ABSOLUTE, COMPRESSED[0x000072ac])

    Execution Region ER_IROM1 (Exec base: 0x08000000, Load base: 0x08000000, Size: 0x000071a4, Max: 0x00008000, ABSOLUTE)

    Exec Addr    Load Addr    Size         Type   Attr      Idx    E Section Name        Object

    0x08000000   0x08000000   0x000000c0   Data   RO            3    RESET               startup_stm32f042x6.o
    0x080000c0   0x080000c0   0x00000000   Code   RO         3616  * .ARM.Collect$$$$00000000  mc_p.l(entry.o)
    0x080000c0   0x080000c0   0x00000004   Code   RO         3930    .ARM.Collect$$$$00000001  mc_p.l(entry2.o)
    0x080000c4   0x080000c4   0x00000004   Code   RO         3933    .ARM.Collect$$$$00000004  mc_p.l(entry5.o)
    0x080000c8   0x080000c8   0x00000000   Code   RO         3935    .ARM.Collect$$$$00000008  mc_p.l(entry7b.o)
    0x080000c8   0x080000c8   0x00000000   Code   RO         3937    .ARM.Collect$$$$0000000A  mc_p.l(entry8b.o)
    0x080000c8   0x080000c8   0x00000008   Code   RO         3938    .ARM.Collect$$$$0000000B  mc_p.l(entry9a.o)
    0x080000d0   0x080000d0   0x00000000   Code   RO         3940    .ARM.Collect$$$$0000000D  mc_p.l(entry10a.o)
    0x080000d0   0x080000d0   0x00000000   Code   RO         3942    .ARM.Collect$$$$0000000F  mc_p.l(entry11a.o)
    0x080000d0   0x080000d0   0x00000004   Code   RO         3931    .ARM.Collect$$$$00002712  mc_p.l(entry2.o)
    0x080000d4   0x080000d4   0x00000058   Code   RO            4    .text               startup_stm32f042x6.o
    0x0800012c   0x0800012c   0x0000002c   Code   RO         3619    .text               mc_p.l(uidiv.o)
    0x08000158   0x08000158   0x00000028   Code   RO         3621    .text               mc_p.l(idiv.o)
    0x08000180   0x08000180   0x00000022   Code   RO         3623    .text               mc_p.l(llushr.o)
    0x080001a2   0x080001a2   0x0000000c   Code   RO         3625    .text               mc_p.l(toupper.o)
    0x080001ae   0x080001ae   0x00000024   Code   RO         3627    .text               mc_p.l(memcpya.o)
    0x080001d2   0x080001d2   0x00000024   Code   RO         3629    .text               mc_p.l(memseta.o)
    0x080001f6   0x080001f6   0x00000014   Code   RO         3631    .text               mc_p.l(strchr.o)
    0x0800020a   0x0800020a   0x0000000e   Code   RO         3633    .text               mc_p.l(strlen.o)
    0x08000218   0x08000218   0x0000001c   Code   RO         3635    .text               mc_p.l(strcmp.o)
    0x08000234   0x08000234   0x0000001a   Code   RO         3900    .text               mc_p.l(atoi.o)
    0x0800024e   0x0800024e   0x000000b2   Code   RO         3902    .text               mf_p.l(fadd.o)
    0x08000300   0x08000300   0x0000007a   Code   RO         3904    .text               mf_p.l(fmul.o)
    0x0800037a   0x0800037a   0x0000007c   Code   RO         3906    .text               mf_p.l(fdiv.o)
    0x080003f6   0x080003f6   0x00000002   PAD
    0x080003f8   0x080003f8   0x00000164   Code   RO         3908    .text               mf_p.l(dadd.o)
    0x0800055c   0x0800055c   0x000000d0   Code   RO         3910    .text               mf_p.l(dmul.o)
    0x0800062c   0x0800062c   0x000000f0   Code   RO         3912    .text               mf_p.l(ddiv.o)
    0x0800071c   0x0800071c   0x00000016   Code   RO         3914    .text               mf_p.l(fflti.o)
    0x08000732   0x08000732   0x0000000e   Code   RO         3916    .text               mf_p.l(ffltui.o)
    0x08000740   0x08000740   0x0000001c   Code   RO         3918    .text               mf_p.l(dfltui.o)
    0x0800075c   0x0800075c   0x00000028   Code   RO         3920    .text               mf_p.l(ffixui.o)
    0x08000784   0x08000784   0x00000030   Code   RO         3922    .text               mf_p.l(ffixul.o)
    0x080007b4   0x080007b4   0x0000003c   Code   RO         3924    .text               mf_p.l(dfixui.o)
    0x080007f0   0x080007f0   0x00000028   Code   RO         3926    .text               mf_p.l(f2d.o)
    0x08000818   0x08000818   0x00000038   Code   RO         3928    .text               mf_p.l(d2f.o)
    0x08000850   0x08000850   0x00000020   Code   RO         3949    .text               mc_p.l(llshl.o)
    0x08000870   0x08000870   0x00000026   Code   RO         3951    .text               mc_p.l(llsshr.o)
    0x08000896   0x08000896   0x00000002   PAD
    0x08000898   0x08000898   0x000000a4   Code   RO         3960    .text               mc_p.l(strtod.o)
    0x0800093c   0x0800093c   0x00000070   Code   RO         3962    .text               mc_p.l(strtol.o)
    0x080009ac   0x080009ac   0x00000000   Code   RO         3964    .text               mc_p.l(iusefp.o)
    0x080009ac   0x080009ac   0x00000082   Code   RO         3965    .text               mf_p.l(fepilogue.o)
    0x08000a2e   0x08000a2e   0x000000be   Code   RO         3967    .text               mf_p.l(depilogue.o)
    0x08000aec   0x08000aec   0x00000024   Code   RO         3975    .text               mc_p.l(init.o)
    0x08000b10   0x08000b10   0x00000008   Code   RO         3980    .text               mc_p.l(ctype_o.o)
    0x08000b18   0x08000b18   0x00000012   Code   RO         4002    .text               mc_p.l(isspace_o.o)
    0x08000b2a   0x08000b2a   0x00000002   PAD
    0x08000b2c   0x08000b2c   0x00000374   Code   RO         4008    .text               mc_p.l(scanf_fp.o)
    0x08000ea0   0x08000ea0   0x00000044   Code   RO         4012    .text               mc_p.l(_sgetc.o)
    0x08000ee4   0x08000ee4   0x000000a6   Code   RO         4014    .text               mc_p.l(_strtoul.o)
    0x08000f8a   0x08000f8a   0x0000007a   Code   RO         4017    .text               mc_p.l(llmul.o)
    0x08001004   0x08001004   0x0000001e   Code   RO         4022    .text               mc_p.l(_chval.o)
    0x08001022   0x08001022   0x00000002   PAD
    0x08001024   0x08001024   0x0000001c   Code   RO         4024    .text               mf_p.l(dfltul.o)
    0x08001040   0x08001040   0x00000056   Code   RO         4034    .text               mc_p.l(__dczerorl2.o)
    0x08001096   0x08001096   0x00000052   Code   RO         1266    i.ADC_ConversionStop  stm32f0xx_hal_adc.o
    0x080010e8   0x080010e8   0x0000006c   Code   RO         1267    i.ADC_DMAConvCplt   stm32f0xx_hal_adc.o
    0x08001154   0x08001154   0x0000001a   Code   RO         1268    i.ADC_DMAError      stm32f0xx_hal_adc.o
    0x0800116e   0x0800116e   0x0000000a   Code   RO         1269    i.ADC_DMAHalfConvCplt  stm32f0xx_hal_adc.o
    0x08001178   0x08001178   0x00000066   Code   RO         1270    i.ADC_Disable       stm32f0xx_hal_adc.o
    0x080011de   0x080011de   0x00000002   PAD
    0x080011e0   0x080011e0   0x00000084   Code   RO         1271    i.ADC_Enable        stm32f0xx_hal_adc.o
    0x08001264   0x08001264   0x00000050   Code   RO           12    i.AddToSendBuffer   main.o
    0x080012b4   0x080012b4   0x0000004c   Code   RO          806    i.CDC_Control_FS    usbd_cdc_if.o
    0x08001300   0x08001300   0x00000004   Code   RO          807    i.CDC_DeInit_FS     usbd_cdc_if.o
    0x08001304   0x08001304   0x00000024   Code   RO          808    i.CDC_Init_FS       usbd_cdc_if.o
    0x08001328   0x08001328   0x00000024   Code   RO          809    i.CDC_Receive_FS    usbd_cdc_if.o
    0x0800134c   0x0800134c   0x00000088   Code   RO          810    i.CDC_Transmit_FS   usbd_cdc_if.o
    0x080013d4   0x080013d4   0x00000064   Code   RO           13    i.CheckDashPaddle   main.o
    0x08001438   0x08001438   0x00000064   Code   RO           14    i.CheckDotPaddle    main.o
    0x0800149c   0x0800149c   0x00000134   Code   RO           15    i.CheckPaddles      main.o
    0x080015d0   0x080015d0   0x00000064   Code   RO           16    i.CheckPotentiometer  main.o
    0x08001634   0x08001634   0x000000e4   Code   RO           17    i.CheckPttTail      main.o
    0x08001718   0x08001718   0x0000006c   Code   RO           18    i.CheckSequencerTailTime  main.o
    0x08001784   0x08001784   0x00000028   Code   RO           19    i.ClearSendBuffer   main.o
    0x080017ac   0x080017ac   0x00000010   Code   RO          855    i.DMA1_Channel1_IRQHandler  stm32f0xx_it.o
    0x080017bc   0x080017bc   0x00000024   Code   RO         2713    i.DMA_CalcBaseAndBitshift  stm32f0xx_hal_dma.o
    0x080017e0   0x080017e0   0x00000028   Code   RO         2714    i.DMA_SetConfig     stm32f0xx_hal_dma.o
    0x08001808   0x08001808   0x0000000c   Code   RO           20    i.Delay             main.o
    0x08001814   0x08001814   0x00000108   Code   RO           21    i.DisplaySettings   main.o
    0x0800191c   0x0800191c   0x00000002   Code   RO           22    i.Error_Handler     main.o
    0x0800191e   0x0800191e   0x00000002   PAD
    0x08001920   0x08001920   0x0000019c   Code   RO          966    i.ExecuteCmd        commands.o
    0x08001abc   0x08001abc   0x00000024   Code   RO         3156    i.FLASH_MassErase   stm32f0xx_hal_flash_ex.o
    0x08001ae0   0x08001ae0   0x00000024   Code   RO         3159    i.FLASH_PageErase   stm32f0xx_hal_flash_ex.o
    0x08001b04   0x08001b04   0x00000020   Code   RO         3057    i.FLASH_Program_HalfWord  stm32f0xx_hal_flash.o
    0x08001b24   0x08001b24   0x00000038   Code   RO         3058    i.FLASH_SetErrorCode  stm32f0xx_hal_flash.o
    0x08001b5c   0x08001b5c   0x00000050   Code   RO         3059    i.FLASH_WaitForLastOperation  stm32f0xx_hal_flash.o
    0x08001bac   0x08001bac   0x000000b0   Code   RO         1442    i.HAL_ADCEx_Calibration_Start  stm32f0xx_hal_adc_ex.o
    0x08001c5c   0x08001c5c   0x0000012c   Code   RO         1273    i.HAL_ADC_ConfigChannel  stm32f0xx_hal_adc.o
    0x08001d88   0x08001d88   0x00000028   Code   RO           23    i.HAL_ADC_ConvCpltCallback  main.o
    0x08001db0   0x08001db0   0x00000002   Code   RO         1275    i.HAL_ADC_ConvHalfCpltCallback  stm32f0xx_hal_adc.o
    0x08001db2   0x08001db2   0x00000002   Code   RO         1277    i.HAL_ADC_ErrorCallback  stm32f0xx_hal_adc.o
    0x08001db4   0x08001db4   0x00000174   Code   RO         1282    i.HAL_ADC_Init      stm32f0xx_hal_adc.o
    0x08001f28   0x08001f28   0x0000008c   Code   RO          922    i.HAL_ADC_MspInit   stm32f0xx_hal_msp.o
    0x08001fb4   0x08001fb4   0x000000a0   Code   RO         1289    i.HAL_ADC_Start_DMA  stm32f0xx_hal_adc.o
    0x08002054   0x08002054   0x00000070   Code   RO         1292    i.HAL_ADC_Stop_DMA  stm32f0xx_hal_adc.o
    0x080020c4   0x080020c4   0x0000002c   Code   RO         2715    i.HAL_DMA_Abort     stm32f0xx_hal_dma.o
    0x080020f0   0x080020f0   0x0000009c   Code   RO         2720    i.HAL_DMA_IRQHandler  stm32f0xx_hal_dma.o
    0x0800218c   0x0800218c   0x00000058   Code   RO         2721    i.HAL_DMA_Init      stm32f0xx_hal_dma.o
    0x080021e4   0x080021e4   0x0000006a   Code   RO         2725    i.HAL_DMA_Start_IT  stm32f0xx_hal_dma.o
    0x0800224e   0x0800224e   0x00000002   PAD
    0x08002250   0x08002250   0x000000a0   Code   RO         3160    i.HAL_FLASHEx_Erase  stm32f0xx_hal_flash_ex.o
    0x080022f0   0x080022f0   0x00000014   Code   RO         3063    i.HAL_FLASH_Lock    stm32f0xx_hal_flash.o
    0x08002304   0x08002304   0x0000007c   Code   RO         3068    i.HAL_FLASH_Program  stm32f0xx_hal_flash.o
    0x08002380   0x08002380   0x00000024   Code   RO         3070    i.HAL_FLASH_Unlock  stm32f0xx_hal_flash.o
    0x080023a4   0x080023a4   0x0000013c   Code   RO         2654    i.HAL_GPIO_Init     stm32f0xx_hal_gpio.o
    0x080024e0   0x080024e0   0x0000000a   Code   RO         2656    i.HAL_GPIO_ReadPin  stm32f0xx_hal_gpio.o
    0x080024ea   0x080024ea   0x0000000c   Code   RO         2658    i.HAL_GPIO_WritePin  stm32f0xx_hal_gpio.o
    0x080024f6   0x080024f6   0x00000002   PAD
    0x080024f8   0x080024f8   0x0000000c   Code   RO         2523    i.HAL_GetTick       stm32f0xx_hal.o
    0x08002504   0x08002504   0x00000010   Code   RO         2527    i.HAL_IncTick       stm32f0xx_hal.o
    0x08002514   0x08002514   0x00000020   Code   RO         2528    i.HAL_Init          stm32f0xx_hal.o
    0x08002534   0x08002534   0x00000022   Code   RO         2529    i.HAL_InitTick      stm32f0xx_hal.o
    0x08002556   0x08002556   0x00000002   PAD
    0x08002558   0x08002558   0x00000034   Code   RO          923    i.HAL_MspInit       stm32f0xx_hal_msp.o
    0x0800258c   0x0800258c   0x00000014   Code   RO         2811    i.HAL_NVIC_EnableIRQ  stm32f0xx_hal_cortex.o
    0x080025a0   0x080025a0   0x00000008   Code   RO         2815    i.HAL_NVIC_SetPriority  stm32f0xx_hal_cortex.o
    0x080025a8   0x080025a8   0x0000001c   Code   RO         2816    i.HAL_NVIC_SystemReset  stm32f0xx_hal_cortex.o
    0x080025c4   0x080025c4   0x0000003a   Code   RO         1246    i.HAL_PCDEx_PMAConfig  stm32f0xx_hal_pcd_ex.o
    0x080025fe   0x080025fe   0x00000018   Code   RO          536    i.HAL_PCD_DataInStageCallback  usbd_conf.o
    0x08002616   0x08002616   0x0000001c   Code   RO          537    i.HAL_PCD_DataOutStageCallback  usbd_conf.o
    0x08002632   0x08002632   0x00000002   PAD
    0x08002634   0x08002634   0x00000168   Code   RO         1034    i.HAL_PCD_EP_Close  stm32f0xx_hal_pcd.o
    0x0800279c   0x0800279c   0x000000b4   Code   RO         1035    i.HAL_PCD_EP_ClrStall  stm32f0xx_hal_pcd.o
    0x08002850   0x08002850   0x00000014   Code   RO         1037    i.HAL_PCD_EP_GetRxCount  stm32f0xx_hal_pcd.o
    0x08002864   0x08002864   0x000002a4   Code   RO         1038    i.HAL_PCD_EP_Open   stm32f0xx_hal_pcd.o
    0x08002b08   0x08002b08   0x00000100   Code   RO         1039    i.HAL_PCD_EP_Receive  stm32f0xx_hal_pcd.o
    0x08002c08   0x08002c08   0x00000094   Code   RO         1040    i.HAL_PCD_EP_SetStall  stm32f0xx_hal_pcd.o
    0x08002c9c   0x08002c9c   0x000000f0   Code   RO         1041    i.HAL_PCD_EP_Transmit  stm32f0xx_hal_pcd.o
    0x08002d8c   0x08002d8c   0x0000010c   Code   RO         1043    i.HAL_PCD_IRQHandler  stm32f0xx_hal_pcd.o
    0x08002e98   0x08002e98   0x0000009a   Code   RO         1046    i.HAL_PCD_Init      stm32f0xx_hal_pcd.o
    0x08002f32   0x08002f32   0x00000002   PAD
    0x08002f34   0x08002f34   0x00000038   Code   RO          542    i.HAL_PCD_MspInit   usbd_conf.o
    0x08002f6c   0x08002f6c   0x00000026   Code   RO          543    i.HAL_PCD_ResetCallback  usbd_conf.o
    0x08002f92   0x08002f92   0x00000002   PAD
    0x08002f94   0x08002f94   0x0000002c   Code   RO          544    i.HAL_PCD_ResumeCallback  usbd_conf.o
    0x08002fc0   0x08002fc0   0x00000010   Code   RO          545    i.HAL_PCD_SOFCallback  usbd_conf.o
    0x08002fd0   0x08002fd0   0x0000002c   Code   RO         1052    i.HAL_PCD_SetAddress  stm32f0xx_hal_pcd.o
    0x08002ffc   0x08002ffc   0x00000016   Code   RO          546    i.HAL_PCD_SetupStageCallback  usbd_conf.o
    0x08003012   0x08003012   0x00000012   Code   RO         1054    i.HAL_PCD_Start     stm32f0xx_hal_pcd.o
    0x08003024   0x08003024   0x00000028   Code   RO          547    i.HAL_PCD_SuspendCallback  usbd_conf.o
    0x0800304c   0x0800304c   0x0000010c   Code   RO         2439    i.HAL_RCCEx_PeriphCLKConfig  stm32f0xx_hal_rcc_ex.o
    0x08003158   0x08003158   0x00000154   Code   RO         2337    i.HAL_RCC_ClockConfig  stm32f0xx_hal_rcc.o
    0x080032ac   0x080032ac   0x0000000c   Code   RO         2342    i.HAL_RCC_GetHCLKFreq  stm32f0xx_hal_rcc.o
    0x080032b8   0x080032b8   0x00000088   Code   RO         2345    i.HAL_RCC_GetSysClockFreq  stm32f0xx_hal_rcc.o
    0x08003340   0x08003340   0x000003d8   Code   RO         2348    i.HAL_RCC_OscConfig  stm32f0xx_hal_rcc.o
    0x08003718   0x08003718   0x00000030   Code   RO         2819    i.HAL_SYSTICK_Config  stm32f0xx_hal_cortex.o
    0x08003748   0x08003748   0x00000002   Code   RO         2101    i.HAL_TIMEx_BreakCallback  stm32f0xx_hal_tim_ex.o
    0x0800374a   0x0800374a   0x00000002   Code   RO         2102    i.HAL_TIMEx_CommutationCallback  stm32f0xx_hal_tim_ex.o
    0x0800374c   0x0800374c   0x00000034   Code   RO         1464    i.HAL_TIM_Base_Init  stm32f0xx_hal_tim.o
    0x08003780   0x08003780   0x0000005c   Code   RO          925    i.HAL_TIM_Base_MspInit  stm32f0xx_hal_msp.o
    0x080037dc   0x080037dc   0x00000016   Code   RO         1469    i.HAL_TIM_Base_Start_IT  stm32f0xx_hal_tim.o
    0x080037f2   0x080037f2   0x00000002   Code   RO         1495    i.HAL_TIM_IC_CaptureCallback  stm32f0xx_hal_tim.o
    0x080037f4   0x080037f4   0x00000162   Code   RO         1508    i.HAL_TIM_IRQHandler  stm32f0xx_hal_tim.o
    0x08003956   0x08003956   0x00000002   Code   RO         1511    i.HAL_TIM_OC_DelayElapsedCallback  stm32f0xx_hal_tim.o
    0x08003958   0x08003958   0x00000002   Code   RO         1538    i.HAL_TIM_PWM_PulseFinishedCallback  stm32f0xx_hal_tim.o
    0x0800395a   0x0800395a   0x00000002   PAD
    0x0800395c   0x0800395c   0x0000001c   Code   RO           24    i.HAL_TIM_PeriodElapsedCallback  main.o
    0x08003978   0x08003978   0x00000002   Code   RO         1549    i.HAL_TIM_TriggerCallback  stm32f0xx_hal_tim.o
    0x0800397a   0x0800397a   0x00000002   Code   RO          856    i.HardFault_Handler  stm32f0xx_it.o
    0x0800397c   0x0800397c   0x0000002c   Code   RO          737    i.IntToUnicode      usbd_desc.o
    0x080039a8   0x080039a8   0x00000154   Code   RO           25    i.LoopElementLengths  main.o
    0x08003afc   0x08003afc   0x00000060   Code   RO           26    i.MX_ADC_Init       main.o
    0x08003b5c   0x08003b5c   0x000000c8   Code   RO           27    i.MX_GPIO_Init      main.o
    0x08003c24   0x08003c24   0x00000054   Code   RO          508    i.MX_USB_DEVICE_Init  usb_device.o
    0x08003c78   0x08003c78   0x00000028   Code   RO           28    i.Morse_CharToKey   main.o
    0x08003ca0   0x08003ca0   0x00000002   Code   RO          857    i.NMI_Handler       stm32f0xx_it.o
    0x08003ca2   0x08003ca2   0x00000002   PAD
    0x08003ca4   0x08003ca4   0x00000044   Code   RO         2821    i.NVIC_SetPriority  stm32f0xx_hal_cortex.o
    0x08003ce8   0x08003ce8   0x000000a0   Code   RO           29    i.OnUsbDataRx       main.o
    0x08003d88   0x08003d88   0x00000338   Code   RO         1057    i.PCD_EP_ISR_Handler  stm32f0xx_hal_pcd.o
    0x080040c0   0x080040c0   0x0000002a   Code   RO         1058    i.PCD_ReadPMA       stm32f0xx_hal_pcd.o
    0x080040ea   0x080040ea   0x00000026   Code   RO         1059    i.PCD_WritePMA      stm32f0xx_hal_pcd.o
    0x08004110   0x08004110   0x00000002   Code   RO          858    i.PendSV_Handler    stm32f0xx_it.o
    0x08004112   0x08004112   0x00000002   PAD
    0x08004114   0x08004114   0x00000034   Code   RO           30    i.PotValueWPM       main.o
    0x08004148   0x08004148   0x000000d8   Code   RO           31    i.PttKey            main.o
    0x08004220   0x08004220   0x00000028   Code   RO           32    i.PttUnkey          main.o
    0x08004248   0x08004248   0x00000064   Code   RO           33    i.RemoveFromSendBuffer  main.o
    0x080042ac   0x080042ac   0x00000002   Code   RO          859    i.SVC_Handler       stm32f0xx_it.o
    0x080042ae   0x080042ae   0x00000002   PAD
    0x080042b0   0x080042b0   0x0000006c   Code   RO           34    i.SaveDefaultConfig  main.o
    0x0800431c   0x0800431c   0x00000108   Code   RO           35    i.SendChar          main.o
    0x08004424   0x08004424   0x00000124   Code   RO           36    i.SendDash          main.o
    0x08004548   0x08004548   0x000000e8   Code   RO           37    i.SendDot           main.o
    0x08004630   0x08004630   0x00000144   Code   RO           38    i.ServiceDotDashBuffers  main.o
    0x08004774   0x08004774   0x000002bc   Code   RO           39    i.ServiceSendBuffer  main.o
    0x08004a30   0x08004a30   0x000005f4   Code   RO           40    i.ServiceWinkey     main.o
    0x08005024   0x08005024   0x00000034   Code   RO           41    i.ServiceWinkeyBreakin  main.o
    0x08005058   0x08005058   0x0000001c   Code   RO           42    i.SetAutoLed        main.o
    0x08005074   0x08005074   0x00000048   Code   RO           43    i.SetCh             main.o
    0x080050bc   0x080050bc   0x0000002c   Code   RO           44    i.SetCw             main.o
    0x080050e8   0x080050e8   0x0000001c   Code   RO           45    i.SetTxLed          main.o
    0x08005104   0x08005104   0x00000048   Code   RO           46    i.SpeedSet          main.o
    0x0800514c   0x0800514c   0x00000060   Code   RO           47    i.StoreSetting      main.o
    0x080051ac   0x080051ac   0x00000008   Code   RO          860    i.SysTick_Handler   stm32f0xx_it.o
    0x080051b4   0x080051b4   0x0000005a   Code   RO           48    i.SystemClock_Config  main.o
    0x0800520e   0x0800520e   0x00000002   PAD
    0x08005210   0x08005210   0x0000005c   Code   RO         3228    i.SystemInit        system_stm32f0xx.o
    0x0800526c   0x0800526c   0x00000010   Code   RO          861    i.TIM14_IRQHandler  stm32f0xx_it.o
    0x0800527c   0x0800527c   0x00000084   Code   RO         1550    i.TIM_Base_SetConfig  stm32f0xx_hal_tim.o
    0x08005300   0x08005300   0x00000050   Code   RO           49    i.TxKey             main.o
    0x08005350   0x08005350   0x0000001e   Code   RO         3512    i.USBD_CDC_DataIn   usbd_cdc.o
    0x0800536e   0x0800536e   0x00000040   Code   RO         3513    i.USBD_CDC_DataOut  usbd_cdc.o
    0x080053ae   0x080053ae   0x00000054   Code   RO         3514    i.USBD_CDC_DeInit   usbd_cdc.o
    0x08005402   0x08005402   0x0000002c   Code   RO         3515    i.USBD_CDC_EP0_RxReady  usbd_cdc.o
    0x0800542e   0x0800542e   0x00000002   PAD
    0x08005430   0x08005430   0x0000000c   Code   RO         3516    i.USBD_CDC_GetDeviceQualifierDescriptor  usbd_cdc.o
    0x0800543c   0x0800543c   0x0000000c   Code   RO         3517    i.USBD_CDC_GetFSCfgDesc  usbd_cdc.o
    0x08005448   0x08005448   0x0000000c   Code   RO         3518    i.USBD_CDC_GetHSCfgDesc  usbd_cdc.o
    0x08005454   0x08005454   0x0000000c   Code   RO         3519    i.USBD_CDC_GetOtherSpeedCfgDesc  usbd_cdc.o
    0x08005460   0x08005460   0x000000de   Code   RO         3520    i.USBD_CDC_Init     usbd_cdc.o
    0x0800553e   0x0800553e   0x0000004a   Code   RO         3521    i.USBD_CDC_ReceivePacket  usbd_cdc.o
    0x08005588   0x08005588   0x00000014   Code   RO         3522    i.USBD_CDC_RegisterInterface  usbd_cdc.o
    0x0800559c   0x0800559c   0x00000014   Code   RO         3523    i.USBD_CDC_SetRxBuffer  usbd_cdc.o
    0x080055b0   0x080055b0   0x00000016   Code   RO         3524    i.USBD_CDC_SetTxBuffer  usbd_cdc.o
    0x080055c6   0x080055c6   0x00000002   PAD
    0x080055c8   0x080055c8   0x00000078   Code   RO         3525    i.USBD_CDC_Setup    usbd_cdc.o
    0x08005640   0x08005640   0x0000003c   Code   RO         3526    i.USBD_CDC_TransmitPacket  usbd_cdc.o
    0x0800567c   0x0800567c   0x00000010   Code   RO         3261    i.USBD_ClrClassConfig  usbd_core.o
    0x0800568c   0x0800568c   0x00000010   Code   RO         3456    i.USBD_CtlContinueRx  usbd_ioreq.o
    0x0800569c   0x0800569c   0x00000010   Code   RO         3457    i.USBD_CtlContinueSendData  usbd_ioreq.o
    0x080056ac   0x080056ac   0x00000014   Code   RO         3395    i.USBD_CtlError     usbd_ctlreq.o
    0x080056c0   0x080056c0   0x00000020   Code   RO         3458    i.USBD_CtlPrepareRx  usbd_ioreq.o
    0x080056e0   0x080056e0   0x00000018   Code   RO         3459    i.USBD_CtlReceiveStatus  usbd_ioreq.o
    0x080056f8   0x080056f8   0x0000001c   Code   RO         3460    i.USBD_CtlSendData  usbd_ioreq.o
    0x08005714   0x08005714   0x00000018   Code   RO         3461    i.USBD_CtlSendStatus  usbd_ioreq.o
    0x0800572c   0x0800572c   0x00000020   Code   RO          738    i.USBD_FS_ConfigStrDescriptor  usbd_desc.o
    0x0800574c   0x0800574c   0x0000000c   Code   RO          739    i.USBD_FS_DeviceDescriptor  usbd_desc.o
    0x08005758   0x08005758   0x00000024   Code   RO          740    i.USBD_FS_InterfaceStrDescriptor  usbd_desc.o
    0x0800577c   0x0800577c   0x0000000c   Code   RO          741    i.USBD_FS_LangIDStrDescriptor  usbd_desc.o
    0x08005788   0x08005788   0x00000018   Code   RO          742    i.USBD_FS_ManufacturerStrDescriptor  usbd_desc.o
    0x080057a0   0x080057a0   0x00000020   Code   RO          743    i.USBD_FS_ProductStrDescriptor  usbd_desc.o
    0x080057c0   0x080057c0   0x00000034   Code   RO          744    i.USBD_FS_SerialStrDescriptor  usbd_desc.o
    0x080057f4   0x080057f4   0x000000e0   Code   RO         3396    i.USBD_GetDescriptor  usbd_ctlreq.o
    0x080058d4   0x080058d4   0x00000044   Code   RO         3397    i.USBD_GetString    usbd_ctlreq.o
    0x08005918   0x08005918   0x00000018   Code   RO          548    i.USBD_Get_USB_Status  usbd_conf.o
    0x08005930   0x08005930   0x00000032   Code   RO         3263    i.USBD_Init         usbd_core.o
    0x08005962   0x08005962   0x00000014   Code   RO          549    i.USBD_LL_ClearStallEP  usbd_conf.o
    0x08005976   0x08005976   0x00000014   Code   RO          550    i.USBD_LL_CloseEP   usbd_conf.o
    0x0800598a   0x0800598a   0x000000b6   Code   RO         3264    i.USBD_LL_DataInStage  usbd_core.o
    0x08005a40   0x08005a40   0x00000074   Code   RO         3265    i.USBD_LL_DataOutStage  usbd_core.o
    0x08005ab4   0x08005ab4   0x00000010   Code   RO          554    i.USBD_LL_GetRxDataSize  usbd_conf.o
    0x08005ac4   0x08005ac4   0x000000b0   Code   RO          555    i.USBD_LL_Init      usbd_conf.o
    0x08005b74   0x08005b74   0x00000024   Code   RO          556    i.USBD_LL_IsStallEP  usbd_conf.o
    0x08005b98   0x08005b98   0x0000001a   Code   RO          557    i.USBD_LL_OpenEP    usbd_conf.o
    0x08005bb2   0x08005bb2   0x00000014   Code   RO          558    i.USBD_LL_PrepareReceive  usbd_conf.o
    0x08005bc6   0x08005bc6   0x00000046   Code   RO         3270    i.USBD_LL_Reset     usbd_core.o
    0x08005c0c   0x08005c0c   0x0000000c   Code   RO         3271    i.USBD_LL_Resume    usbd_core.o
    0x08005c18   0x08005c18   0x0000001e   Code   RO         3272    i.USBD_LL_SOF       usbd_core.o
    0x08005c36   0x08005c36   0x00000006   Code   RO         3273    i.USBD_LL_SetSpeed  usbd_core.o
    0x08005c3c   0x08005c3c   0x00000014   Code   RO          559    i.USBD_LL_SetUSBAddress  usbd_conf.o
    0x08005c50   0x08005c50   0x0000005e   Code   RO         3274    i.USBD_LL_SetupStage  usbd_core.o
    0x08005cae   0x08005cae   0x00000014   Code   RO          560    i.USBD_LL_StallEP   usbd_conf.o
    0x08005cc2   0x08005cc2   0x00000014   Code   RO          561    i.USBD_LL_Start     usbd_conf.o
    0x08005cd6   0x08005cd6   0x00000010   Code   RO         3275    i.USBD_LL_Suspend   usbd_core.o
    0x08005ce6   0x08005ce6   0x00000014   Code   RO          563    i.USBD_LL_Transmit  usbd_conf.o
    0x08005cfa   0x08005cfa   0x00000028   Code   RO         3398    i.USBD_ParseSetupRequest  usbd_ctlreq.o
    0x08005d22   0x08005d22   0x00000016   Code   RO         3276    i.USBD_RegisterClass  usbd_core.o
    0x08005d38   0x08005d38   0x0000001c   Code   RO         3278    i.USBD_SetClassConfig  usbd_core.o
    0x08005d54   0x08005d54   0x00000070   Code   RO         3399    i.USBD_SetConfig    usbd_ctlreq.o
    0x08005dc4   0x08005dc4   0x0000000a   Code   RO         3279    i.USBD_Start        usbd_core.o
    0x08005dce   0x08005dce   0x000000ee   Code   RO         3400    i.USBD_StdDevReq    usbd_ctlreq.o
    0x08005ebc   0x08005ebc   0x000000ea   Code   RO         3401    i.USBD_StdEPReq     usbd_ctlreq.o
    0x08005fa6   0x08005fa6   0x0000003a   Code   RO         3402    i.USBD_StdItfReq    usbd_ctlreq.o
    0x08005fe0   0x08005fe0   0x00000002   Code   RO          564    i.USBD_static_free  usbd_conf.o
    0x08005fe2   0x08005fe2   0x00000002   PAD
    0x08005fe4   0x08005fe4   0x00000008   Code   RO          565    i.USBD_static_malloc  usbd_conf.o
    0x08005fec   0x08005fec   0x00000010   Code   RO          862    i.USB_IRQHandler    stm32f0xx_it.o
    0x08005ffc   0x08005ffc   0x00000024   Code   RO          967    i.USB_print         commands.o
    0x08006020   0x08006020   0x000000f4   Code   RO           50    i.WinkeyAdminGetValuesCommand  main.o
    0x08006114   0x08006114   0x00000030   Code   RO           51    i.WinkeyDashToDotRatioCommand  main.o
    0x08006144   0x08006144   0x00000014   Code   RO           53    i.WinkeyFarnsworthCommand  main.o
    0x08006158   0x08006158   0x00000080   Code   RO           56    i.WinkeyLoadSettingsCommand  main.o
    0x080061d8   0x080061d8   0x0000002a   Code   RO           57    i.WinkeyPortWrite   main.o
    0x08006202   0x08006202   0x00000002   PAD
    0x08006204   0x08006204   0x00000010   Code   RO           58    i.WinkeyPttTimesParm1Command  main.o
    0x08006214   0x08006214   0x00000030   Code   RO           59    i.WinkeyPttTimesParm2Command  main.o
    0x08006244   0x08006244   0x00000064   Code   RO           60    i.WinkeySetPinconfigCommand  main.o
    0x080062a8   0x080062a8   0x00000010   Code   RO           62    i.WinkeySetPotParm2Command  main.o
    0x080062b8   0x080062b8   0x0000002c   Code   RO           63    i.WinkeySetPotParm3Command  main.o
    0x080062e4   0x080062e4   0x0000007c   Code   RO           64    i.WinkeySetmodeCommand  main.o
    0x08006360   0x08006360   0x0000002c   Code   RO           66    i.WinkeyUnbufferedSpeedCommand  main.o
    0x0800638c   0x0800638c   0x00000014   Code   RO           67    i.WinkeyWeightingCommand  main.o
    0x080063a0   0x080063a0   0x00000034   Code   RO         3729    i.__0snprintf$3     mc_p.l(printf3.o)
    0x080063d4   0x080063d4   0x00000028   Code   RO         3730    i.__0sprintf$3      mc_p.l(printf3.o)
    0x080063fc   0x080063fc   0x0000002e   Code   RO         3969    i.__ARM_clz         mf_p.l(depilogue.o)
    0x0800642a   0x0800642a   0x0000001a   Code   RO          369    i.__ARM_common_switch8  main.o
    0x08006444   0x08006444   0x00000008   Code   RO         3953    i.__aeabi_errno_addr  mc_p.l(errno.o)
    0x0800644c   0x0800644c   0x0000000c   Code   RO         3954    i.__read_errno      mc_p.l(errno.o)
    0x08006458   0x08006458   0x0000000e   Code   RO         4028    i.__scatterload_copy  mc_p.l(handlers.o)
    0x08006466   0x08006466   0x00000002   Code   RO         4029    i.__scatterload_null  mc_p.l(handlers.o)
    0x08006468   0x08006468   0x0000000e   Code   RO         4030    i.__scatterload_zeroinit  mc_p.l(handlers.o)
    0x08006476   0x08006476   0x00000002   PAD
    0x08006478   0x08006478   0x0000000c   Code   RO         3955    i.__set_errno       mc_p.l(errno.o)
    0x08006484   0x08006484   0x0000000e   Code   RO         4010    i._is_digit         mc_p.l(scanf_fp.o)
    0x08006492   0x08006492   0x00000002   PAD
    0x08006494   0x08006494   0x000001cc   Code   RO         3735    i._printf_core      mc_p.l(printf3.o)
    0x08006660   0x08006660   0x00000016   Code   RO         3736    i._snputc           mc_p.l(printf3.o)
    0x08006676   0x08006676   0x0000000a   Code   RO         3737    i._sputc            mc_p.l(printf3.o)
    0x08006680   0x08006680   0x0000002a   Code   RO         3613    i.atof              m_ps.l(atof.o)
    0x080066aa   0x080066aa   0x00000002   PAD
    0x080066ac   0x080066ac   0x00000070   Code   RO          968    i.cmd_chrev         commands.o
    0x0800671c   0x0800671c   0x00000064   Code   RO          969    i.cmd_cwrev         commands.o
    0x08006780   0x08006780   0x00000064   Code   RO          970    i.cmd_delay         commands.o
    0x080067e4   0x080067e4   0x00000068   Code   RO          971    i.cmd_keyreverse    commands.o
    0x0800684c   0x0800684c   0x00000358   Code   RO           68    i.convert_cw_number_to_ascii  main.o
    0x08006ba4   0x08006ba4   0x0000020c   Code   RO           70    i.main              main.o
    0x08006db0   0x08006db0   0x00000018   Code   RO           71    i.map               main.o
    0x08006dc8   0x08006dc8   0x0000001a   Code   RO          972    i.strupr            commands.o
    0x08006de2   0x08006de2   0x0000016c   Data   RO           75    .constdata          main.o
    0x08006f4e   0x08006f4e   0x00000002   PAD
    0x08006f50   0x08006f50   0x00000078   Data   RO          973    .constdata          commands.o
    0x08006fc8   0x08006fc8   0x00000010   Data   RO         3229    .constdata          system_stm32f0xx.o
    0x08006fd8   0x08006fd8   0x00000081   Data   RO         3981    .constdata          mc_p.l(ctype_o.o)
    0x08007059   0x08007059   0x00000003   PAD
    0x0800705c   0x0800705c   0x00000004   Data   RO         3982    .constdata          mc_p.l(ctype_o.o)
    0x08007060   0x08007060   0x00000123   Data   RO          974    .conststring        commands.o
    0x08007183   0x08007183   0x00000001   PAD
    0x08007184   0x08007184   0x00000020   Data   RO         4026    Region$$Table       anon$$obj.o


    Execution Region RW_IRAM1 (Exec base: 0x20000000, Load base: 0x080071a4, Size: 0x00001598, Max: 0x00001800, ABSOLUTE, COMPRESSED[0x00000108])

    Exec Addr    Load Addr    Size         Type   Attr      Idx    E Section Name        Object

    0x20000000   COMPRESSED   0x00000088   Data   RW           76    .data               main.o
    0x20000088   COMPRESSED   0x0000001c   Data   RW          746    .data               usbd_desc.o
    0x200000a4   COMPRESSED   0x00000032   Data   RW          747    .data               usbd_desc.o
    0x200000d6   COMPRESSED   0x00000002   PAD
    0x200000d8   COMPRESSED   0x00000010   Data   RW          812    .data               usbd_cdc_if.o
    0x200000e8   COMPRESSED   0x00000002   Data   RW          813    .data               usbd_cdc_if.o
    0x200000ea   COMPRESSED   0x00000002   PAD
    0x200000ec   COMPRESSED   0x00000004   Data   RW          975    .data               commands.o
    0x200000f0   COMPRESSED   0x00000004   Data   RW         2534    .data               stm32f0xx_hal.o
    0x200000f4   COMPRESSED   0x00000004   Data   RW         3231    .data               system_stm32f0xx.o
    0x200000f8   COMPRESSED   0x00000001   Data   RW         3403    .data               usbd_ctlreq.o
    0x200000f9   COMPRESSED   0x00000003   PAD
    0x200000fc   COMPRESSED   0x000001bd   Data   RW         3527    .data               usbd_cdc.o
    0x200002b9   COMPRESSED   0x00000003   PAD
    0x200002bc   COMPRESSED   0x00000038   Data   RW         3528    .data               usbd_cdc.o
    0x200002f4   COMPRESSED   0x00000004   Data   RW         3956    .data               mc_p.l(errno.o)
    0x200002f8        -       0x000001d4   Zero   RW           73    .bss                main.o
    0x200004cc        -       0x00000044   Zero   RW           74    .bss                main.o
    0x20000510        -       0x00000224   Zero   RW          509    .bss                usb_device.o
    0x20000734        -       0x00000440   Zero   RW          566    .bss                usbd_conf.o
    0x20000b74        -       0x00000200   Zero   RW          745    .bss                usbd_desc.o
    0x20000d74        -       0x00000400   Zero   RW          811    .bss                usbd_cdc_if.o
    0x20001174   COMPRESSED   0x00000004   PAD
    0x20001178        -       0x00000020   Zero   RW         3071    .bss                stm32f0xx_hal_flash.o
    0x20001198        -       0x00000400   Zero   RW            1    STACK               startup_stm32f042x6.o



  Load Region LR$$.ARM.__AT_0x08007C00 (Base: 0x08007c00, Size: 0x00000000, Max: 0x00000030, ABSOLUTE)

    Execution Region ER$$.ARM.__AT_0x08007C00 (Exec base: 0x08007c00, Load base: 0x08007c00, Size: 0x00000030, Max: 0x00000030, ABSOLUTE, UNINIT)

    Exec Addr    Load Addr    Size         Type   Attr      Idx    E Section Name        Object

    0x08007c00        -       0x00000030   Zero   RW           72    .ARM.__AT_0x08007C00  main.o


==============================================================================

Image component sizes


      Code (inc. data)   RO Data    RW Data    ZI Data      Debug   Object Name

       890        254        411          4          0       6205   commands.o
      8984        840        364        136        584     515563   main.o
        88         38        192          0       1024        624   startup_stm32f042x6.o
        94         18          0          4          0       2923   stm32f0xx_hal.o
      1408         52          0          0          0       8933   stm32f0xx_hal_adc.o
       176          0          0          0          0       1338   stm32f0xx_hal_adc_ex.o
       172         34          0          0          0       9340   stm32f0xx_hal_cortex.o
       470         14          0          0          0       4539   stm32f0xx_hal_dma.o
       348         56          0          0         32       4538   stm32f0xx_hal_flash.o
       232         30          0          0          0       2941   stm32f0xx_hal_flash_ex.o
       338         22          0          0          0       2779   stm32f0xx_hal_gpio.o
       284         38          0          0          0       2098   stm32f0xx_hal_msp.o
      3268        146          0          0          0      13301   stm32f0xx_hal_pcd.o
        58          0          0          0          0       1194   stm32f0xx_hal_pcd_ex.o
      1472         90          0          0          0       4494   stm32f0xx_hal_rcc.o
       268         14          0          0          0       1444   stm32f0xx_hal_rcc_ex.o
       568         20          0          0          0       5989   stm32f0xx_hal_tim.o
         4          0          0          0          0       1482   stm32f0xx_hal_tim_ex.o
        64         18          0          0          0       3262   stm32f0xx_it.o
        92         14         16          4          0       1071   system_stm32f0xx.o
        84         16          0          0        548        676   usb_device.o
       808         20          0        501          0      12498   usbd_cdc.o
       288         32          0         18       1024       4119   usbd_cdc_if.o
       696         38          0          0       1088      12494   usbd_conf.o
       652          0          0          0          0       8904   usbd_core.o
       994         34          0          1          0       7580   usbd_ctlreq.o
       244         76          0         78        512       5409   usbd_desc.o
       140          0          0          0          0       4168   usbd_ioreq.o

    ----------------------------------------------------------------------
     23218       1914       1018        756       4816     649906   Object Totals
         0          0         32          0          0          0   (incl. Generated)
        34          0          3         10          4          0   (incl. Padding)

    ----------------------------------------------------------------------

      Code (inc. data)   RO Data    RW Data    ZI Data      Debug   Library Member Name

        42          0          0          0          0         76   atof.o
        86          0          0          0          0          0   __dczerorl2.o
        30          0          0          0          0         60   _chval.o
        68          0          0          0          0         76   _sgetc.o
       166          0          0          0          0         84   _strtoul.o
        26          0          0          0          0         72   atoi.o
         8          4        133          0          0         60   ctype_o.o
         0          0          0          0          0          0   entry.o
         0          0          0          0          0          0   entry10a.o
         0          0          0          0          0          0   entry11a.o
         8          4          0          0          0          0   entry2.o
         4          0          0          0          0          0   entry5.o
         0          0          0          0          0          0   entry7b.o
         0          0          0          0          0          0   entry8b.o
         8          4          0          0          0          0   entry9a.o
        32         16          0          4          0        180   errno.o
        30          0          0          0          0          0   handlers.o
        40          0          0          0          0         72   idiv.o
        36          8          0          0          0         68   init.o
        18          0          0          0          0         68   isspace_o.o
         0          0          0          0          0          0   iusefp.o
       122          0          0          0          0         84   llmul.o
        32          0          0          0          0         68   llshl.o
        38          0          0          0          0         68   llsshr.o
        34          0          0          0          0         68   llushr.o
        36          0          0          0          0         60   memcpya.o
        36          0          0          0          0        100   memseta.o
       584         14          0          0          0        372   printf3.o
       898         12          0          0          0        184   scanf_fp.o
        20          0          0          0          0         60   strchr.o
        28          0          0          0          0         68   strcmp.o
        14          0          0          0          0         60   strlen.o
       164         16          0          0          0        120   strtod.o
       112          4          0          0          0         76   strtol.o
        12          0          0          0          0         60   toupper.o
        44          0          0          0          0         72   uidiv.o
        56          0          0          0          0         68   d2f.o
       356          4          0          0          0        140   dadd.o
       240          6          0          0          0         84   ddiv.o
       236          0          0          0          0        216   depilogue.o
        60         10          0          0          0         68   dfixui.o
        28          4          0          0          0         68   dfltui.o
        28          6          0          0          0         68   dfltul.o
       208          6          0          0          0         88   dmul.o
        40          0          0          0          0         60   f2d.o
       178          0          0          0          0        108   fadd.o
       124          0          0          0          0         72   fdiv.o
       130          0          0          0          0        144   fepilogue.o
        40          0          0          0          0         60   ffixui.o
        48          0          0          0          0         68   ffixul.o
        22          0          0          0          0         68   fflti.o
        14          0          0          0          0         68   ffltui.o
       122          0          0          0          0         72   fmul.o

    ----------------------------------------------------------------------
      4720        118        136          4          0       3856   Library Totals
        14          0          3          0          0          0   (incl. Padding)

    ----------------------------------------------------------------------

      Code (inc. data)   RO Data    RW Data    ZI Data      Debug   Library Name

        42          0          0          0          0         76   m_ps.l
      2734         82        133          4          0       2260   mc_p.l
      1930         36          0          0          0       1520   mf_p.l

    ----------------------------------------------------------------------
      4720        118        136          4          0       3856   Library Totals

    ----------------------------------------------------------------------

==============================================================================


      Code (inc. data)   RO Data    RW Data    ZI Data      Debug   

     27938       2032       1154        760       4816     642238   Grand Totals
     27938       2032       1154        264       4816     642238   ELF Image Totals (compressed)
     27938       2032       1154        264          0          0   ROM Totals

==============================================================================

    Total RO  Size (Code + RO Data)                29092 (  28.41kB)
    Total RW  Size (RW Data + ZI Data)              5576 (   5.45kB)
    Total ROM Size (Code + RO Data + RW Data)      29356 (  28.67kB)

==============================================================================

